
Merging program properties

Removed property 0xc0000002 to merge /usr/lib/gcc/x86_64-pc-linux-gnu/15.1.1/../../../../lib/crt1.o (0x3) and /home/lmg/Desktop/AEAgle/apps/demo-riot/bin/native64/application_demo-riot/main.o (not found)
Updated property 0xc0010002 (0x1) to merge /usr/lib/gcc/x86_64-pc-linux-gnu/15.1.1/../../../../lib/crt1.o (0x1) and /home/lmg/Desktop/AEAgle/apps/demo-riot/bin/native64/core_lib/atomic_sync.o (0x0)
Updated property 0xc0010001 (0x9) to merge /usr/lib/gcc/x86_64-pc-linux-gnu/15.1.1/../../../../lib/crt1.o (0x1) and /home/lmg/Desktop/AEAgle/apps/demo-riot/bin/native64/core_lib/ringbuffer.o (0x9)
Updated property 0xc0010001 (0x9) to merge /usr/lib/gcc/x86_64-pc-linux-gnu/15.1.1/../../../../lib/crt1.o (0x9) and /home/lmg/Desktop/AEAgle/apps/demo-riot/bin/native64/core_lib/rmutex.o (0x1)
Updated property 0xc0010001 (0x9) to merge /usr/lib/gcc/x86_64-pc-linux-gnu/15.1.1/../../../../lib/crt1.o (0x9) and /home/lmg/Desktop/AEAgle/apps/demo-riot/bin/native64/core/msg.o (0x1)
Updated property 0xc0010001 (0x9) to merge /usr/lib/gcc/x86_64-pc-linux-gnu/15.1.1/../../../../lib/crt1.o (0x9) and /home/lmg/Desktop/AEAgle/apps/demo-riot/bin/native64/core/mutex.o (0x1)
Updated property 0xc0010001 (0x9) to merge /usr/lib/gcc/x86_64-pc-linux-gnu/15.1.1/../../../../lib/crt1.o (0x9) and /home/lmg/Desktop/AEAgle/apps/demo-riot/bin/native64/core/sched.o (0x1)
Updated property 0xc0010001 (0x9) to merge /usr/lib/gcc/x86_64-pc-linux-gnu/15.1.1/../../../../lib/crt1.o (0x9) and /home/lmg/Desktop/AEAgle/apps/demo-riot/bin/native64/core/thread.o (0x1)
Updated property 0xc0010001 (0x9) to merge /usr/lib/gcc/x86_64-pc-linux-gnu/15.1.1/../../../../lib/crt1.o (0x9) and /home/lmg/Desktop/AEAgle/apps/demo-riot/bin/native64/cpu/async_read.o (0x1)
Updated property 0xc0010001 (0x9) to merge /usr/lib/gcc/x86_64-pc-linux-gnu/15.1.1/../../../../lib/crt1.o (0x9) and /home/lmg/Desktop/AEAgle/apps/demo-riot/bin/native64/cpu/cpu.o (0x1)
Updated property 0xc0010001 (0x9) to merge /usr/lib/gcc/x86_64-pc-linux-gnu/15.1.1/../../../../lib/crt1.o (0x9) and /home/lmg/Desktop/AEAgle/apps/demo-riot/bin/native64/cpu/native.o (0x1)
Updated property 0xc0010001 (0x9) to merge /usr/lib/gcc/x86_64-pc-linux-gnu/15.1.1/../../../../lib/crt1.o (0x9) and /home/lmg/Desktop/AEAgle/apps/demo-riot/bin/native64/cpu/panic.o (0x1)
Updated property 0xc0010001 (0x9) to merge /usr/lib/gcc/x86_64-pc-linux-gnu/15.1.1/../../../../lib/crt1.o (0x9) and /home/lmg/Desktop/AEAgle/apps/demo-riot/bin/native64/cpu/startup.o (0x1)
Updated property 0xc0010001 (0x9) to merge /usr/lib/gcc/x86_64-pc-linux-gnu/15.1.1/../../../../lib/crt1.o (0x9) and /home/lmg/Desktop/AEAgle/apps/demo-riot/bin/native64/native_drivers/native-led.o (0x1)
Updated property 0xc0010001 (0x9) to merge /usr/lib/gcc/x86_64-pc-linux-gnu/15.1.1/../../../../lib/crt1.o (0x9) and /home/lmg/Desktop/AEAgle/apps/demo-riot/bin/native64/native_drivers/native-qdec.o (0x1)
Updated property 0xc0010002 (0x1) to merge /usr/lib/gcc/x86_64-pc-linux-gnu/15.1.1/../../../../lib/crt1.o (0x1) and /home/lmg/Desktop/AEAgle/apps/demo-riot/bin/native64/native_drivers/native-qdec.o (0x0)
Updated property 0xc0010001 (0x9) to merge /usr/lib/gcc/x86_64-pc-linux-gnu/15.1.1/../../../../lib/crt1.o (0x9) and /home/lmg/Desktop/AEAgle/apps/demo-riot/bin/native64/periph_common/gpio.o (0x1)
Updated property 0xc0010001 (0x9) to merge /usr/lib/gcc/x86_64-pc-linux-gnu/15.1.1/../../../../lib/crt1.o (0x9) and /home/lmg/Desktop/AEAgle/apps/demo-riot/bin/native64/periph_common/init_buttons.o (0x1)
Updated property 0xc0010001 (0x9) to merge /usr/lib/gcc/x86_64-pc-linux-gnu/15.1.1/../../../../lib/crt1.o (0x9) and /home/lmg/Desktop/AEAgle/apps/demo-riot/bin/native64/periph_common/init_leds.o (0x1)
Updated property 0xc0010001 (0x9) to merge /usr/lib/gcc/x86_64-pc-linux-gnu/15.1.1/../../../../lib/crt1.o (0x9) and /home/lmg/Desktop/AEAgle/apps/demo-riot/bin/native64/periph_common/init.o (0x1)
Updated property 0xc0010001 (0x9) to merge /usr/lib/gcc/x86_64-pc-linux-gnu/15.1.1/../../../../lib/crt1.o (0x9) and /home/lmg/Desktop/AEAgle/apps/demo-riot/bin/native64/periph_common/pm.o (0x1)
Updated property 0xc0010002 (0x1) to merge /usr/lib/gcc/x86_64-pc-linux-gnu/15.1.1/../../../../lib/crt1.o (0x1) and /home/lmg/Desktop/AEAgle/apps/demo-riot/bin/native64/periph_common/pm.o (0x0)
Updated property 0xc0010001 (0x9) to merge /usr/lib/gcc/x86_64-pc-linux-gnu/15.1.1/../../../../lib/crt1.o (0x9) and /home/lmg/Desktop/AEAgle/apps/demo-riot/bin/native64/periph/gpio_linux.o (0x1)
Updated property 0xc0010001 (0x9) to merge /usr/lib/gcc/x86_64-pc-linux-gnu/15.1.1/../../../../lib/crt1.o (0x9) and /home/lmg/Desktop/AEAgle/apps/demo-riot/bin/native64/periph/pm.o (0x1)
Updated property 0xc0010001 (0x9) to merge /usr/lib/gcc/x86_64-pc-linux-gnu/15.1.1/../../../../lib/crt1.o (0x9) and /home/lmg/Desktop/AEAgle/apps/demo-riot/bin/native64/stdio_native/stdio_native.o (0x1)
[...]
Memory Configuration

Name             Origin             Length             Attributes
*default*        0x0000000000000000 0xffffffffffffffff

Linker script and memory map

                [!provide]                        PROVIDE (__executable_start = SEGMENT_START ("text-segment", 0x400000))
                0x0000000000400350                . = (SEGMENT_START ("text-segment", 0x400000) + SIZEOF_HEADERS)

.note.gnu.property
                0x0000000000400350       0x40
 .note.gnu.property
                0x0000000000400350       0x40 /usr/lib/gcc/x86_64-pc-linux-gnu/15.1.1/../../../../lib/crt1.o

.note.gnu.build-id
                0x0000000000400390       0x24
 *(.note.gnu.build-id)
 .note.gnu.build-id
                0x0000000000400390       0x24 /usr/lib/gcc/x86_64-pc-linux-gnu/15.1.1/../../../../lib/crt1.o

.interp         0x00000000004003b4       0x1c
 *(.interp)
 .interp        0x00000000004003b4       0x1c /usr/lib/gcc/x86_64-pc-linux-gnu/15.1.1/../../../../lib/crt1.o

.hash
 *(.hash)

.gnu.hash       0x00000000004003d0       0xe4
 *(.gnu.hash)
 .gnu.hash      0x00000000004003d0       0xe4 /usr/lib/gcc/x86_64-pc-linux-gnu/15.1.1/../../../../lib/crt1.o

.dynsym         0x00000000004004b8      0x5b8
 *(.dynsym)
 .dynsym        0x00000000004004b8      0x5b8 /usr/lib/gcc/x86_64-pc-linux-gnu/15.1.1/../../../../lib/crt1.o

.dynstr         0x0000000000400a70      0x249
 *(.dynstr)
 .dynstr        0x0000000000400a70      0x249 /usr/lib/gcc/x86_64-pc-linux-gnu/15.1.1/../../../../lib/crt1.o

.gnu.version    0x0000000000400cba       0x7a
 *(.gnu.version)
 .gnu.version   0x0000000000400cba       0x7a /usr/lib/gcc/x86_64-pc-linux-gnu/15.1.1/../../../../lib/crt1.o

.gnu.version_d  0x0000000000400d38        0x0
 *(.gnu.version_d)
 .gnu.version_d
                0x0000000000400d38        0x0 /usr/lib/gcc/x86_64-pc-linux-gnu/15.1.1/../../../../lib/crt1.o

.gnu.version_r  0x0000000000400d38       0x60
 *(.gnu.version_r)
 .gnu.version_r
                0x0000000000400d38       0x60 /usr/lib/gcc/x86_64-pc-linux-gnu/15.1.1/../../../../lib/crt1.o

.rela.dyn       0x0000000000400d98       0xc0
 *(.rela.init)
 *(.rela.text .rela.text.* .rela.gnu.linkonce.t.*)
 .rela.text.filter_daemonize_argv
                0x0000000000400d98        0x0 /usr/lib/gcc/x86_64-pc-linux-gnu/15.1.1/../../../../lib/crt1.o
 .rela.text.startup
                0x0000000000400d98        0x0 /usr/lib/gcc/x86_64-pc-linux-gnu/15.1.1/../../../../lib/crt1.o
 .rela.text.getchar
                0x0000000000400d98        0x0 /usr/lib/gcc/x86_64-pc-linux-gnu/15.1.1/../../../../lib/crt1.o
 .rela.text.vprintf
                0x0000000000400d98        0x0 /usr/lib/gcc/x86_64-pc-linux-gnu/15.1.1/../../../../lib/crt1.o
 .rela.text.printf
                0x0000000000400d98        0x0 /usr/lib/gcc/x86_64-pc-linux-gnu/15.1.1/../../../../lib/crt1.o
 *(.rela.fini)
 *(.rela.rodata .rela.rodata.* .rela.gnu.linkonce.r.*)
 *(.rela.data .rela.data.* .rela.gnu.linkonce.d.*)
 .rela.data.rel.ro
                0x0000000000400d98        0x0 /usr/lib/gcc/x86_64-pc-linux-gnu/15.1.1/../../../../lib/crt1.o
 *(.rela.tdata .rela.tdata.* .rela.gnu.linkonce.td.*)
 *(.rela.tbss .rela.tbss.* .rela.gnu.linkonce.tb.*)
 *(.rela.ctors)
 *(.rela.dtors)
 *(.rela.got)
 .rela.got      0x0000000000400d98       0x60 /usr/lib/gcc/x86_64-pc-linux-gnu/15.1.1/../../../../lib/crt1.o
 *(.rela.bss .rela.bss.* .rela.gnu.linkonce.b.*)
 .rela.bss      0x0000000000400df8       0x60 /usr/lib/gcc/x86_64-pc-linux-gnu/15.1.1/../../../../lib/crt1.o
 *(.rela.ldata .rela.ldata.* .rela.gnu.linkonce.l.*)
 *(.rela.lbss .rela.lbss.* .rela.gnu.linkonce.lb.*)
 *(.rela.lrodata .rela.lrodata.* .rela.gnu.linkonce.lr.*)
 *(.rela.ifunc)

.rela.plt       0x0000000000400e58      0x2a0
 *(.rela.plt)
 .rela.plt      0x0000000000400e58      0x2a0 /usr/lib/gcc/x86_64-pc-linux-gnu/15.1.1/../../../../lib/crt1.o
                [!provide]                        PROVIDE (__rela_iplt_start = .)
 *(.rela.iplt)
 .rela.iplt     0x00000000004010f8        0x0 /usr/lib/gcc/x86_64-pc-linux-gnu/15.1.1/../../../../lib/crt1.o
                [!provide]                        PROVIDE (__rela_iplt_end = .)

.relr.dyn
 *(.relr.dyn)
                0x0000000000402000                . = ALIGN (CONSTANT (MAXPAGESIZE))

.init           0x0000000000402000       0x1b
 *(SORT_NONE(.init))
 .init          0x0000000000402000       0x16 /usr/lib/gcc/x86_64-pc-linux-gnu/15.1.1/../../../../lib/crti.o
                0x0000000000402000                _init
 .init          0x0000000000402016        0x5 /usr/lib/gcc/x86_64-pc-linux-gnu/15.1.1/../../../../lib/crtn.o

.plt            0x0000000000402020      0x1d0
 *(.plt)
 .plt           0x0000000000402020      0x1d0 /usr/lib/gcc/x86_64-pc-linux-gnu/15.1.1/../../../../lib/crt1.o
                0x0000000000402030                getenv@@GLIBC_2.2.5
                0x0000000000402040                sigprocmask@@GLIBC_2.2.5
                0x0000000000402050                __errno_location@@GLIBC_2.2.5
                0x0000000000402060                sigaction@@GLIBC_2.2.5
                0x0000000000402070                reallocarray@@GLIBC_2.26
                0x0000000000402080                vsnprintf@@GLIBC_2.2.5
                0x0000000000402090                setenv@@GLIBC_2.2.5
                0x00000000004020a0                strlen@@GLIBC_2.2.5
                0x00000000004020b0                __stack_chk_fail@@GLIBC_2.4
                0x00000000004020c0                getopt_long@@GLIBC_2.2.5
                0x00000000004020d0                swapcontext@@GLIBC_2.2.5
                0x00000000004020e0                snprintf@@GLIBC_2.2.5
                0x00000000004020f0                strndup@@GLIBC_2.2.5
                0x0000000000402100                strcmp@@GLIBC_2.2.5
                0x0000000000402110                setcontext@@GLIBC_2.2.5
                0x0000000000402120                sigemptyset@@GLIBC_2.2.5
                0x0000000000402130                sigfillset@@GLIBC_2.2.5
                0x0000000000402140                makecontext@@GLIBC_2.2.5
                0x0000000000402150                kill@@GLIBC_2.2.5
                0x0000000000402160                __isoc23_strtol@@GLIBC_2.38
                0x0000000000402170                fileno@@GLIBC_2.2.5
                0x0000000000402180                sigdelset@@GLIBC_2.2.5
                0x0000000000402190                sysconf@@GLIBC_2.2.5
                0x00000000004021a0                dlsym@@GLIBC_2.34
                0x00000000004021b0                sigaltstack@@GLIBC_2.2.5
                0x00000000004021c0                strerror@@GLIBC_2.2.5
                0x00000000004021d0                getcontext@@GLIBC_2.2.5
                0x00000000004021e0                sigaddset@@GLIBC_2.2.5
 *(.iplt)
 .iplt          0x00000000004021f0        0x0 /usr/lib/gcc/x86_64-pc-linux-gnu/15.1.1/../../../../lib/crt1.o

.plt.got        0x00000000004021f0        0x0
 *(.plt.got)
 .plt.got       0x00000000004021f0        0x0 /usr/lib/gcc/x86_64-pc-linux-gnu/15.1.1/../../../../lib/crt1.o

.plt.sec
 *(.plt.sec)

.text           0x0000000000402200     0x3ddc
 *(.text.unlikely .text.*_unlikely .text.unlikely.*)
 *(.text.exit .text.exit.*)
 *(.text.startup .text.startup.*)
 .text.startup  0x0000000000402200      0x32b /home/lmg/Desktop/AEAgle/apps/demo-riot/bin/native64/cpu/startup.o
 *(.text.hot .text.hot.*)
 *(SORT_BY_NAME(.text.sorted.*))
 *(.text .stub .text.* .gnu.linkonce.t.*)
 *fill*         0x000000000040252b        0x5 
 .text          0x0000000000402530       0x35 /usr/lib/gcc/x86_64-pc-linux-gnu/15.1.1/../../../../lib/crt1.o
                0x0000000000402530                _start
                0x0000000000402560                _dl_relocate_static_pie
 *fill*         0x0000000000402565        0xb 
 .text          0x0000000000402570       0xa6 /usr/lib/gcc/x86_64-pc-linux-gnu/15.1.1/crtbegin.o
 .text.main     0x0000000000402616       0x6f /home/lmg/Desktop/AEAgle/apps/demo-riot/bin/native64/application_demo-riot/main.o
                0x0000000000402616                main
 .text.auto_init
                0x0000000000402685       0x65 /home/lmg/Desktop/AEAgle/apps/demo-riot/bin/native64/auto_init/auto_init.o
                0x0000000000402685                auto_init
 .text.board_init
                0x00000000004026ea       0x71 /home/lmg/Desktop/AEAgle/apps/demo-riot/bin/native64/boards_common_native/board_init.o
                0x00000000004026ea                board_init
 .text._assert_common
                0x000000000040275b       0x4a /home/lmg/Desktop/AEAgle/apps/demo-riot/bin/native64/core_lib/assert.o
 .text._assert_failure
                0x00000000004027a5       0x2a /home/lmg/Desktop/AEAgle/apps/demo-riot/bin/native64/core_lib/assert.o
                0x00000000004027a5                _assert_failure
 .text.main_trampoline
                0x00000000004027cf       0x58 /home/lmg/Desktop/AEAgle/apps/demo-riot/bin/native64/core_lib/init.o
 .text.idle_thread
                0x0000000000402827       0x1b /home/lmg/Desktop/AEAgle/apps/demo-riot/bin/native64/core_lib/init.o
 .text.kernel_init
                0x0000000000402842       0x85 /home/lmg/Desktop/AEAgle/apps/demo-riot/bin/native64/core_lib/init.o
                0x0000000000402842                kernel_init
 .text.early_init
                0x00000000004028c7       0x38 /home/lmg/Desktop/AEAgle/apps/demo-riot/bin/native64/core_lib/init.o
                0x00000000004028c7                early_init
 .text.panic_app
                0x00000000004028ff       0x2e /home/lmg/Desktop/AEAgle/apps/demo-riot/bin/native64/core_lib/panic.o
                0x00000000004028ff                panic_app
 .text.core_panic
                0x000000000040292d       0x61 /home/lmg/Desktop/AEAgle/apps/demo-riot/bin/native64/core_lib/panic.o
                0x000000000040292d                core_panic
 *fill*         0x000000000040298e        0x2 
 .text.clist_remove
                0x0000000000402990       0x92 /home/lmg/Desktop/AEAgle/apps/demo-riot/bin/native64/core/sched.o
 .text._unschedule
                0x0000000000402a22       0x6c /home/lmg/Desktop/AEAgle/apps/demo-riot/bin/native64/core/sched.o
 *fill*         0x0000000000402a8e        0x2 
 .text.sched_run
                0x0000000000402a90       0xa3 /home/lmg/Desktop/AEAgle/apps/demo-riot/bin/native64/core/sched.o
                0x0000000000402a90                sched_run
 .text.sched_set_status
                0x0000000000402b33       0xe0 /home/lmg/Desktop/AEAgle/apps/demo-riot/bin/native64/core/sched.o
                0x0000000000402b33                sched_set_status
 .text.sched_switch
                0x0000000000402c13       0x66 /home/lmg/Desktop/AEAgle/apps/demo-riot/bin/native64/core/sched.o
                0x0000000000402c13                sched_switch
 .text.sched_task_exit
                0x0000000000402c79       0x63 /home/lmg/Desktop/AEAgle/apps/demo-riot/bin/native64/core/sched.o
                0x0000000000402c79                sched_task_exit
 .text.cib_init
                0x0000000000402cdc       0x65 /home/lmg/Desktop/AEAgle/apps/demo-riot/bin/native64/core/thread.o
 .text.thread_sleep
                0x0000000000402d41       0x5f /home/lmg/Desktop/AEAgle/apps/demo-riot/bin/native64/core/thread.o
                0x0000000000402d41                thread_sleep
 .text.thread_create
                0x0000000000402da0      0x1df /home/lmg/Desktop/AEAgle/apps/demo-riot/bin/native64/core/thread.o
                0x0000000000402da0                thread_create
 *fill*         0x0000000000402f7f        0x1 
 .text._async_io_isr
                0x0000000000402f80       0xa0 /home/lmg/Desktop/AEAgle/apps/demo-riot/bin/native64/cpu/async_read.o
 .text.native_async_read_setup
                0x0000000000403020       0x3f /home/lmg/Desktop/AEAgle/apps/demo-riot/bin/native64/cpu/async_read.o
                0x0000000000403020                native_async_read_setup
 .text.native_async_read_cleanup
                0x000000000040305f       0x86 /home/lmg/Desktop/AEAgle/apps/demo-riot/bin/native64/cpu/async_read.o
                0x000000000040305f                native_async_read_cleanup
 .text._native_isr_context_make
                0x00000000004030e5       0x61 /home/lmg/Desktop/AEAgle/apps/demo-riot/bin/native64/cpu/cpu.o
 .text._expect_failure
                0x0000000000403146       0x36 /home/lmg/Desktop/AEAgle/apps/demo-riot/bin/native64/cpu/cpu.o
 .text._isr_switch_to_user
                0x000000000040317c       0x77 /home/lmg/Desktop/AEAgle/apps/demo-riot/bin/native64/cpu/cpu.o
                0x000000000040317c                _isr_switch_to_user
 .text._isr_context_switch_exit
                0x00000000004031f3       0x35 /home/lmg/Desktop/AEAgle/apps/demo-riot/bin/native64/cpu/cpu.o
                0x00000000004031f3                _isr_context_switch_exit
 .text._isr_thread_yield
                0x0000000000403228       0x2f /home/lmg/Desktop/AEAgle/apps/demo-riot/bin/native64/cpu/cpu.o
                0x0000000000403228                _isr_thread_yield
 .text.cpu_switch_context_exit
                0x0000000000403257       0x7b /home/lmg/Desktop/AEAgle/apps/demo-riot/bin/native64/cpu/cpu.o
                0x0000000000403257                cpu_switch_context_exit
 .text.thread_yield_higher
                0x00000000004032d2       0xa0 /home/lmg/Desktop/AEAgle/apps/demo-riot/bin/native64/cpu/cpu.o
                0x00000000004032d2                thread_yield_higher
 .text.native_cpu_init
                0x0000000000403372       0xbc /home/lmg/Desktop/AEAgle/apps/demo-riot/bin/native64/cpu/cpu.o
                0x0000000000403372                native_cpu_init
 .text.thread_stack_init
                0x000000000040342e      0x15c /home/lmg/Desktop/AEAgle/apps/demo-riot/bin/native64/cpu/cpu.o
                0x000000000040342e                thread_stack_init
 .text._set_sigmask
                0x000000000040358a       0xad /home/lmg/Desktop/AEAgle/apps/demo-riot/bin/native64/cpu/irq.o
 .text._native_pop_sig
                0x0000000000403637       0x8b /home/lmg/Desktop/AEAgle/apps/demo-riot/bin/native64/cpu/irq.o
 .text._native_call_sig_handlers_and_switch
                0x00000000004036c2       0x7e /home/lmg/Desktop/AEAgle/apps/demo-riot/bin/native64/cpu/irq.o
                0x00000000004036c2                _native_call_sig_handlers_and_switch
 .text._native_isr_context_make
                0x0000000000403740       0x61 /home/lmg/Desktop/AEAgle/apps/demo-riot/bin/native64/cpu/irq.o
 .text.native_signal_action
                0x00000000004037a1      0x141 /home/lmg/Desktop/AEAgle/apps/demo-riot/bin/native64/cpu/irq.o
                0x00000000004037a1                native_signal_action
 .text._set_signal_handler
                0x00000000004038e2      0x189 /home/lmg/Desktop/AEAgle/apps/demo-riot/bin/native64/cpu/irq.o
 .text.native_shutdown
                0x0000000000403a6b       0x33 /home/lmg/Desktop/AEAgle/apps/demo-riot/bin/native64/cpu/irq.o
 .text._expect_failure
                0x0000000000403a9e       0x36 /home/lmg/Desktop/AEAgle/apps/demo-riot/bin/native64/cpu/irq.o
 .text.irq_disable
                0x0000000000403ad4       0x84 /home/lmg/Desktop/AEAgle/apps/demo-riot/bin/native64/cpu/irq.o
                0x0000000000403ad4                irq_disable
 .text.irq_enable
                0x0000000000403b58       0xbd /home/lmg/Desktop/AEAgle/apps/demo-riot/bin/native64/cpu/irq.o
                0x0000000000403b58                irq_enable
 .text.irq_restore
                0x0000000000403c15       0x3f /home/lmg/Desktop/AEAgle/apps/demo-riot/bin/native64/cpu/irq.o
                0x0000000000403c15                irq_restore
 .text.irq_is_enabled
                0x0000000000403c54       0x35 /home/lmg/Desktop/AEAgle/apps/demo-riot/bin/native64/cpu/irq.o
                0x0000000000403c54                irq_is_enabled
 .text.irq_is_in
                0x0000000000403c89       0x39 /home/lmg/Desktop/AEAgle/apps/demo-riot/bin/native64/cpu/irq.o
                0x0000000000403c89                irq_is_in
 .text.native_register_interrupt
                0x0000000000403cc2       0x6a /home/lmg/Desktop/AEAgle/apps/demo-riot/bin/native64/cpu/irq.o
                0x0000000000403cc2                native_register_interrupt
 .text.native_unregister_interrupt
                0x0000000000403d2c       0x69 /home/lmg/Desktop/AEAgle/apps/demo-riot/bin/native64/cpu/irq.o
                0x0000000000403d2c                native_unregister_interrupt
 .text.native_interrupt_init
                0x0000000000403d95      0x310 /home/lmg/Desktop/AEAgle/apps/demo-riot/bin/native64/cpu/irq.o
                0x0000000000403d95                native_interrupt_init
 .text          0x00000000004040a5       0x70 /home/lmg/Desktop/AEAgle/apps/demo-riot/bin/native64/cpu/native.o
                0x00000000004040a5                _native_sig_leave_tramp
                0x00000000004040fe                _native_isr_leave
                0x000000000040410f                _start_task_func64
 .text.panic_arch
                0x0000000000404115       0x48 /home/lmg/Desktop/AEAgle/apps/demo-riot/bin/native64/cpu/panic.o
                0x0000000000404115                panic_arch
 .text._reset_handler
                0x000000000040415d       0x33 /home/lmg/Desktop/AEAgle/apps/demo-riot/bin/native64/cpu/startup.o
 .text.filter_daemonize_argv
                0x0000000000404190       0x81 /home/lmg/Desktop/AEAgle/apps/demo-riot/bin/native64/cpu/startup.o
 .text._native_input
                0x0000000000404211       0x8a /home/lmg/Desktop/AEAgle/apps/demo-riot/bin/native64/cpu/startup.o
                0x0000000000404211                _native_input
 .text._native_log_output
                0x000000000040429b      0x143 /home/lmg/Desktop/AEAgle/apps/demo-riot/bin/native64/cpu/startup.o
                0x000000000040429b                _native_log_output
 .text.daemonize
                0x00000000004043de       0xd8 /home/lmg/Desktop/AEAgle/apps/demo-riot/bin/native64/cpu/startup.o
                0x00000000004043de                daemonize
 .text.usage_exit
                0x00000000004044b6       0xa6 /home/lmg/Desktop/AEAgle/apps/demo-riot/bin/native64/cpu/startup.o
                0x00000000004044b6                usage_exit
 .text._native_isr_context_make
                0x000000000040455c       0x61 /home/lmg/Desktop/AEAgle/apps/demo-riot/bin/native64/cpu/syscalls.o
 .text._native_syscall_enter
                0x00000000004045bd       0x3d /home/lmg/Desktop/AEAgle/apps/demo-riot/bin/native64/cpu/syscalls.o
                0x00000000004045bd                _native_syscall_enter
 .text.err      0x00000000004045fa       0x94 /home/lmg/Desktop/AEAgle/apps/demo-riot/bin/native64/cpu/syscalls.o
                0x00000000004045fa                err
 .text._native_syscall_leave
                0x000000000040468e       0xbe /home/lmg/Desktop/AEAgle/apps/demo-riot/bin/native64/cpu/syscalls.o
                0x000000000040468e                _native_syscall_leave
 .text.malloc   0x000000000040474c       0x96 /home/lmg/Desktop/AEAgle/apps/demo-riot/bin/native64/cpu/syscalls.o
                0x000000000040474c                malloc
 .text.free     0x00000000004047e2       0x46 /home/lmg/Desktop/AEAgle/apps/demo-riot/bin/native64/cpu/syscalls.o
                0x00000000004047e2                free
 .text.calloc   0x0000000000404828       0xa0 /home/lmg/Desktop/AEAgle/apps/demo-riot/bin/native64/cpu/syscalls.o
                0x0000000000404828                calloc
 .text.realloc  0x00000000004048c8       0x56 /home/lmg/Desktop/AEAgle/apps/demo-riot/bin/native64/cpu/syscalls.o
                0x00000000004048c8                realloc
 .text.make_message
                0x000000000040491e       0xd4 /home/lmg/Desktop/AEAgle/apps/demo-riot/bin/native64/cpu/syscalls.o
                0x000000000040491e                make_message
 .text._native_read
                0x00000000004049f2       0x60 /home/lmg/Desktop/AEAgle/apps/demo-riot/bin/native64/cpu/syscalls.o
                0x00000000004049f2                _native_read
 .text.getc     0x0000000000404a52       0x55 /home/lmg/Desktop/AEAgle/apps/demo-riot/bin/native64/cpu/syscalls.o
                0x0000000000404a52                getc
 .text.getchar  0x0000000000404aa7       0x3a /home/lmg/Desktop/AEAgle/apps/demo-riot/bin/native64/cpu/syscalls.o
                0x0000000000404aa7                getchar
 .text.fgetc    0x0000000000404ae1       0x33 /home/lmg/Desktop/AEAgle/apps/demo-riot/bin/native64/cpu/syscalls.o
                0x0000000000404ae1                fgetc
 .text._native_write
                0x0000000000404b14       0x76 /home/lmg/Desktop/AEAgle/apps/demo-riot/bin/native64/cpu/syscalls.o
                0x0000000000404b14                _native_write
 .text.putchar  0x0000000000404b8a       0x47 /home/lmg/Desktop/AEAgle/apps/demo-riot/bin/native64/cpu/syscalls.o
                0x0000000000404b8a                putchar
 .text.puts     0x0000000000404bd1       0x56 /home/lmg/Desktop/AEAgle/apps/demo-riot/bin/native64/cpu/syscalls.o
                0x0000000000404bd1                puts
 .text.putc     0x0000000000404c27       0x4d /home/lmg/Desktop/AEAgle/apps/demo-riot/bin/native64/cpu/syscalls.o
                0x0000000000404c27                putc
 .text.vwarn    0x0000000000404c74      0x117 /home/lmg/Desktop/AEAgle/apps/demo-riot/bin/native64/cpu/syscalls.o
                0x0000000000404c74                vwarn
 .text.verr     0x0000000000404d8b       0x2a /home/lmg/Desktop/AEAgle/apps/demo-riot/bin/native64/cpu/syscalls.o
                0x0000000000404d8b                verr
 .text.warn     0x0000000000404db5       0xb6 /home/lmg/Desktop/AEAgle/apps/demo-riot/bin/native64/cpu/syscalls.o
                0x0000000000404db5                warn
 .text.vwarnx   0x0000000000404e6b       0xcf /home/lmg/Desktop/AEAgle/apps/demo-riot/bin/native64/cpu/syscalls.o
                0x0000000000404e6b                vwarnx
 .text.verrx    0x0000000000404f3a       0x2a /home/lmg/Desktop/AEAgle/apps/demo-riot/bin/native64/cpu/syscalls.o
                0x0000000000404f3a                verrx
 .text.warnx    0x0000000000404f64       0xb6 /home/lmg/Desktop/AEAgle/apps/demo-riot/bin/native64/cpu/syscalls.o
                0x0000000000404f64                warnx
 .text.vfprintf
                0x000000000040501a       0x92 /home/lmg/Desktop/AEAgle/apps/demo-riot/bin/native64/cpu/syscalls.o
                0x000000000040501a                vfprintf
 .text.vprintf  0x00000000004050ac       0x40 /home/lmg/Desktop/AEAgle/apps/demo-riot/bin/native64/cpu/syscalls.o
                0x00000000004050ac                vprintf
 .text.printf   0x00000000004050ec       0xc0 /home/lmg/Desktop/AEAgle/apps/demo-riot/bin/native64/cpu/syscalls.o
                0x00000000004050ec                printf
 .text.fprintf  0x00000000004051ac       0xb1 /home/lmg/Desktop/AEAgle/apps/demo-riot/bin/native64/cpu/syscalls.o
                0x00000000004051ac                fprintf
 .text.errx     0x000000000040525d       0x94 /home/lmg/Desktop/AEAgle/apps/demo-riot/bin/native64/cpu/syscalls.o
                0x000000000040525d                errx
 .text.getpid   0x00000000004052f1       0x3f /home/lmg/Desktop/AEAgle/apps/demo-riot/bin/native64/cpu/syscalls.o
                0x00000000004052f1                getpid
 .text._native_init_syscalls
                0x0000000000405330      0x67a /home/lmg/Desktop/AEAgle/apps/demo-riot/bin/native64/cpu/syscalls.o
                0x0000000000405330                _native_init_syscalls
 .text.swprintf
                0x00000000004059aa       0xea /home/lmg/Desktop/AEAgle/apps/demo-riot/bin/native64/libc/string.o
                0x00000000004059aa                swprintf
 .text.button_init
                0x0000000000405a94       0x2e /home/lmg/Desktop/AEAgle/apps/demo-riot/bin/native64/periph_common/init_buttons.o
                0x0000000000405a94                button_init
 .text.led_init
                0x0000000000405ac2       0x2e /home/lmg/Desktop/AEAgle/apps/demo-riot/bin/native64/periph_common/init_leds.o
                0x0000000000405ac2                led_init
 .text.periph_init
                0x0000000000405af0       0x33 /home/lmg/Desktop/AEAgle/apps/demo-riot/bin/native64/periph_common/init.o
                0x0000000000405af0                periph_init
 .text.gpio_linux_setup
                0x0000000000405b23      0x14b /home/lmg/Desktop/AEAgle/apps/demo-riot/bin/native64/periph/gpio_linux.o
                0x0000000000405b23                gpio_linux_setup
 *fill*         0x0000000000405c6e       0x12 
 .text.gpio_linux_teardown
                0x0000000000405c80       0xe9 /home/lmg/Desktop/AEAgle/apps/demo-riot/bin/native64/periph/gpio_linux.o
                0x0000000000405c80                gpio_linux_teardown
 .text._native_sleep
                0x0000000000405d69       0x72 /home/lmg/Desktop/AEAgle/apps/demo-riot/bin/native64/periph/pm.o
 .text.pm_set_lowest
                0x0000000000405ddb       0x33 /home/lmg/Desktop/AEAgle/apps/demo-riot/bin/native64/periph/pm.o
                0x0000000000405ddb                pm_set_lowest
 .text.pm_off   0x0000000000405e0e       0x31 /home/lmg/Desktop/AEAgle/apps/demo-riot/bin/native64/periph/pm.o
                0x0000000000405e0e                pm_off
 .text.pm_reboot
                0x0000000000405e3f       0x70 /home/lmg/Desktop/AEAgle/apps/demo-riot/bin/native64/periph/pm.o
                0x0000000000405e3f                pm_reboot
 .text.tty_uart_setup
                0x0000000000405eaf       0x55 /home/lmg/Desktop/AEAgle/apps/demo-riot/bin/native64/periph/uart.o
                0x0000000000405eaf                tty_uart_setup
 .text._write   0x0000000000405f04       0x3f /home/lmg/Desktop/AEAgle/apps/demo-riot/bin/native64/stdio_native/stdio_native.o
 .text._init    0x0000000000405f43       0x33 /home/lmg/Desktop/AEAgle/apps/demo-riot/bin/native64/stdio_native/stdio_native.o
 .text.stdio_init
                0x0000000000405f76       0x33 /home/lmg/Desktop/AEAgle/apps/demo-riot/bin/native64/stdio_native/stdio_native.o
                0x0000000000405f76                stdio_init
 .text.stdio_write
                0x0000000000405fa9       0x33 /home/lmg/Desktop/AEAgle/apps/demo-riot/bin/native64/stdio_native/stdio_native.o
                0x0000000000405fa9                stdio_write
 *(.gnu.warning)
LOAD /usr/lib/gcc/x86_64-pc-linux-gnu/15.1.1/../../../../lib/crt1.o
LOAD /usr/lib/gcc/x86_64-pc-linux-gnu/15.1.1/../../../../lib/crti.o
LOAD /usr/lib/gcc/x86_64-pc-linux-gnu/15.1.1/crtbegin.o
LOAD /home/lmg/Desktop/AEAgle/apps/demo-riot/bin/native64/application_demo-riot/main.o
LOAD /home/lmg/Desktop/AEAgle/apps/demo-riot/bin/native64/auto_init/auto_init.o
LOAD /home/lmg/Desktop/AEAgle/apps/demo-riot/bin/native64/board_common_init/board_common.o
LOAD /home/lmg/Desktop/AEAgle/apps/demo-riot/bin/native64/boards_common_native/board_init.o
LOAD /home/lmg/Desktop/AEAgle/apps/demo-riot/bin/native64/core/cond.o
LOAD /home/lmg/Desktop/AEAgle/apps/demo-riot/bin/native64/core_lib/assert.o
LOAD /home/lmg/Desktop/AEAgle/apps/demo-riot/bin/native64/core_lib/atomic_c11.o
LOAD /home/lmg/Desktop/AEAgle/apps/demo-riot/bin/native64/core_lib/atomic_sync.o
LOAD /home/lmg/Desktop/AEAgle/apps/demo-riot/bin/native64/core_lib/bitarithm.o
LOAD /home/lmg/Desktop/AEAgle/apps/demo-riot/bin/native64/core_lib/clist.o
LOAD /home/lmg/Desktop/AEAgle/apps/demo-riot/bin/native64/core_lib/init.o
LOAD /home/lmg/Desktop/AEAgle/apps/demo-riot/bin/native64/core_lib/panic.o
LOAD /home/lmg/Desktop/AEAgle/apps/demo-riot/bin/native64/core_lib/priority_queue.o
LOAD /home/lmg/Desktop/AEAgle/apps/demo-riot/bin/native64/core_lib/ringbuffer.o
LOAD /home/lmg/Desktop/AEAgle/apps/demo-riot/bin/native64/core_lib/rmutex.o
LOAD /home/lmg/Desktop/AEAgle/apps/demo-riot/bin/native64/core/msg.o
LOAD /home/lmg/Desktop/AEAgle/apps/demo-riot/bin/native64/core/mutex.o
LOAD /home/lmg/Desktop/AEAgle/apps/demo-riot/bin/native64/core/sched.o
LOAD /home/lmg/Desktop/AEAgle/apps/demo-riot/bin/native64/core/thread.o
LOAD /home/lmg/Desktop/AEAgle/apps/demo-riot/bin/native64/cpu/async_read.o
LOAD /home/lmg/Desktop/AEAgle/apps/demo-riot/bin/native64/cpu/cpu.o
LOAD /home/lmg/Desktop/AEAgle/apps/demo-riot/bin/native64/cpu/irq.o
LOAD /home/lmg/Desktop/AEAgle/apps/demo-riot/bin/native64/cpu/native.o
LOAD /home/lmg/Desktop/AEAgle/apps/demo-riot/bin/native64/cpu/panic.o
LOAD /home/lmg/Desktop/AEAgle/apps/demo-riot/bin/native64/cpu/startup.o
LOAD /home/lmg/Desktop/AEAgle/apps/demo-riot/bin/native64/cpu/syscalls.o
LOAD /home/lmg/Desktop/AEAgle/apps/demo-riot/bin/native64/libc/string.o
LOAD /home/lmg/Desktop/AEAgle/apps/demo-riot/bin/native64/native_drivers/native-led.o
LOAD /home/lmg/Desktop/AEAgle/apps/demo-riot/bin/native64/native_drivers/native-qdec.o
LOAD /home/lmg/Desktop/AEAgle/apps/demo-riot/bin/native64/periph_common/gpio.o
LOAD /home/lmg/Desktop/AEAgle/apps/demo-riot/bin/native64/periph_common/init_buttons.o
LOAD /home/lmg/Desktop/AEAgle/apps/demo-riot/bin/native64/periph_common/init_leds.o
LOAD /home/lmg/Desktop/AEAgle/apps/demo-riot/bin/native64/periph_common/init.o
LOAD /home/lmg/Desktop/AEAgle/apps/demo-riot/bin/native64/periph_common/pm.o
LOAD /home/lmg/Desktop/AEAgle/apps/demo-riot/bin/native64/periph/gpio_linux.o
LOAD /home/lmg/Desktop/AEAgle/apps/demo-riot/bin/native64/periph/pm.o
LOAD /home/lmg/Desktop/AEAgle/apps/demo-riot/bin/native64/periph/uart.o
LOAD /home/lmg/Desktop/AEAgle/apps/demo-riot/bin/native64/stdio_native/stdio_native.o
LOAD /home/lmg/Desktop/AEAgle/apps/demo-riot/bin/native64/stdio/stdio.o
LOAD /usr/lib/gcc/x86_64-pc-linux-gnu/15.1.1/../../../../lib/libm.so
START GROUP
LOAD /usr/lib/libm.so.6
LOAD /usr/lib/libmvec.so.1
END GROUP
LOAD /usr/lib/gcc/x86_64-pc-linux-gnu/15.1.1/../../../../lib/libdl.a
                0x0000000000000000                _slot_aux_offset = 0x0
                0x0000000000000000                _slot_aux_len = 0x0
LOAD /usr/lib/gcc/x86_64-pc-linux-gnu/15.1.1/libgcc.a
LOAD /usr/lib/gcc/x86_64-pc-linux-gnu/15.1.1/../../../../lib/libgcc_s.so
START GROUP
LOAD /usr/lib/gcc/x86_64-pc-linux-gnu/15.1.1/../../../../lib/libgcc_s.so.1
LOAD /usr/lib/gcc/x86_64-pc-linux-gnu/15.1.1/libgcc.a
END GROUP
LOAD /usr/lib/gcc/x86_64-pc-linux-gnu/15.1.1/../../../../lib/libc.so
START GROUP
LOAD /usr/lib/libc.so.6
LOAD /usr/lib/libc_nonshared.a
LOAD /usr/lib/ld-linux-x86-64.so.2
END GROUP
LOAD /usr/lib/gcc/x86_64-pc-linux-gnu/15.1.1/libgcc.a
LOAD /usr/lib/gcc/x86_64-pc-linux-gnu/15.1.1/../../../../lib/libgcc_s.so
START GROUP
LOAD /usr/lib/gcc/x86_64-pc-linux-gnu/15.1.1/../../../../lib/libgcc_s.so.1
LOAD /usr/lib/gcc/x86_64-pc-linux-gnu/15.1.1/libgcc.a
END GROUP
LOAD /usr/lib/gcc/x86_64-pc-linux-gnu/15.1.1/crtend.o
LOAD /usr/lib/gcc/x86_64-pc-linux-gnu/15.1.1/../../../../lib/crtn.o

.rodata         0x0000000000405fe0        0x0
 *(SORT_BY_NAME(.roxfa.*))
 .roxfa.auto_init_xfa.0_
                0x0000000000405fe0        0x0 /home/lmg/Desktop/AEAgle/apps/demo-riot/bin/native64/auto_init/auto_init.o
                0x0000000000405fe0                auto_init_xfa
 .roxfa.auto_init_xfa.9_
                0x0000000000405fe0        0x0 /home/lmg/Desktop/AEAgle/apps/demo-riot/bin/native64/auto_init/auto_init.o
                0x0000000000405fe0                auto_init_xfa_end

.data
 *(SORT_BY_NAME(.xfa.*))

.tm_clone_table
                0x0000000000405fe0        0x0
 .tm_clone_table
                0x0000000000405fe0        0x0 /usr/lib/gcc/x86_64-pc-linux-gnu/15.1.1/crtbegin.o
 .tm_clone_table
                0x0000000000405fe0        0x0 /usr/lib/gcc/x86_64-pc-linux-gnu/15.1.1/crtend.o

.fini           0x0000000000405fe0        0xd
 *(SORT_NONE(.fini))
 .fini          0x0000000000405fe0        0x8 /usr/lib/gcc/x86_64-pc-linux-gnu/15.1.1/../../../../lib/crti.o
                0x0000000000405fe0                _fini
 .fini          0x0000000000405fe8        0x5 /usr/lib/gcc/x86_64-pc-linux-gnu/15.1.1/../../../../lib/crtn.o
                [!provide]                        PROVIDE (__etext = .)
                [!provide]                        PROVIDE (_etext = .)
                [!provide]                        PROVIDE (etext = .)
                0x0000000000406000                . = ALIGN (CONSTANT (MAXPAGESIZE))
                0x0000000000406000                . = SEGMENT_START ("rodata-segment", (ALIGN (CONSTANT (MAXPAGESIZE)) + (. & (CONSTANT (MAXPAGESIZE) - 0x1))))

.rodata         0x0000000000406000      0xe4f
 *(.rodata .rodata.* .gnu.linkonce.r.*)
 .rodata.main.str1.1
                0x0000000000406000      0x534 /home/lmg/Desktop/AEAgle/apps/demo-riot/bin/native64/application_demo-riot/main.o
                                         0x1d (size before relaxing)
 *fill*         0x0000000000406534        0x4 
 .rodata.main.str1.8
                0x0000000000406538      0x902 /home/lmg/Desktop/AEAgle/apps/demo-riot/bin/native64/application_demo-riot/main.o
                                         0x4a (size before relaxing)
 .rodata.board_init.str1.1
                0x0000000000406e3a       0x1f /home/lmg/Desktop/AEAgle/apps/demo-riot/bin/native64/boards_common_native/board_init.o
 .rodata.board_init.str1.8
                0x0000000000406e3a       0x21 /home/lmg/Desktop/AEAgle/apps/demo-riot/bin/native64/boards_common_native/board_init.o
 .rodata._assert_common.str1.1
                0x0000000000406e3a       0x12 /home/lmg/Desktop/AEAgle/apps/demo-riot/bin/native64/core_lib/assert.o
 .rodata._assert_failure.str1.1
                0x0000000000406e3a        0xa /home/lmg/Desktop/AEAgle/apps/demo-riot/bin/native64/core_lib/assert.o
 .rodata.main_trampoline.str1.8
                0x0000000000406e3a       0x3a /home/lmg/Desktop/AEAgle/apps/demo-riot/bin/native64/core_lib/init.o
 .rodata.kernel_init.str1.1
                0x0000000000406e3a        0xa /home/lmg/Desktop/AEAgle/apps/demo-riot/bin/native64/core_lib/init.o
 .rodata.core_panic.str1.1
                0x0000000000406e3a       0x29 /home/lmg/Desktop/AEAgle/apps/demo-riot/bin/native64/core_lib/panic.o
 .rodata._unschedule.str1.8
                0x0000000000406e3a       0x2e /home/lmg/Desktop/AEAgle/apps/demo-riot/bin/native64/core/sched.o
 .rodata._unschedule.str1.1
                0x0000000000406e3a        0xf /home/lmg/Desktop/AEAgle/apps/demo-riot/bin/native64/core/sched.o
 .rodata.cib_init.str1.1
                0x0000000000406e3a       0x17 /home/lmg/Desktop/AEAgle/apps/demo-riot/bin/native64/core/thread.o
 .rodata._expect_failure.str1.1
                0x0000000000406e3a       0x2d /home/lmg/Desktop/AEAgle/apps/demo-riot/bin/native64/cpu/cpu.o
 .rodata._isr_switch_to_user.str1.8
                0x0000000000406e3a       0x50 /home/lmg/Desktop/AEAgle/apps/demo-riot/bin/native64/cpu/cpu.o
 .rodata.cpu_switch_context_exit.str1.8
                0x0000000000406e3a       0x50 /home/lmg/Desktop/AEAgle/apps/demo-riot/bin/native64/cpu/cpu.o
 .rodata.thread_yield_higher.str1.8
                0x0000000000406e3a       0x21 /home/lmg/Desktop/AEAgle/apps/demo-riot/bin/native64/cpu/cpu.o
 .rodata.native_cpu_init.str1.1
                0x0000000000406e3a       0x2d /home/lmg/Desktop/AEAgle/apps/demo-riot/bin/native64/cpu/cpu.o
 .rodata.thread_stack_init.str1.1
                0x0000000000406e3a       0x1e /home/lmg/Desktop/AEAgle/apps/demo-riot/bin/native64/cpu/cpu.o
 .rodata.thread_stack_init.str1.8
                0x0000000000406e3a       0x1f /home/lmg/Desktop/AEAgle/apps/demo-riot/bin/native64/cpu/cpu.o
 .rodata._native_pop_sig.str1.1
                0x0000000000406e3a       0x1b /home/lmg/Desktop/AEAgle/apps/demo-riot/bin/native64/cpu/irq.o
 .rodata._native_call_sig_handlers_and_switch.str1.8
                0x0000000000406e3a       0x73 /home/lmg/Desktop/AEAgle/apps/demo-riot/bin/native64/cpu/irq.o
 .rodata.native_signal_action.str1.8
                0x0000000000406e3a       0x9e /home/lmg/Desktop/AEAgle/apps/demo-riot/bin/native64/cpu/irq.o
 .rodata._set_signal_handler.str1.1
                0x0000000000406e3a       0x3c /home/lmg/Desktop/AEAgle/apps/demo-riot/bin/native64/cpu/irq.o
 .rodata._expect_failure.str1.1
                0x0000000000406e3a       0x2d /home/lmg/Desktop/AEAgle/apps/demo-riot/bin/native64/cpu/irq.o
 .rodata.irq_disable.str1.1
                0x0000000000406e3a       0x19 /home/lmg/Desktop/AEAgle/apps/demo-riot/bin/native64/cpu/irq.o
 .rodata.irq_enable.str1.1
                0x0000000000406e3a       0x35 /home/lmg/Desktop/AEAgle/apps/demo-riot/bin/native64/cpu/irq.o
 .rodata.native_interrupt_init.str1.8
                0x0000000000406e3a      0x11c /home/lmg/Desktop/AEAgle/apps/demo-riot/bin/native64/cpu/irq.o
 .rodata.native_interrupt_init.str1.1
                0x0000000000406e3a       0x2d /home/lmg/Desktop/AEAgle/apps/demo-riot/bin/native64/cpu/irq.o
 .rodata.filter_daemonize_argv.str1.1
                0x0000000000406e3a        0x3 /home/lmg/Desktop/AEAgle/apps/demo-riot/bin/native64/cpu/startup.o
 .rodata._native_input.str1.1
                0x0000000000406e3a       0x1a /home/lmg/Desktop/AEAgle/apps/demo-riot/bin/native64/cpu/startup.o
 .rodata._native_input.str1.8
                0x0000000000406e3a       0x24 /home/lmg/Desktop/AEAgle/apps/demo-riot/bin/native64/cpu/startup.o
 .rodata._native_log_output.str1.1
                0x0000000000406e3a       0x53 /home/lmg/Desktop/AEAgle/apps/demo-riot/bin/native64/cpu/startup.o
 .rodata._native_log_output.str1.8
                0x0000000000406e3a       0x49 /home/lmg/Desktop/AEAgle/apps/demo-riot/bin/native64/cpu/startup.o
 .rodata.daemonize.str1.1
                0x0000000000406e3a       0x43 /home/lmg/Desktop/AEAgle/apps/demo-riot/bin/native64/cpu/startup.o
 .rodata.usage_exit.str1.1
                0x0000000000406e3a       0x2b /home/lmg/Desktop/AEAgle/apps/demo-riot/bin/native64/cpu/startup.o
 .rodata.usage_exit.str1.8
                0x0000000000406e3a      0x3d4 /home/lmg/Desktop/AEAgle/apps/demo-riot/bin/native64/cpu/startup.o
 .rodata.startup.str1.8
                0x0000000000406e3a       0x2f /home/lmg/Desktop/AEAgle/apps/demo-riot/bin/native64/cpu/startup.o
 .rodata.str1.1
                0x0000000000406e3a       0x4f /home/lmg/Desktop/AEAgle/apps/demo-riot/bin/native64/cpu/startup.o
 *fill*         0x0000000000406e3a        0x6 
 .rodata.short_opts
                0x0000000000406e40        0xf /home/lmg/Desktop/AEAgle/apps/demo-riot/bin/native64/cpu/startup.o
 .rodata._native_syscall_leave.str1.8
                0x0000000000406e4f       0x23 /home/lmg/Desktop/AEAgle/apps/demo-riot/bin/native64/cpu/syscalls.o
 .rodata.malloc.str1.1
                0x0000000000406e4f        0x7 /home/lmg/Desktop/AEAgle/apps/demo-riot/bin/native64/cpu/syscalls.o
 .rodata.calloc.str1.1
                0x0000000000406e4f        0x7 /home/lmg/Desktop/AEAgle/apps/demo-riot/bin/native64/cpu/syscalls.o
 .rodata.vwarn.str1.1
                0x0000000000406e4f        0xd /home/lmg/Desktop/AEAgle/apps/demo-riot/bin/native64/cpu/syscalls.o
 .rodata.getpid.str1.1
                0x0000000000406e4f       0x1a /home/lmg/Desktop/AEAgle/apps/demo-riot/bin/native64/cpu/syscalls.o
 .rodata._native_init_syscalls.str1.1
                0x0000000000406e4f      0x1a7 /home/lmg/Desktop/AEAgle/apps/demo-riot/bin/native64/cpu/syscalls.o
 .rodata.gpio_linux_setup.str1.1
                0x0000000000406e4f       0x43 /home/lmg/Desktop/AEAgle/apps/demo-riot/bin/native64/periph/gpio_linux.o
 .rodata.gpio_linux_setup.str1.8
                0x0000000000406e4f       0x20 /home/lmg/Desktop/AEAgle/apps/demo-riot/bin/native64/periph/gpio_linux.o
 .rodata.pm_off.str1.1
                0x0000000000406e4f       0x11 /home/lmg/Desktop/AEAgle/apps/demo-riot/bin/native64/periph/pm.o
 .rodata.pm_reboot.str1.1
                0x0000000000406e4f       0x21 /home/lmg/Desktop/AEAgle/apps/demo-riot/bin/native64/periph/pm.o
 .rodata.pm_reboot.str1.8
                0x0000000000406e4f       0x2a /home/lmg/Desktop/AEAgle/apps/demo-riot/bin/native64/periph/pm.o

.rodata1
 *(.rodata1)

.eh_frame_hdr   0x0000000000406e50      0x34c
 *(.eh_frame_hdr)
 .eh_frame_hdr  0x0000000000406e50      0x34c /usr/lib/gcc/x86_64-pc-linux-gnu/15.1.1/../../../../lib/crt1.o
                0x0000000000406e50                __GNU_EH_FRAME_HDR
 *(.eh_frame_entry .eh_frame_entry.*)

.eh_frame       0x00000000004071a0      0xd84
 *(.eh_frame)
 .eh_frame      0x00000000004071a0       0x40 /usr/lib/gcc/x86_64-pc-linux-gnu/15.1.1/../../../../lib/crt1.o
                                         0x5c (size before relaxing)
 *fill*         0x00000000004071e0        0x0 
 .eh_frame      0x00000000004071e0       0x28 /usr/lib/gcc/x86_64-pc-linux-gnu/15.1.1/../../../../lib/crt1.o
                                         0x40 (size before relaxing)
 .eh_frame      0x0000000000407208        0x0 /usr/lib/gcc/x86_64-pc-linux-gnu/15.1.1/../../../../lib/crt1.o
 .eh_frame      0x0000000000407208       0x20 /home/lmg/Desktop/AEAgle/apps/demo-riot/bin/native64/application_demo-riot/main.o
                                         0x38 (size before relaxing)
 .eh_frame      0x0000000000407228       0x28 /home/lmg/Desktop/AEAgle/apps/demo-riot/bin/native64/auto_init/auto_init.o
                                         0x40 (size before relaxing)
 .eh_frame      0x0000000000407250        0x0 /home/lmg/Desktop/AEAgle/apps/demo-riot/bin/native64/board_common_init/board_common.o
                                         0x38 (size before relaxing)
 .eh_frame      0x0000000000407250       0x20 /home/lmg/Desktop/AEAgle/apps/demo-riot/bin/native64/boards_common_native/board_init.o
                                         0x38 (size before relaxing)
 .eh_frame      0x0000000000407270        0x0 /home/lmg/Desktop/AEAgle/apps/demo-riot/bin/native64/core/cond.o
                                         0xf0 (size before relaxing)
 .eh_frame      0x0000000000407270       0x28 /home/lmg/Desktop/AEAgle/apps/demo-riot/bin/native64/core_lib/assert.o
                                         0x58 (size before relaxing)
 .eh_frame      0x0000000000407298        0x0 /home/lmg/Desktop/AEAgle/apps/demo-riot/bin/native64/core_lib/atomic_c11.o
                                        0xdd8 (size before relaxing)
 .eh_frame      0x0000000000407298        0x0 /home/lmg/Desktop/AEAgle/apps/demo-riot/bin/native64/core_lib/bitarithm.o
                                         0x50 (size before relaxing)
 .eh_frame      0x0000000000407298        0x0 /home/lmg/Desktop/AEAgle/apps/demo-riot/bin/native64/core_lib/clist.o
                                         0x68 (size before relaxing)
 .eh_frame      0x0000000000407298       0x68 /home/lmg/Desktop/AEAgle/apps/demo-riot/bin/native64/core_lib/init.o
                                         0x80 (size before relaxing)
 .eh_frame      0x0000000000407300       0x38 /home/lmg/Desktop/AEAgle/apps/demo-riot/bin/native64/core_lib/panic.o
                                         0x70 (size before relaxing)
 .eh_frame      0x0000000000407338        0x0 /home/lmg/Desktop/AEAgle/apps/demo-riot/bin/native64/core_lib/priority_queue.o
                                         0x70 (size before relaxing)
 .eh_frame      0x0000000000407338        0x0 /home/lmg/Desktop/AEAgle/apps/demo-riot/bin/native64/core_lib/ringbuffer.o
                                        0x180 (size before relaxing)
 .eh_frame      0x0000000000407338        0x0 /home/lmg/Desktop/AEAgle/apps/demo-riot/bin/native64/core_lib/rmutex.o
                                         0x98 (size before relaxing)
 .eh_frame      0x0000000000407338        0x0 /home/lmg/Desktop/AEAgle/apps/demo-riot/bin/native64/core/msg.o
                                        0x3d8 (size before relaxing)
 .eh_frame      0x0000000000407338        0x0 /home/lmg/Desktop/AEAgle/apps/demo-riot/bin/native64/core/mutex.o
                                        0x118 (size before relaxing)
 .eh_frame      0x0000000000407338       0xc0 /home/lmg/Desktop/AEAgle/apps/demo-riot/bin/native64/core/sched.o
                                        0x120 (size before relaxing)
 .eh_frame      0x00000000004073f8       0x90 /home/lmg/Desktop/AEAgle/apps/demo-riot/bin/native64/core/thread.o
                                        0x1c0 (size before relaxing)
 .eh_frame      0x0000000000407488       0x68 /home/lmg/Desktop/AEAgle/apps/demo-riot/bin/native64/cpu/async_read.o
                                        0x160 (size before relaxing)
 .eh_frame      0x00000000004074f0       0xe0 /home/lmg/Desktop/AEAgle/apps/demo-riot/bin/native64/cpu/cpu.o
                                        0x148 (size before relaxing)
 .eh_frame      0x00000000004075d0      0x220 /home/lmg/Desktop/AEAgle/apps/demo-riot/bin/native64/cpu/irq.o
                                        0x2f8 (size before relaxing)
 .eh_frame      0x00000000004077f0       0x20 /home/lmg/Desktop/AEAgle/apps/demo-riot/bin/native64/cpu/panic.o
                                         0x38 (size before relaxing)
 .eh_frame      0x0000000000407810      0x118 /home/lmg/Desktop/AEAgle/apps/demo-riot/bin/native64/cpu/startup.o
                                        0x130 (size before relaxing)
 .eh_frame      0x0000000000407928      0x410 /home/lmg/Desktop/AEAgle/apps/demo-riot/bin/native64/cpu/syscalls.o
                                        0x468 (size before relaxing)
 .eh_frame      0x0000000000407d38       0x28 /home/lmg/Desktop/AEAgle/apps/demo-riot/bin/native64/libc/string.o
                                         0x90 (size before relaxing)
 .eh_frame      0x0000000000407d60        0x0 /home/lmg/Desktop/AEAgle/apps/demo-riot/bin/native64/native_drivers/native-led.o
                                         0xc0 (size before relaxing)
 .eh_frame      0x0000000000407d60        0x0 /home/lmg/Desktop/AEAgle/apps/demo-riot/bin/native64/periph_common/gpio.o
                                         0x58 (size before relaxing)
 .eh_frame      0x0000000000407d60       0x20 /home/lmg/Desktop/AEAgle/apps/demo-riot/bin/native64/periph_common/init_buttons.o
                                         0x38 (size before relaxing)
 .eh_frame      0x0000000000407d80       0x20 /home/lmg/Desktop/AEAgle/apps/demo-riot/bin/native64/periph_common/init_leds.o
                                         0x38 (size before relaxing)
 .eh_frame      0x0000000000407da0       0x20 /home/lmg/Desktop/AEAgle/apps/demo-riot/bin/native64/periph_common/init.o
                                         0x38 (size before relaxing)
 .eh_frame      0x0000000000407dc0       0x68 /home/lmg/Desktop/AEAgle/apps/demo-riot/bin/native64/periph/gpio_linux.o
                                        0x160 (size before relaxing)
 .eh_frame      0x0000000000407e28       0x60 /home/lmg/Desktop/AEAgle/apps/demo-riot/bin/native64/periph/pm.o
                                         0x98 (size before relaxing)
 .eh_frame      0x0000000000407e88       0x28 /home/lmg/Desktop/AEAgle/apps/demo-riot/bin/native64/periph/uart.o
                                        0x120 (size before relaxing)
 .eh_frame      0x0000000000407eb0       0x70 /home/lmg/Desktop/AEAgle/apps/demo-riot/bin/native64/stdio_native/stdio_native.o
                                         0xa8 (size before relaxing)
 .eh_frame      0x0000000000407f20        0x0 /home/lmg/Desktop/AEAgle/apps/demo-riot/bin/native64/stdio/stdio.o
                                         0x50 (size before relaxing)
 .eh_frame      0x0000000000407f20        0x4 /usr/lib/gcc/x86_64-pc-linux-gnu/15.1.1/crtend.o
 *(.eh_frame.*)

.sframe         0x0000000000407f24        0x0
 *(.sframe)
 .sframe        0x0000000000407f24        0x0 /usr/lib/gcc/x86_64-pc-linux-gnu/15.1.1/../../../../lib/crt1.o
 .sframe        0x0000000000407f24        0x0 /usr/lib/gcc/x86_64-pc-linux-gnu/15.1.1/../../../../lib/crt1.o
 *(.sframe.*)

.gcc_except_table
 *(.gcc_except_table .gcc_except_table.*)

.gnu_extab
 *(.gnu_extab*)

.exception_ranges
 *(.exception_ranges*)

.note.build-id
 *(.note.build-id)

.note.GNU-stack
                0x0000000000407f24        0x0
 *(.note.GNU-stack)
 .note.GNU-stack
                0x0000000000407f24        0x0 /usr/lib/gcc/x86_64-pc-linux-gnu/15.1.1/../../../../lib/crt1.o
 .note.GNU-stack
                0x0000000000407f24        0x0 /usr/lib/gcc/x86_64-pc-linux-gnu/15.1.1/../../../../lib/crti.o
 .note.GNU-stack
                0x0000000000407f24        0x0 /usr/lib/gcc/x86_64-pc-linux-gnu/15.1.1/crtbegin.o
 .note.GNU-stack
                0x0000000000407f24        0x0 /home/lmg/Desktop/AEAgle/apps/demo-riot/bin/native64/application_demo-riot/main.o
 .note.GNU-stack
                0x0000000000407f24        0x0 /home/lmg/Desktop/AEAgle/apps/demo-riot/bin/native64/auto_init/auto_init.o
 .note.GNU-stack
                0x0000000000407f24        0x0 /home/lmg/Desktop/AEAgle/apps/demo-riot/bin/native64/board_common_init/board_common.o
 .note.GNU-stack
                0x0000000000407f24        0x0 /home/lmg/Desktop/AEAgle/apps/demo-riot/bin/native64/boards_common_native/board_init.o
 .note.GNU-stack
                0x0000000000407f24        0x0 /home/lmg/Desktop/AEAgle/apps/demo-riot/bin/native64/core/cond.o
 .note.GNU-stack
                0x0000000000407f24        0x0 /home/lmg/Desktop/AEAgle/apps/demo-riot/bin/native64/core_lib/assert.o
 .note.GNU-stack
                0x0000000000407f24        0x0 /home/lmg/Desktop/AEAgle/apps/demo-riot/bin/native64/core_lib/atomic_c11.o
 .note.GNU-stack
                0x0000000000407f24        0x0 /home/lmg/Desktop/AEAgle/apps/demo-riot/bin/native64/core_lib/bitarithm.o
 .note.GNU-stack
                0x0000000000407f24        0x0 /home/lmg/Desktop/AEAgle/apps/demo-riot/bin/native64/core_lib/clist.o
 .note.GNU-stack
                0x0000000000407f24        0x0 /home/lmg/Desktop/AEAgle/apps/demo-riot/bin/native64/core_lib/init.o
 .note.GNU-stack
                0x0000000000407f24        0x0 /home/lmg/Desktop/AEAgle/apps/demo-riot/bin/native64/core_lib/panic.o
 .note.GNU-stack
                0x0000000000407f24        0x0 /home/lmg/Desktop/AEAgle/apps/demo-riot/bin/native64/core_lib/priority_queue.o
 .note.GNU-stack
                0x0000000000407f24        0x0 /home/lmg/Desktop/AEAgle/apps/demo-riot/bin/native64/core_lib/ringbuffer.o
 .note.GNU-stack
                0x0000000000407f24        0x0 /home/lmg/Desktop/AEAgle/apps/demo-riot/bin/native64/core_lib/rmutex.o
 .note.GNU-stack
                0x0000000000407f24        0x0 /home/lmg/Desktop/AEAgle/apps/demo-riot/bin/native64/core/msg.o
 .note.GNU-stack
                0x0000000000407f24        0x0 /home/lmg/Desktop/AEAgle/apps/demo-riot/bin/native64/core/mutex.o
 .note.GNU-stack
                0x0000000000407f24        0x0 /home/lmg/Desktop/AEAgle/apps/demo-riot/bin/native64/core/sched.o
 .note.GNU-stack
                0x0000000000407f24        0x0 /home/lmg/Desktop/AEAgle/apps/demo-riot/bin/native64/core/thread.o
 .note.GNU-stack
                0x0000000000407f24        0x0 /home/lmg/Desktop/AEAgle/apps/demo-riot/bin/native64/cpu/async_read.o
 .note.GNU-stack
                0x0000000000407f24        0x0 /home/lmg/Desktop/AEAgle/apps/demo-riot/bin/native64/cpu/cpu.o
 .note.GNU-stack
                0x0000000000407f24        0x0 /home/lmg/Desktop/AEAgle/apps/demo-riot/bin/native64/cpu/irq.o
 .note.GNU-stack
                0x0000000000407f24        0x0 /home/lmg/Desktop/AEAgle/apps/demo-riot/bin/native64/cpu/native.o
 .note.GNU-stack
                0x0000000000407f24        0x0 /home/lmg/Desktop/AEAgle/apps/demo-riot/bin/native64/cpu/panic.o
 .note.GNU-stack
                0x0000000000407f24        0x0 /home/lmg/Desktop/AEAgle/apps/demo-riot/bin/native64/cpu/startup.o
 .note.GNU-stack
                0x0000000000407f24        0x0 /home/lmg/Desktop/AEAgle/apps/demo-riot/bin/native64/cpu/syscalls.o
 .note.GNU-stack
                0x0000000000407f24        0x0 /home/lmg/Desktop/AEAgle/apps/demo-riot/bin/native64/libc/string.o
 .note.GNU-stack
                0x0000000000407f24        0x0 /home/lmg/Desktop/AEAgle/apps/demo-riot/bin/native64/native_drivers/native-led.o
 .note.GNU-stack
                0x0000000000407f24        0x0 /home/lmg/Desktop/AEAgle/apps/demo-riot/bin/native64/periph_common/gpio.o
 .note.GNU-stack
                0x0000000000407f24        0x0 /home/lmg/Desktop/AEAgle/apps/demo-riot/bin/native64/periph_common/init_buttons.o
 .note.GNU-stack
                0x0000000000407f24        0x0 /home/lmg/Desktop/AEAgle/apps/demo-riot/bin/native64/periph_common/init_leds.o
 .note.GNU-stack
                0x0000000000407f24        0x0 /home/lmg/Desktop/AEAgle/apps/demo-riot/bin/native64/periph_common/init.o
 .note.GNU-stack
                0x0000000000407f24        0x0 /home/lmg/Desktop/AEAgle/apps/demo-riot/bin/native64/periph/gpio_linux.o
 .note.GNU-stack
                0x0000000000407f24        0x0 /home/lmg/Desktop/AEAgle/apps/demo-riot/bin/native64/periph/pm.o
 .note.GNU-stack
                0x0000000000407f24        0x0 /home/lmg/Desktop/AEAgle/apps/demo-riot/bin/native64/periph/uart.o
 .note.GNU-stack
                0x0000000000407f24        0x0 /home/lmg/Desktop/AEAgle/apps/demo-riot/bin/native64/stdio_native/stdio_native.o
 .note.GNU-stack
                0x0000000000407f24        0x0 /home/lmg/Desktop/AEAgle/apps/demo-riot/bin/native64/stdio/stdio.o
 .note.GNU-stack
                0x0000000000407f24        0x0 /usr/lib/gcc/x86_64-pc-linux-gnu/15.1.1/crtend.o
 .note.GNU-stack
                0x0000000000407f24        0x0 /usr/lib/gcc/x86_64-pc-linux-gnu/15.1.1/../../../../lib/crtn.o

.note.gnu-property
 *(.note.gnu-property)

.note.ABI-tag   0x0000000000407f24       0x20
 *(.note.ABI-tag)
 .note.ABI-tag  0x0000000000407f24       0x20 /usr/lib/gcc/x86_64-pc-linux-gnu/15.1.1/../../../../lib/crt1.o

.note.package
 *(.note.package)

.note.dlopen
 *(.note.dlopen)

.note.netbsd.ident
 *(.note.netbsd.ident)

.note.openbsd.ident
 *(.note.openbsd.ident)
                0x0000000000408c88                . = DATA_SEGMENT_ALIGN (CONSTANT (MAXPAGESIZE), CONSTANT (COMMONPAGESIZE))

.eh_frame
 *(.eh_frame)
 *(.eh_frame.*)

.sframe
 *(.sframe)
 *(.sframe.*)

.gnu_extab
 *(.gnu_extab)

.gcc_except_table
 *(.gcc_except_table .gcc_except_table.*)

.exception_ranges
 *(.exception_ranges*)

.tdata          0x0000000000408c88        0x0
                [!provide]                        PROVIDE (__tdata_start = .)
 *(.tdata .tdata.* .gnu.linkonce.td.*)

.tbss
 *(.tbss .tbss.* .gnu.linkonce.tb.*)
 *(.tcommon)

.preinit_array  0x0000000000408c88        0x0
                [!provide]                        PROVIDE (__preinit_array_start = .)
 *(.preinit_array)
                [!provide]                        PROVIDE (__preinit_array_end = .)

.init_array     0x0000000000408c88       0x10
                0x0000000000408c88                PROVIDE (__init_array_start = .)
 *(SORT_BY_INIT_PRIORITY(.init_array.*) SORT_BY_INIT_PRIORITY(.ctors.*))
 *(.init_array EXCLUDE_FILE(*crtend?.o *crtend.o *crtbegin?.o *crtbegin.o) .ctors)
 .init_array    0x0000000000408c88        0x8 /usr/lib/gcc/x86_64-pc-linux-gnu/15.1.1/crtbegin.o
 .init_array    0x0000000000408c90        0x8 /home/lmg/Desktop/AEAgle/apps/demo-riot/bin/native64/cpu/startup.o
                0x0000000000408c98                PROVIDE (__init_array_end = .)

.fini_array     0x0000000000408c98        0x8
                [!provide]                        PROVIDE (__fini_array_start = .)
 *(SORT_BY_INIT_PRIORITY(.fini_array.*) SORT_BY_INIT_PRIORITY(.dtors.*))
 *(.fini_array EXCLUDE_FILE(*crtend?.o *crtend.o *crtbegin?.o *crtbegin.o) .dtors)
 .fini_array    0x0000000000408c98        0x8 /usr/lib/gcc/x86_64-pc-linux-gnu/15.1.1/crtbegin.o
                [!provide]                        PROVIDE (__fini_array_end = .)

.ctors
 *crtbegin.o(.ctors)
 *crtbegin?.o(.ctors)
 *(EXCLUDE_FILE(*crtend?.o *crtend.o) .ctors)
 *(SORT_BY_NAME(.ctors.*))
 *(.ctors)

.dtors
 *crtbegin.o(.dtors)
 *crtbegin?.o(.dtors)
 *(EXCLUDE_FILE(*crtend?.o *crtend.o) .dtors)
 *(SORT_BY_NAME(.dtors.*))
 *(.dtors)

.jcr
 *(.jcr)

.data.rel.ro    0x0000000000408ca0      0x140
 *(.data.rel.ro.local* .gnu.linkonce.d.rel.ro.local.*)
 .data.rel.ro.local.long_opts
                0x0000000000408ca0      0x140 /home/lmg/Desktop/AEAgle/apps/demo-riot/bin/native64/cpu/startup.o
 *(.data.rel.ro .data.rel.ro.* .gnu.linkonce.d.rel.ro.*)
 .data.rel.ro   0x0000000000408de0        0x0 /usr/lib/gcc/x86_64-pc-linux-gnu/15.1.1/../../../../lib/crt1.o

.dynamic        0x0000000000408de0      0x1e0
 *(.dynamic)
 .dynamic       0x0000000000408de0      0x1e0 /usr/lib/gcc/x86_64-pc-linux-gnu/15.1.1/../../../../lib/crt1.o
                0x0000000000408de0                _DYNAMIC

.got            0x0000000000408fc0       0x20
 *(.got)
 .got           0x0000000000408fc0       0x20 /usr/lib/gcc/x86_64-pc-linux-gnu/15.1.1/../../../../lib/crt1.o
 *(.igot)
                0x0000000000408fe8                . = DATA_SEGMENT_RELRO_END (., (SIZEOF (.got.plt) >= 0x18)?0x18:0x0)

.got.plt        0x0000000000408fe8       0xf8
 *(.got.plt)
 .got.plt       0x0000000000408fe8       0xf8 /usr/lib/gcc/x86_64-pc-linux-gnu/15.1.1/../../../../lib/crt1.o
                0x0000000000408fe8                _GLOBAL_OFFSET_TABLE_
 *(.igot.plt)
 .igot.plt      0x00000000004090e0        0x0 /usr/lib/gcc/x86_64-pc-linux-gnu/15.1.1/../../../../lib/crt1.o

.data           0x00000000004090e0        0x8
 *(.data .data.* .gnu.linkonce.d.*)
 .data.rel.local._native_isr_context
                0x00000000004090e0        0x8 /home/lmg/Desktop/AEAgle/apps/demo-riot/bin/native64/cpu/irq.o
                0x00000000004090e0                _native_isr_context

.data1
 *(.data1)
                0x00000000004090e8                _edata = .
                [!provide]                        PROVIDE (edata = .)
                0x00000000004090e8                . = ALIGN (ALIGNOF (NEXT_SECTION))
                0x0000000000409100                __bss_start = .

.bss            0x0000000000409100     0xe6f8
 *(.dynbss)
 .dynbss        0x0000000000409100       0x28 /usr/lib/gcc/x86_64-pc-linux-gnu/15.1.1/../../../../lib/crt1.o
                0x0000000000409100                stdout@@GLIBC_2.2.5
                0x0000000000409110                stdin@@GLIBC_2.2.5
                0x0000000000409118                optind@@GLIBC_2.2.5
                0x0000000000409120                optarg@@GLIBC_2.2.5
 *(.bss .bss.* .gnu.linkonce.b.*)
 .bss           0x0000000000409128        0x1 /usr/lib/gcc/x86_64-pc-linux-gnu/15.1.1/crtbegin.o
 *fill*         0x0000000000409129       0x17 
 .bss.idle_stack
                0x0000000000409140     0x4000 /home/lmg/Desktop/AEAgle/apps/demo-riot/bin/native64/core_lib/init.o
 .bss.main_stack
                0x000000000040d140     0x5000 /home/lmg/Desktop/AEAgle/apps/demo-riot/bin/native64/core_lib/init.o
 .bss.crashed   0x0000000000412140        0x4 /home/lmg/Desktop/AEAgle/apps/demo-riot/bin/native64/core_lib/panic.o
 .bss.runqueue_bitcache
                0x0000000000412144        0x4 /home/lmg/Desktop/AEAgle/apps/demo-riot/bin/native64/core/sched.o
 *fill*         0x0000000000412148       0x18 
 .bss.sched_runqueues
                0x0000000000412160       0x80 /home/lmg/Desktop/AEAgle/apps/demo-riot/bin/native64/core/sched.o
                0x0000000000412160                sched_runqueues
 .bss.sched_context_switch_request
                0x00000000004121e0        0x4 /home/lmg/Desktop/AEAgle/apps/demo-riot/bin/native64/core/sched.o
                0x00000000004121e0                sched_context_switch_request
 *fill*         0x00000000004121e4        0x4 
 .bss.sched_active_thread
                0x00000000004121e8        0x8 /home/lmg/Desktop/AEAgle/apps/demo-riot/bin/native64/core/sched.o
                0x00000000004121e8                sched_active_thread
 .bss.sched_num_threads
                0x00000000004121f0        0x4 /home/lmg/Desktop/AEAgle/apps/demo-riot/bin/native64/core/sched.o
                0x00000000004121f0                sched_num_threads
 *fill*         0x00000000004121f4        0xc 
 .bss.sched_threads
                0x0000000000412200      0x108 /home/lmg/Desktop/AEAgle/apps/demo-riot/bin/native64/core/sched.o
                0x0000000000412200                sched_threads
 .bss.sched_active_pid
                0x0000000000412308        0x2 /home/lmg/Desktop/AEAgle/apps/demo-riot/bin/native64/core/sched.o
                0x0000000000412308                sched_active_pid
 *fill*         0x000000000041230a       0x16 
 .bss.pollers   0x0000000000412320      0x100 /home/lmg/Desktop/AEAgle/apps/demo-riot/bin/native64/cpu/async_read.o
 .bss._fds      0x0000000000412420       0x40 /home/lmg/Desktop/AEAgle/apps/demo-riot/bin/native64/cpu/async_read.o
 .bss._next_index
                0x0000000000412460        0x4 /home/lmg/Desktop/AEAgle/apps/demo-riot/bin/native64/cpu/async_read.o
 *fill*         0x0000000000412464       0x1c 
 .bss._end_context
                0x0000000000412480      0x3c8 /home/lmg/Desktop/AEAgle/apps/demo-riot/bin/native64/cpu/cpu.o
 *fill*         0x0000000000412848        0x8 
 .bss.sigstk.0  0x0000000000412850       0x18 /home/lmg/Desktop/AEAgle/apps/demo-riot/bin/native64/cpu/irq.o
 *fill*         0x0000000000412868       0x18 
 .bss._native_irq_handlers
                0x0000000000412880      0x7f8 /home/lmg/Desktop/AEAgle/apps/demo-riot/bin/native64/cpu/irq.o
 .bss._signal_pipe_fd
                0x0000000000413078        0x8 /home/lmg/Desktop/AEAgle/apps/demo-riot/bin/native64/cpu/irq.o
                0x0000000000413078                _signal_pipe_fd
 .bss._native_pending_signals
                0x0000000000413080        0x4 /home/lmg/Desktop/AEAgle/apps/demo-riot/bin/native64/cpu/irq.o
                0x0000000000413080                _native_pending_signals
 *fill*         0x0000000000413084       0x1c 
 .bss._native_sig_set_dint
                0x00000000004130a0       0x80 /home/lmg/Desktop/AEAgle/apps/demo-riot/bin/native64/cpu/irq.o
 .bss._native_sig_set
                0x0000000000413120       0x80 /home/lmg/Desktop/AEAgle/apps/demo-riot/bin/native64/cpu/irq.o
 .bss._native_user_fptr
                0x00000000004131a0        0x8 /home/lmg/Desktop/AEAgle/apps/demo-riot/bin/native64/cpu/irq.o
                0x00000000004131a0                _native_user_fptr
 .bss._native_current_context
                0x00000000004131a8        0x8 /home/lmg/Desktop/AEAgle/apps/demo-riot/bin/native64/cpu/irq.o
                0x00000000004131a8                _native_current_context
 *fill*         0x00000000004131b0       0x10 
 .bss._native_isr_context_storage
                0x00000000004131c0      0x3c8 /home/lmg/Desktop/AEAgle/apps/demo-riot/bin/native64/cpu/irq.o
 *fill*         0x0000000000413588       0x18 
 .bss._isr_stack
                0x00000000004135a0     0x4000 /home/lmg/Desktop/AEAgle/apps/demo-riot/bin/native64/cpu/irq.o
                0x00000000004135a0                _isr_stack
 .bss._native_pending_syscalls
                0x00000000004175a0        0x4 /home/lmg/Desktop/AEAgle/apps/demo-riot/bin/native64/cpu/irq.o
                0x00000000004175a0                _native_pending_syscalls
 .bss._native_in_isr
                0x00000000004175a4        0x4 /home/lmg/Desktop/AEAgle/apps/demo-riot/bin/native64/cpu/irq.o
                0x00000000004175a4                _native_in_isr
 .bss._native_interrupts_enabled
                0x00000000004175a8        0x1 /home/lmg/Desktop/AEAgle/apps/demo-riot/bin/native64/cpu/irq.o
                0x00000000004175a8                _native_interrupts_enabled
 *fill*         0x00000000004175a9        0x3 
 .bss._native_rng_mode
                0x00000000004175ac        0x4 /home/lmg/Desktop/AEAgle/apps/demo-riot/bin/native64/cpu/startup.o
                0x00000000004175ac                _native_rng_mode
 .bss._native_rng_seed
                0x00000000004175b0        0x4 /home/lmg/Desktop/AEAgle/apps/demo-riot/bin/native64/cpu/startup.o
                0x00000000004175b0                _native_rng_seed
 .bss._native_id
                0x00000000004175b4        0x4 /home/lmg/Desktop/AEAgle/apps/demo-riot/bin/native64/cpu/startup.o
                0x00000000004175b4                _native_id
 .bss._native_pid
                0x00000000004175b8        0x4 /home/lmg/Desktop/AEAgle/apps/demo-riot/bin/native64/cpu/startup.o
                0x00000000004175b8                _native_pid
 *fill*         0x00000000004175bc        0x4 
 .bss._native_argv
                0x00000000004175c0        0x8 /home/lmg/Desktop/AEAgle/apps/demo-riot/bin/native64/cpu/startup.o
                0x00000000004175c0                _native_argv
 .bss._progname
                0x00000000004175c8        0x8 /home/lmg/Desktop/AEAgle/apps/demo-riot/bin/native64/cpu/startup.o
                0x00000000004175c8                _progname
 .bss._native_null_out_file
                0x00000000004175d0        0x4 /home/lmg/Desktop/AEAgle/apps/demo-riot/bin/native64/cpu/startup.o
                0x00000000004175d0                _native_null_out_file
 *fill*         0x00000000004175d4        0x4 
 .bss._native_null_in_pipe
                0x00000000004175d8        0x8 /home/lmg/Desktop/AEAgle/apps/demo-riot/bin/native64/cpu/startup.o
                0x00000000004175d8                _native_null_in_pipe
 .bss._native_in_calloc
                0x00000000004175e0        0x4 /home/lmg/Desktop/AEAgle/apps/demo-riot/bin/native64/cpu/syscalls.o
                0x00000000004175e0                _native_in_calloc
 .bss._native_in_malloc
                0x00000000004175e4        0x4 /home/lmg/Desktop/AEAgle/apps/demo-riot/bin/native64/cpu/syscalls.o
                0x00000000004175e4                _native_in_malloc
 .bss.real_statvfs
                0x00000000004175e8        0x8 /home/lmg/Desktop/AEAgle/apps/demo-riot/bin/native64/cpu/syscalls.o
                0x00000000004175e8                real_statvfs
 .bss.real_rename
                0x00000000004175f0        0x8 /home/lmg/Desktop/AEAgle/apps/demo-riot/bin/native64/cpu/syscalls.o
                0x00000000004175f0                real_rename
 .bss.real_closedir
                0x00000000004175f8        0x8 /home/lmg/Desktop/AEAgle/apps/demo-riot/bin/native64/cpu/syscalls.o
                0x00000000004175f8                real_closedir
 .bss.real_readdir
                0x0000000000417600        0x8 /home/lmg/Desktop/AEAgle/apps/demo-riot/bin/native64/cpu/syscalls.o
                0x0000000000417600                real_readdir
 .bss.real_opendir
                0x0000000000417608        0x8 /home/lmg/Desktop/AEAgle/apps/demo-riot/bin/native64/cpu/syscalls.o
                0x0000000000417608                real_opendir
 .bss.real_rmdir
                0x0000000000417610        0x8 /home/lmg/Desktop/AEAgle/apps/demo-riot/bin/native64/cpu/syscalls.o
                0x0000000000417610                real_rmdir
 .bss.real_mkdir
                0x0000000000417618        0x8 /home/lmg/Desktop/AEAgle/apps/demo-riot/bin/native64/cpu/syscalls.o
                0x0000000000417618                real_mkdir
 .bss.real_fsync
                0x0000000000417620        0x8 /home/lmg/Desktop/AEAgle/apps/demo-riot/bin/native64/cpu/syscalls.o
                0x0000000000417620                real_fsync
 .bss.real_fstat
                0x0000000000417628        0x8 /home/lmg/Desktop/AEAgle/apps/demo-riot/bin/native64/cpu/syscalls.o
                0x0000000000417628                real_fstat
 .bss.real_lseek
                0x0000000000417630        0x8 /home/lmg/Desktop/AEAgle/apps/demo-riot/bin/native64/cpu/syscalls.o
                0x0000000000417630                real_lseek
 .bss.real_send
                0x0000000000417638        0x8 /home/lmg/Desktop/AEAgle/apps/demo-riot/bin/native64/cpu/syscalls.o
                0x0000000000417638                real_send
 .bss.real_writev
                0x0000000000417640        0x8 /home/lmg/Desktop/AEAgle/apps/demo-riot/bin/native64/cpu/syscalls.o
                0x0000000000417640                real_writev
 .bss.real_umask
                0x0000000000417648        0x8 /home/lmg/Desktop/AEAgle/apps/demo-riot/bin/native64/cpu/syscalls.o
                0x0000000000417648                real_umask
 .bss.real_fgetc
                0x0000000000417650        0x8 /home/lmg/Desktop/AEAgle/apps/demo-riot/bin/native64/cpu/syscalls.o
                0x0000000000417650                real_fgetc
 .bss.real_fputc
                0x0000000000417658        0x8 /home/lmg/Desktop/AEAgle/apps/demo-riot/bin/native64/cpu/syscalls.o
                0x0000000000417658                real_fputc
 .bss.real_ftell
                0x0000000000417660        0x8 /home/lmg/Desktop/AEAgle/apps/demo-riot/bin/native64/cpu/syscalls.o
                0x0000000000417660                real_ftell
 .bss.real_fseek
                0x0000000000417668        0x8 /home/lmg/Desktop/AEAgle/apps/demo-riot/bin/native64/cpu/syscalls.o
                0x0000000000417668                real_fseek
 .bss.real_fclose
                0x0000000000417670        0x8 /home/lmg/Desktop/AEAgle/apps/demo-riot/bin/native64/cpu/syscalls.o
                0x0000000000417670                real_fclose
 .bss.real_fopen
                0x0000000000417678        0x8 /home/lmg/Desktop/AEAgle/apps/demo-riot/bin/native64/cpu/syscalls.o
                0x0000000000417678                real_fopen
 .bss.real_gai_strerror
                0x0000000000417680        0x8 /home/lmg/Desktop/AEAgle/apps/demo-riot/bin/native64/cpu/syscalls.o
                0x0000000000417680                real_gai_strerror
 .bss.real_random
                0x0000000000417688        0x8 /home/lmg/Desktop/AEAgle/apps/demo-riot/bin/native64/cpu/syscalls.o
                0x0000000000417688                real_random
 .bss.real_unlink
                0x0000000000417690        0x8 /home/lmg/Desktop/AEAgle/apps/demo-riot/bin/native64/cpu/syscalls.o
                0x0000000000417690                real_unlink
 .bss.real_socket
                0x0000000000417698        0x8 /home/lmg/Desktop/AEAgle/apps/demo-riot/bin/native64/cpu/syscalls.o
                0x0000000000417698                real_socket
 .bss.real_setsockopt
                0x00000000004176a0        0x8 /home/lmg/Desktop/AEAgle/apps/demo-riot/bin/native64/cpu/syscalls.o
                0x00000000004176a0                real_setsockopt
 .bss.real_setsid
                0x00000000004176a8        0x8 /home/lmg/Desktop/AEAgle/apps/demo-riot/bin/native64/cpu/syscalls.o
                0x00000000004176a8                real_setsid
 .bss.real_poll
                0x00000000004176b0        0x8 /home/lmg/Desktop/AEAgle/apps/demo-riot/bin/native64/cpu/syscalls.o
                0x00000000004176b0                real_poll
 .bss.real_select
                0x00000000004176b8        0x8 /home/lmg/Desktop/AEAgle/apps/demo-riot/bin/native64/cpu/syscalls.o
                0x00000000004176b8                real_select
 .bss.real_pipe
                0x00000000004176c0        0x8 /home/lmg/Desktop/AEAgle/apps/demo-riot/bin/native64/cpu/syscalls.o
                0x00000000004176c0                real_pipe
 .bss.real_pause
                0x00000000004176c8        0x8 /home/lmg/Desktop/AEAgle/apps/demo-riot/bin/native64/cpu/syscalls.o
                0x00000000004176c8                real_pause
 .bss.real_open
                0x00000000004176d0        0x8 /home/lmg/Desktop/AEAgle/apps/demo-riot/bin/native64/cpu/syscalls.o
                0x00000000004176d0                real_open
 .bss.real_ioctl
                0x00000000004176d8        0x8 /home/lmg/Desktop/AEAgle/apps/demo-riot/bin/native64/cpu/syscalls.o
                0x00000000004176d8                real_ioctl
 .bss.real_listen
                0x00000000004176e0        0x8 /home/lmg/Desktop/AEAgle/apps/demo-riot/bin/native64/cpu/syscalls.o
                0x00000000004176e0                real_listen
 .bss.real_ferror
                0x00000000004176e8        0x8 /home/lmg/Desktop/AEAgle/apps/demo-riot/bin/native64/cpu/syscalls.o
                0x00000000004176e8                real_ferror
 .bss.real_feof
                0x00000000004176f0        0x8 /home/lmg/Desktop/AEAgle/apps/demo-riot/bin/native64/cpu/syscalls.o
                0x00000000004176f0                real_feof
 .bss.real_fork
                0x00000000004176f8        0x8 /home/lmg/Desktop/AEAgle/apps/demo-riot/bin/native64/cpu/syscalls.o
                0x00000000004176f8                real_fork
 .bss.real_execve
                0x0000000000417700        0x8 /home/lmg/Desktop/AEAgle/apps/demo-riot/bin/native64/cpu/syscalls.o
                0x0000000000417700                real_execve
 .bss.real_dup2
                0x0000000000417708        0x8 /home/lmg/Desktop/AEAgle/apps/demo-riot/bin/native64/cpu/syscalls.o
                0x0000000000417708                real_dup2
 .bss.real_creat
                0x0000000000417710        0x8 /home/lmg/Desktop/AEAgle/apps/demo-riot/bin/native64/cpu/syscalls.o
                0x0000000000417710                real_creat
 .bss.real_fcntl
                0x0000000000417718        0x8 /home/lmg/Desktop/AEAgle/apps/demo-riot/bin/native64/cpu/syscalls.o
                0x0000000000417718                real_fcntl
 .bss.real_close
                0x0000000000417720        0x8 /home/lmg/Desktop/AEAgle/apps/demo-riot/bin/native64/cpu/syscalls.o
                0x0000000000417720                real_close
 .bss.real_chdir
                0x0000000000417728        0x8 /home/lmg/Desktop/AEAgle/apps/demo-riot/bin/native64/cpu/syscalls.o
                0x0000000000417728                real_chdir
 .bss.real_getpid
                0x0000000000417730        0x8 /home/lmg/Desktop/AEAgle/apps/demo-riot/bin/native64/cpu/syscalls.o
                0x0000000000417730                real_getpid
 .bss.real_gettimeofday
                0x0000000000417738        0x8 /home/lmg/Desktop/AEAgle/apps/demo-riot/bin/native64/cpu/syscalls.o
                0x0000000000417738                real_gettimeofday
 .bss.real_getifaddrs
                0x0000000000417740        0x8 /home/lmg/Desktop/AEAgle/apps/demo-riot/bin/native64/cpu/syscalls.o
                0x0000000000417740                real_getifaddrs
 .bss.real_getaddrinfo
                0x0000000000417748        0x8 /home/lmg/Desktop/AEAgle/apps/demo-riot/bin/native64/cpu/syscalls.o
                0x0000000000417748                real_getaddrinfo
 .bss.real_printf
                0x0000000000417750        0x8 /home/lmg/Desktop/AEAgle/apps/demo-riot/bin/native64/cpu/syscalls.o
                0x0000000000417750                real_printf
 .bss.real_connect
                0x0000000000417758        0x8 /home/lmg/Desktop/AEAgle/apps/demo-riot/bin/native64/cpu/syscalls.o
                0x0000000000417758                real_connect
 .bss.real_bind
                0x0000000000417760        0x8 /home/lmg/Desktop/AEAgle/apps/demo-riot/bin/native64/cpu/syscalls.o
                0x0000000000417760                real_bind
 .bss.real_accept
                0x0000000000417768        0x8 /home/lmg/Desktop/AEAgle/apps/demo-riot/bin/native64/cpu/syscalls.o
                0x0000000000417768                real_accept
 .bss.real_srandom
                0x0000000000417770        0x8 /home/lmg/Desktop/AEAgle/apps/demo-riot/bin/native64/cpu/syscalls.o
                0x0000000000417770                real_srandom
 .bss.real_freeifaddrs
                0x0000000000417778        0x8 /home/lmg/Desktop/AEAgle/apps/demo-riot/bin/native64/cpu/syscalls.o
                0x0000000000417778                real_freeifaddrs
 .bss.real_freeaddrinfo
                0x0000000000417780        0x8 /home/lmg/Desktop/AEAgle/apps/demo-riot/bin/native64/cpu/syscalls.o
                0x0000000000417780                real_freeaddrinfo
 .bss.real_realloc
                0x0000000000417788        0x8 /home/lmg/Desktop/AEAgle/apps/demo-riot/bin/native64/cpu/syscalls.o
                0x0000000000417788                real_realloc
 .bss.real_calloc
                0x0000000000417790        0x8 /home/lmg/Desktop/AEAgle/apps/demo-riot/bin/native64/cpu/syscalls.o
                0x0000000000417790                real_calloc
 .bss.real_malloc
                0x0000000000417798        0x8 /home/lmg/Desktop/AEAgle/apps/demo-riot/bin/native64/cpu/syscalls.o
                0x0000000000417798                real_malloc
 .bss.real_free
                0x00000000004177a0        0x8 /home/lmg/Desktop/AEAgle/apps/demo-riot/bin/native64/cpu/syscalls.o
                0x00000000004177a0                real_free
 .bss.real_exit
                0x00000000004177a8        0x8 /home/lmg/Desktop/AEAgle/apps/demo-riot/bin/native64/cpu/syscalls.o
                0x00000000004177a8                real_exit
 .bss.real_clearerr
                0x00000000004177b0        0x8 /home/lmg/Desktop/AEAgle/apps/demo-riot/bin/native64/cpu/syscalls.o
                0x00000000004177b0                real_clearerr
 .bss.real_recv
                0x00000000004177b8        0x8 /home/lmg/Desktop/AEAgle/apps/demo-riot/bin/native64/cpu/syscalls.o
                0x00000000004177b8                real_recv
 .bss.real_fread
                0x00000000004177c0        0x8 /home/lmg/Desktop/AEAgle/apps/demo-riot/bin/native64/cpu/syscalls.o
                0x00000000004177c0                real_fread
 .bss.real_write
                0x00000000004177c8        0x8 /home/lmg/Desktop/AEAgle/apps/demo-riot/bin/native64/cpu/syscalls.o
                0x00000000004177c8                real_write
 .bss.real_read
                0x00000000004177d0        0x8 /home/lmg/Desktop/AEAgle/apps/demo-riot/bin/native64/cpu/syscalls.o
                0x00000000004177d0                real_read
 .bss.port_numof
                0x00000000004177d8        0x4 /home/lmg/Desktop/AEAgle/apps/demo-riot/bin/native64/periph/gpio_linux.o
 *fill*         0x00000000004177dc        0x4 
 .bss.ports     0x00000000004177e0        0x8 /home/lmg/Desktop/AEAgle/apps/demo-riot/bin/native64/periph/gpio_linux.o
 .bss._native_retval
                0x00000000004177e8        0x4 /home/lmg/Desktop/AEAgle/apps/demo-riot/bin/native64/periph/pm.o
                0x00000000004177e8                _native_retval
 *fill*         0x00000000004177ec        0x4 
 .bss.tty_device_filenames
                0x00000000004177f0        0x8 /home/lmg/Desktop/AEAgle/apps/demo-riot/bin/native64/periph/uart.o
 *(COMMON)
                0x00000000004177f8                . = ALIGN ((. != 0x0)?0x8:0x1)

.lbss
 *(.dynlbss)
 *(.lbss .lbss.* .gnu.linkonce.lb.*)
 *(LARGE_COMMON)
                0x00000000004177f8                . = ALIGN (0x8)
                0x00000000004177f8                . = SEGMENT_START ("ldata-segment", .)

.lrodata
 *(.lrodata .lrodata.* .gnu.linkonce.lr.*)

.ldata          0x00000000004197f8        0x0
 *(.ldata .ldata.* .gnu.linkonce.l.*)
                0x00000000004197f8                . = ALIGN ((. != 0x0)?0x8:0x1)
                0x00000000004197f8                . = ALIGN (0x8)
                0x00000000004177f8                _end = .
                [!provide]                        PROVIDE (end = .)
                0x00000000004197f8                . = DATA_SEGMENT_END (.)

.stab
 *(.stab)

.stabstr
 *(.stabstr)

.stab.excl
 *(.stab.excl)

.stab.exclstr
 *(.stab.exclstr)

.stab.index
 *(.stab.index)

.stab.indexstr
 *(.stab.indexstr)

.comment        0x0000000000000000       0x1b
 *(.comment)
 .comment       0x0000000000000000       0x1b /usr/lib/gcc/x86_64-pc-linux-gnu/15.1.1/../../../../lib/crt1.o
                                         0x54 (size before relaxing)
 .comment       0x000000000000001b       0x1c /usr/lib/gcc/x86_64-pc-linux-gnu/15.1.1/crtbegin.o
 .comment       0x000000000000001b       0x1c /home/lmg/Desktop/AEAgle/apps/demo-riot/bin/native64/application_demo-riot/main.o
 .comment       0x000000000000001b       0x1c /home/lmg/Desktop/AEAgle/apps/demo-riot/bin/native64/auto_init/auto_init.o
 .comment       0x000000000000001b       0x1c /home/lmg/Desktop/AEAgle/apps/demo-riot/bin/native64/board_common_init/board_common.o
 .comment       0x000000000000001b       0x1c /home/lmg/Desktop/AEAgle/apps/demo-riot/bin/native64/boards_common_native/board_init.o
 .comment       0x000000000000001b       0x1c /home/lmg/Desktop/AEAgle/apps/demo-riot/bin/native64/core/cond.o
 .comment       0x000000000000001b       0x1c /home/lmg/Desktop/AEAgle/apps/demo-riot/bin/native64/core_lib/assert.o
 .comment       0x000000000000001b       0x1c /home/lmg/Desktop/AEAgle/apps/demo-riot/bin/native64/core_lib/atomic_c11.o
 .comment       0x000000000000001b       0x1c /home/lmg/Desktop/AEAgle/apps/demo-riot/bin/native64/core_lib/bitarithm.o
 .comment       0x000000000000001b       0x1c /home/lmg/Desktop/AEAgle/apps/demo-riot/bin/native64/core_lib/clist.o
 .comment       0x000000000000001b       0x1c /home/lmg/Desktop/AEAgle/apps/demo-riot/bin/native64/core_lib/init.o
 .comment       0x000000000000001b       0x1c /home/lmg/Desktop/AEAgle/apps/demo-riot/bin/native64/core_lib/panic.o
 .comment       0x000000000000001b       0x1c /home/lmg/Desktop/AEAgle/apps/demo-riot/bin/native64/core_lib/priority_queue.o
 .comment       0x000000000000001b       0x1c /home/lmg/Desktop/AEAgle/apps/demo-riot/bin/native64/core_lib/ringbuffer.o
 .comment       0x000000000000001b       0x1c /home/lmg/Desktop/AEAgle/apps/demo-riot/bin/native64/core_lib/rmutex.o
 .comment       0x000000000000001b       0x1c /home/lmg/Desktop/AEAgle/apps/demo-riot/bin/native64/core/msg.o
 .comment       0x000000000000001b       0x1c /home/lmg/Desktop/AEAgle/apps/demo-riot/bin/native64/core/mutex.o
 .comment       0x000000000000001b       0x1c /home/lmg/Desktop/AEAgle/apps/demo-riot/bin/native64/core/sched.o
 .comment       0x000000000000001b       0x1c /home/lmg/Desktop/AEAgle/apps/demo-riot/bin/native64/core/thread.o
 .comment       0x000000000000001b       0x1c /home/lmg/Desktop/AEAgle/apps/demo-riot/bin/native64/cpu/async_read.o
 .comment       0x000000000000001b       0x1c /home/lmg/Desktop/AEAgle/apps/demo-riot/bin/native64/cpu/cpu.o
 .comment       0x000000000000001b       0x1c /home/lmg/Desktop/AEAgle/apps/demo-riot/bin/native64/cpu/irq.o
 .comment       0x000000000000001b       0x1c /home/lmg/Desktop/AEAgle/apps/demo-riot/bin/native64/cpu/panic.o
 .comment       0x000000000000001b       0x1c /home/lmg/Desktop/AEAgle/apps/demo-riot/bin/native64/cpu/startup.o
 .comment       0x000000000000001b       0x1c /home/lmg/Desktop/AEAgle/apps/demo-riot/bin/native64/cpu/syscalls.o
 .comment       0x000000000000001b       0x1c /home/lmg/Desktop/AEAgle/apps/demo-riot/bin/native64/libc/string.o
 .comment       0x000000000000001b       0x1c /home/lmg/Desktop/AEAgle/apps/demo-riot/bin/native64/native_drivers/native-led.o
 .comment       0x000000000000001b       0x1c /home/lmg/Desktop/AEAgle/apps/demo-riot/bin/native64/periph_common/gpio.o
 .comment       0x000000000000001b       0x1c /home/lmg/Desktop/AEAgle/apps/demo-riot/bin/native64/periph_common/init_buttons.o
 .comment       0x000000000000001b       0x1c /home/lmg/Desktop/AEAgle/apps/demo-riot/bin/native64/periph_common/init_leds.o
 .comment       0x000000000000001b       0x1c /home/lmg/Desktop/AEAgle/apps/demo-riot/bin/native64/periph_common/init.o
 .comment       0x000000000000001b       0x1c /home/lmg/Desktop/AEAgle/apps/demo-riot/bin/native64/periph/gpio_linux.o
 .comment       0x000000000000001b       0x1c /home/lmg/Desktop/AEAgle/apps/demo-riot/bin/native64/periph/pm.o
 .comment       0x000000000000001b       0x1c /home/lmg/Desktop/AEAgle/apps/demo-riot/bin/native64/periph/uart.o
 .comment       0x000000000000001b       0x1c /home/lmg/Desktop/AEAgle/apps/demo-riot/bin/native64/stdio_native/stdio_native.o
 .comment       0x000000000000001b       0x1c /home/lmg/Desktop/AEAgle/apps/demo-riot/bin/native64/stdio/stdio.o
 .comment       0x000000000000001b       0x1c /usr/lib/gcc/x86_64-pc-linux-gnu/15.1.1/crtend.o

.gnu.build.attributes
 *(.gnu.build.attributes .gnu.build.attributes.*)

.debug
 *(.debug)

.line
 *(.line)

.debug_srcinfo
 *(.debug_srcinfo)

.debug_sfnames
 *(.debug_sfnames)

.debug_aranges  0x0000000000000000     0x15c0
 *(.debug_aranges)
 .debug_aranges
                0x0000000000000000       0x30 /home/lmg/Desktop/AEAgle/apps/demo-riot/bin/native64/application_demo-riot/main.o
 .debug_aranges
                0x0000000000000030       0x30 /home/lmg/Desktop/AEAgle/apps/demo-riot/bin/native64/auto_init/auto_init.o
 .debug_aranges
                0x0000000000000060       0x30 /home/lmg/Desktop/AEAgle/apps/demo-riot/bin/native64/board_common_init/board_common.o
 .debug_aranges
                0x0000000000000090       0x30 /home/lmg/Desktop/AEAgle/apps/demo-riot/bin/native64/boards_common_native/board_init.o
 .debug_aranges
                0x00000000000000c0       0x70 /home/lmg/Desktop/AEAgle/apps/demo-riot/bin/native64/core/cond.o
 .debug_aranges
                0x0000000000000130       0x50 /home/lmg/Desktop/AEAgle/apps/demo-riot/bin/native64/core_lib/assert.o
 .debug_aranges
                0x0000000000000180      0x470 /home/lmg/Desktop/AEAgle/apps/demo-riot/bin/native64/core_lib/atomic_c11.o
 .debug_aranges
                0x00000000000005f0       0x40 /home/lmg/Desktop/AEAgle/apps/demo-riot/bin/native64/core_lib/bitarithm.o
 .debug_aranges
                0x0000000000000630       0x30 /home/lmg/Desktop/AEAgle/apps/demo-riot/bin/native64/core_lib/clist.o
 .debug_aranges
                0x0000000000000660       0x60 /home/lmg/Desktop/AEAgle/apps/demo-riot/bin/native64/core_lib/init.o
 .debug_aranges
                0x00000000000006c0       0x50 /home/lmg/Desktop/AEAgle/apps/demo-riot/bin/native64/core_lib/panic.o
 .debug_aranges
                0x0000000000000710       0x50 /home/lmg/Desktop/AEAgle/apps/demo-riot/bin/native64/core_lib/priority_queue.o
 .debug_aranges
                0x0000000000000760       0xb0 /home/lmg/Desktop/AEAgle/apps/demo-riot/bin/native64/core_lib/ringbuffer.o
 .debug_aranges
                0x0000000000000810       0x60 /home/lmg/Desktop/AEAgle/apps/demo-riot/bin/native64/core_lib/rmutex.o
 .debug_aranges
                0x0000000000000870      0x180 /home/lmg/Desktop/AEAgle/apps/demo-riot/bin/native64/core/msg.o
 .debug_aranges
                0x00000000000009f0       0x70 /home/lmg/Desktop/AEAgle/apps/demo-riot/bin/native64/core/mutex.o
 .debug_aranges
                0x0000000000000a60       0x90 /home/lmg/Desktop/AEAgle/apps/demo-riot/bin/native64/core/sched.o
 .debug_aranges
                0x0000000000000af0       0xe0 /home/lmg/Desktop/AEAgle/apps/demo-riot/bin/native64/core/thread.o
 .debug_aranges
                0x0000000000000bd0       0xb0 /home/lmg/Desktop/AEAgle/apps/demo-riot/bin/native64/cpu/async_read.o
 .debug_aranges
                0x0000000000000c80       0xe0 /home/lmg/Desktop/AEAgle/apps/demo-riot/bin/native64/cpu/cpu.o
 .debug_aranges
                0x0000000000000d60      0x170 /home/lmg/Desktop/AEAgle/apps/demo-riot/bin/native64/cpu/irq.o
 .debug_aranges
                0x0000000000000ed0       0x30 /home/lmg/Desktop/AEAgle/apps/demo-riot/bin/native64/cpu/native.o
 .debug_aranges
                0x0000000000000f00       0x30 /home/lmg/Desktop/AEAgle/apps/demo-riot/bin/native64/cpu/panic.o
 .debug_aranges
                0x0000000000000f30       0x90 /home/lmg/Desktop/AEAgle/apps/demo-riot/bin/native64/cpu/startup.o
 .debug_aranges
                0x0000000000000fc0      0x210 /home/lmg/Desktop/AEAgle/apps/demo-riot/bin/native64/cpu/syscalls.o
 .debug_aranges
                0x00000000000011d0       0x60 /home/lmg/Desktop/AEAgle/apps/demo-riot/bin/native64/libc/string.o
 .debug_aranges
                0x0000000000001230       0x80 /home/lmg/Desktop/AEAgle/apps/demo-riot/bin/native64/native_drivers/native-led.o
 .debug_aranges
                0x00000000000012b0       0x30 /home/lmg/Desktop/AEAgle/apps/demo-riot/bin/native64/periph_common/gpio.o
 .debug_aranges
                0x00000000000012e0       0x30 /home/lmg/Desktop/AEAgle/apps/demo-riot/bin/native64/periph_common/init_buttons.o
 .debug_aranges
                0x0000000000001310       0x30 /home/lmg/Desktop/AEAgle/apps/demo-riot/bin/native64/periph_common/init_leds.o
 .debug_aranges
                0x0000000000001340       0x30 /home/lmg/Desktop/AEAgle/apps/demo-riot/bin/native64/periph_common/init.o
 .debug_aranges
                0x0000000000001370       0xb0 /home/lmg/Desktop/AEAgle/apps/demo-riot/bin/native64/periph/gpio_linux.o
 .debug_aranges
                0x0000000000001420       0x70 /home/lmg/Desktop/AEAgle/apps/demo-riot/bin/native64/periph/pm.o
 .debug_aranges
                0x0000000000001490       0x80 /home/lmg/Desktop/AEAgle/apps/demo-riot/bin/native64/periph/uart.o
 .debug_aranges
                0x0000000000001510       0x70 /home/lmg/Desktop/AEAgle/apps/demo-riot/bin/native64/stdio_native/stdio_native.o
 .debug_aranges
                0x0000000000001580       0x40 /home/lmg/Desktop/AEAgle/apps/demo-riot/bin/native64/stdio/stdio.o

.debug_pubnames
 *(.debug_pubnames)

.debug_info     0x0000000000000000    0x15c3a
 *(.debug_info .gnu.linkonce.wi.*)
 .debug_info    0x0000000000000000      0x154 /home/lmg/Desktop/AEAgle/apps/demo-riot/bin/native64/application_demo-riot/main.o
 .debug_info    0x0000000000000154      0x1b9 /home/lmg/Desktop/AEAgle/apps/demo-riot/bin/native64/auto_init/auto_init.o
 .debug_info    0x000000000000030d       0xc6 /home/lmg/Desktop/AEAgle/apps/demo-riot/bin/native64/board_common_init/board_common.o
 .debug_info    0x00000000000003d3      0x1ab /home/lmg/Desktop/AEAgle/apps/demo-riot/bin/native64/boards_common_native/board_init.o
 .debug_info    0x000000000000057e      0x81f /home/lmg/Desktop/AEAgle/apps/demo-riot/bin/native64/core/cond.o
 .debug_info    0x0000000000000d9d      0x2c5 /home/lmg/Desktop/AEAgle/apps/demo-riot/bin/native64/core_lib/assert.o
 .debug_info    0x0000000000001062     0x2efa /home/lmg/Desktop/AEAgle/apps/demo-riot/bin/native64/core_lib/atomic_c11.o
 .debug_info    0x0000000000003f5c      0x17b /home/lmg/Desktop/AEAgle/apps/demo-riot/bin/native64/core_lib/bitarithm.o
 .debug_info    0x00000000000040d7      0x1f1 /home/lmg/Desktop/AEAgle/apps/demo-riot/bin/native64/core_lib/clist.o
 .debug_info    0x00000000000042c8      0x410 /home/lmg/Desktop/AEAgle/apps/demo-riot/bin/native64/core_lib/init.o
 .debug_info    0x00000000000046d8      0x281 /home/lmg/Desktop/AEAgle/apps/demo-riot/bin/native64/core_lib/panic.o
 .debug_info    0x0000000000004959      0x277 /home/lmg/Desktop/AEAgle/apps/demo-riot/bin/native64/core_lib/priority_queue.o
 .debug_info    0x0000000000004bd0      0x63d /home/lmg/Desktop/AEAgle/apps/demo-riot/bin/native64/core_lib/ringbuffer.o
 .debug_info    0x000000000000520d      0x75a /home/lmg/Desktop/AEAgle/apps/demo-riot/bin/native64/core_lib/rmutex.o
 .debug_info    0x0000000000005967     0x2136 /home/lmg/Desktop/AEAgle/apps/demo-riot/bin/native64/core/msg.o
 .debug_info    0x0000000000007a9d      0xc1e /home/lmg/Desktop/AEAgle/apps/demo-riot/bin/native64/core/mutex.o
 .debug_info    0x00000000000086bb      0xe88 /home/lmg/Desktop/AEAgle/apps/demo-riot/bin/native64/core/sched.o
 .debug_info    0x0000000000009543     0x10bb /home/lmg/Desktop/AEAgle/apps/demo-riot/bin/native64/core/thread.o
 .debug_info    0x000000000000a5fe      0xabd /home/lmg/Desktop/AEAgle/apps/demo-riot/bin/native64/cpu/async_read.o
 .debug_info    0x000000000000b0bb     0x1739 /home/lmg/Desktop/AEAgle/apps/demo-riot/bin/native64/cpu/cpu.o
 .debug_info    0x000000000000c7f4     0x27c3 /home/lmg/Desktop/AEAgle/apps/demo-riot/bin/native64/cpu/irq.o
 .debug_info    0x000000000000efb7       0x28 /home/lmg/Desktop/AEAgle/apps/demo-riot/bin/native64/cpu/native.o
 .debug_info    0x000000000000efdf      0x131 /home/lmg/Desktop/AEAgle/apps/demo-riot/bin/native64/cpu/panic.o
 .debug_info    0x000000000000f110     0x1008 /home/lmg/Desktop/AEAgle/apps/demo-riot/bin/native64/cpu/startup.o
 .debug_info    0x0000000000010118     0x36b6 /home/lmg/Desktop/AEAgle/apps/demo-riot/bin/native64/cpu/syscalls.o
 .debug_info    0x00000000000137ce      0x418 /home/lmg/Desktop/AEAgle/apps/demo-riot/bin/native64/libc/string.o
 .debug_info    0x0000000000013be6      0x254 /home/lmg/Desktop/AEAgle/apps/demo-riot/bin/native64/native_drivers/native-led.o
 .debug_info    0x0000000000013e3a      0x1bc /home/lmg/Desktop/AEAgle/apps/demo-riot/bin/native64/periph_common/gpio.o
 .debug_info    0x0000000000013ff6       0xc6 /home/lmg/Desktop/AEAgle/apps/demo-riot/bin/native64/periph_common/init_buttons.o
 .debug_info    0x00000000000140bc       0xc6 /home/lmg/Desktop/AEAgle/apps/demo-riot/bin/native64/periph_common/init_leds.o
 .debug_info    0x0000000000014182       0xf5 /home/lmg/Desktop/AEAgle/apps/demo-riot/bin/native64/periph_common/init.o
 .debug_info    0x0000000000014277      0x8c9 /home/lmg/Desktop/AEAgle/apps/demo-riot/bin/native64/periph/gpio_linux.o
 .debug_info    0x0000000000014b40      0x3e6 /home/lmg/Desktop/AEAgle/apps/demo-riot/bin/native64/periph/pm.o
 .debug_info    0x0000000000014f26      0x813 /home/lmg/Desktop/AEAgle/apps/demo-riot/bin/native64/periph/uart.o
 .debug_info    0x0000000000015739      0x2a8 /home/lmg/Desktop/AEAgle/apps/demo-riot/bin/native64/stdio_native/stdio_native.o
 .debug_info    0x00000000000159e1      0x259 /home/lmg/Desktop/AEAgle/apps/demo-riot/bin/native64/stdio/stdio.o

.debug_abbrev   0x0000000000000000     0x4923
 *(.debug_abbrev)
 .debug_abbrev  0x0000000000000000       0xa8 /home/lmg/Desktop/AEAgle/apps/demo-riot/bin/native64/application_demo-riot/main.o
 .debug_abbrev  0x00000000000000a8      0x13b /home/lmg/Desktop/AEAgle/apps/demo-riot/bin/native64/auto_init/auto_init.o
 .debug_abbrev  0x00000000000001e3       0x5d /home/lmg/Desktop/AEAgle/apps/demo-riot/bin/native64/board_common_init/board_common.o
 .debug_abbrev  0x0000000000000240       0xa0 /home/lmg/Desktop/AEAgle/apps/demo-riot/bin/native64/boards_common_native/board_init.o
 .debug_abbrev  0x00000000000002e0      0x2b0 /home/lmg/Desktop/AEAgle/apps/demo-riot/bin/native64/core/cond.o
 .debug_abbrev  0x0000000000000590      0x166 /home/lmg/Desktop/AEAgle/apps/demo-riot/bin/native64/core_lib/assert.o
 .debug_abbrev  0x00000000000006f6      0x225 /home/lmg/Desktop/AEAgle/apps/demo-riot/bin/native64/core_lib/atomic_c11.o
 .debug_abbrev  0x000000000000091b       0xe9 /home/lmg/Desktop/AEAgle/apps/demo-riot/bin/native64/core_lib/bitarithm.o
 .debug_abbrev  0x0000000000000a04      0x129 /home/lmg/Desktop/AEAgle/apps/demo-riot/bin/native64/core_lib/clist.o
 .debug_abbrev  0x0000000000000b2d      0x1d1 /home/lmg/Desktop/AEAgle/apps/demo-riot/bin/native64/core_lib/init.o
 .debug_abbrev  0x0000000000000cfe      0x157 /home/lmg/Desktop/AEAgle/apps/demo-riot/bin/native64/core_lib/panic.o
 .debug_abbrev  0x0000000000000e55      0x12c /home/lmg/Desktop/AEAgle/apps/demo-riot/bin/native64/core_lib/priority_queue.o