Archive member included to satisfy reference by file (symbol)

/usr/lib/gcc/arm-none-eabi/14.2.0/../../../../arm-none-eabi/lib/thumb/v7e-m+fp/hard/libc_nano.a(libc_a-malloc.o)
                              /home/lmg/Desktop/AEAgle/apps/demo-riot/bin/cc1352-launchpad/malloc_thread_safe/malloc_wrappers.o (malloc)
/usr/lib/gcc/arm-none-eabi/14.2.0/../../../../arm-none-eabi/lib/thumb/v7e-m+fp/hard/libc_nano.a(libc_a-mallocr.o)
                              /usr/lib/gcc/arm-none-eabi/14.2.0/../../../../arm-none-eabi/lib/thumb/v7e-m+fp/hard/libc_nano.a(libc_a-malloc.o) (_malloc_r)
/usr/lib/gcc/arm-none-eabi/14.2.0/../../../../arm-none-eabi/lib/thumb/v7e-m+fp/hard/libc_nano.a(libc_a-mlock.o)
                              /usr/lib/gcc/arm-none-eabi/14.2.0/../../../../arm-none-eabi/lib/thumb/v7e-m+fp/hard/libc_nano.a(libc_a-mallocr.o) (__malloc_lock)
/usr/lib/gcc/arm-none-eabi/14.2.0/../../../../arm-none-eabi/lib/thumb/v7e-m+fp/hard/libc_nano.a(libc_a-mstats.o)
                              /home/lmg/Desktop/AEAgle/apps/demo-riot/bin/cc1352-launchpad/newlib_syscalls_default/syscalls.o (mallinfo)
/usr/lib/gcc/arm-none-eabi/14.2.0/../../../../arm-none-eabi/lib/thumb/v7e-m+fp/hard/libc_nano.a(libc_a-realloc.o)
                              /home/lmg/Desktop/AEAgle/apps/demo-riot/bin/cc1352-launchpad/malloc_thread_safe/malloc_wrappers.o (realloc)
/usr/lib/gcc/arm-none-eabi/14.2.0/../../../../arm-none-eabi/lib/thumb/v7e-m+fp/hard/libc_nano.a(libc_a-reallocr.o)
                              /usr/lib/gcc/arm-none-eabi/14.2.0/../../../../arm-none-eabi/lib/thumb/v7e-m+fp/hard/libc_nano.a(libc_a-realloc.o) (_realloc_r)
/usr/lib/gcc/arm-none-eabi/14.2.0/../../../../arm-none-eabi/lib/thumb/v7e-m+fp/hard/libc_nano.a(libc_a-malloptr.o)
                              /usr/lib/gcc/arm-none-eabi/14.2.0/../../../../arm-none-eabi/lib/thumb/v7e-m+fp/hard/libc_nano.a(libc_a-mstats.o) (_mallopt_r)
/usr/lib/gcc/arm-none-eabi/14.2.0/../../../../arm-none-eabi/lib/thumb/v7e-m+fp/hard/libc_nano.a(libc_a-findfp.o)
                              /home/lmg/Desktop/AEAgle/apps/demo-riot/bin/cc1352-launchpad/newlib_syscalls_default/syscalls.o (__sinit)
/usr/lib/gcc/arm-none-eabi/14.2.0/../../../../arm-none-eabi/lib/thumb/v7e-m+fp/hard/libc_nano.a(libc_a-fprintf.o)
                              /usr/lib/gcc/arm-none-eabi/14.2.0/../../../../arm-none-eabi/lib/thumb/v7e-m+fp/hard/libc_nano.a(libc_a-mstats.o) (fiprintf)
/usr/lib/gcc/arm-none-eabi/14.2.0/../../../../arm-none-eabi/lib/thumb/v7e-m+fp/hard/libc_nano.a(libc_a-fwalk.o)
                              /usr/lib/gcc/arm-none-eabi/14.2.0/../../../../arm-none-eabi/lib/thumb/v7e-m+fp/hard/libc_nano.a(libc_a-findfp.o) (_fwalk_sglue)
/usr/lib/gcc/arm-none-eabi/14.2.0/../../../../arm-none-eabi/lib/thumb/v7e-m+fp/hard/libc_nano.a(libc_a-printf.o)
                              /home/lmg/Desktop/AEAgle/apps/demo-riot/bin/cc1352-launchpad/core_lib/assert.o (printf)
/usr/lib/gcc/arm-none-eabi/14.2.0/../../../../arm-none-eabi/lib/thumb/v7e-m+fp/hard/libc_nano.a(libc_a-puts.o)
                              /home/lmg/Desktop/AEAgle/apps/demo-riot/bin/cc1352-launchpad/application_demo-riot/home/lmg/Desktop/AEAgle/apps/demo-riot/src/main.o (puts)
/usr/lib/gcc/arm-none-eabi/14.2.0/../../../../arm-none-eabi/lib/thumb/v7e-m+fp/hard/libc_nano.a(libc_a-stdio.o)
                              /usr/lib/gcc/arm-none-eabi/14.2.0/../../../../arm-none-eabi/lib/thumb/v7e-m+fp/hard/libc_nano.a(libc_a-findfp.o) (__sread)
/usr/lib/gcc/arm-none-eabi/14.2.0/../../../../arm-none-eabi/lib/thumb/v7e-m+fp/hard/libc_nano.a(libc_a-vsnprintf.o)
                              /home/lmg/Desktop/AEAgle/apps/demo-riot/bin/cc1352-launchpad/libc/string.o (vsnprintf)
/usr/lib/gcc/arm-none-eabi/14.2.0/../../../../arm-none-eabi/lib/thumb/v7e-m+fp/hard/libc_nano.a(libc_a-wbuf.o)
                              /usr/lib/gcc/arm-none-eabi/14.2.0/../../../../arm-none-eabi/lib/thumb/v7e-m+fp/hard/libc_nano.a(libc_a-puts.o) (__swbuf_r)
/usr/lib/gcc/arm-none-eabi/14.2.0/../../../../arm-none-eabi/lib/thumb/v7e-m+fp/hard/libc_nano.a(libc_a-wsetup.o)
                              /usr/lib/gcc/arm-none-eabi/14.2.0/../../../../arm-none-eabi/lib/thumb/v7e-m+fp/hard/libc_nano.a(libc_a-puts.o) (__swsetup_r)
/usr/lib/gcc/arm-none-eabi/14.2.0/../../../../arm-none-eabi/lib/thumb/v7e-m+fp/hard/libc_nano.a(libc_a-memcmp.o)
                              /home/lmg/Desktop/AEAgle/apps/demo-riot/bin/cc1352-launchpad/core_lib/atomic_c11.o (memcmp)
/usr/lib/gcc/arm-none-eabi/14.2.0/../../../../arm-none-eabi/lib/thumb/v7e-m+fp/hard/libc_nano.a(libc_a-memset.o)
                              /home/lmg/Desktop/AEAgle/apps/demo-riot/bin/cc1352-launchpad/malloc_thread_safe/malloc_wrappers.o (memset)
/usr/lib/gcc/arm-none-eabi/14.2.0/../../../../arm-none-eabi/lib/thumb/v7e-m+fp/hard/libc_nano.a(libc_a-impure.o)
                              /home/lmg/Desktop/AEAgle/apps/demo-riot/bin/cc1352-launchpad/newlib_syscalls_default/syscalls.o (_impure_ptr)
[...]
Memory Configuration

Name             Origin             Length             Attributes
rom              0x00000000         0x00058000         xr
ccfg             0x00057fa8         0x00000058         xr
gpram            0x11000000         0x00002000
ram              0x20000000         0x00014000         w!xr
bkup_ram         0x00000000         0x00000000         w!xr
rom_aux          0x00058000         0x00000000         xr
*default*        0x00000000         0xffffffff

Linker script and memory map

LOAD /home/lmg/Desktop/AEAgle/apps/demo-riot/bin/cc1352-launchpad/application_demo-riot/home/lmg/Desktop/AEAgle/apps/demo-riot/src/main.o
LOAD /home/lmg/Desktop/AEAgle/apps/demo-riot/bin/cc1352-launchpad/auto_init/auto_init.o
LOAD /home/lmg/Desktop/AEAgle/apps/demo-riot/bin/cc1352-launchpad/board_common_init/board_common.o
LOAD /home/lmg/Desktop/AEAgle/apps/demo-riot/bin/cc1352-launchpad/cc26xx_cc13xx_periph/gpio.o
LOAD /home/lmg/Desktop/AEAgle/apps/demo-riot/bin/cc1352-launchpad/cc26xx_cc13xx_periph/pm.o
LOAD /home/lmg/Desktop/AEAgle/apps/demo-riot/bin/cc1352-launchpad/cc26xx_cc13xx_periph/uart.o
LOAD /home/lmg/Desktop/AEAgle/apps/demo-riot/bin/cc1352-launchpad/cc26xx_cc13xx/power_arch.o
LOAD /home/lmg/Desktop/AEAgle/apps/demo-riot/bin/cc1352-launchpad/cc26xx_cc13xx/vectors.o
LOAD /home/lmg/Desktop/AEAgle/apps/demo-riot/bin/cc1352-launchpad/core/cond.o
LOAD /home/lmg/Desktop/AEAgle/apps/demo-riot/bin/cc1352-launchpad/core_lib/assert.o
LOAD /home/lmg/Desktop/AEAgle/apps/demo-riot/bin/cc1352-launchpad/core_lib/atomic_c11.o
LOAD /home/lmg/Desktop/AEAgle/apps/demo-riot/bin/cc1352-launchpad/core_lib/atomic_sync.o
LOAD /home/lmg/Desktop/AEAgle/apps/demo-riot/bin/cc1352-launchpad/core_lib/bitarithm.o
LOAD /home/lmg/Desktop/AEAgle/apps/demo-riot/bin/cc1352-launchpad/core_lib/clist.o
LOAD /home/lmg/Desktop/AEAgle/apps/demo-riot/bin/cc1352-launchpad/core_lib/init.o
LOAD /home/lmg/Desktop/AEAgle/apps/demo-riot/bin/cc1352-launchpad/core_lib/panic.o
LOAD /home/lmg/Desktop/AEAgle/apps/demo-riot/bin/cc1352-launchpad/core_lib/priority_queue.o
LOAD /home/lmg/Desktop/AEAgle/apps/demo-riot/bin/cc1352-launchpad/core_lib/ringbuffer.o
LOAD /home/lmg/Desktop/AEAgle/apps/demo-riot/bin/cc1352-launchpad/core_lib/rmutex.o
LOAD /home/lmg/Desktop/AEAgle/apps/demo-riot/bin/cc1352-launchpad/core/msg.o
LOAD /home/lmg/Desktop/AEAgle/apps/demo-riot/bin/cc1352-launchpad/core/mutex.o
LOAD /home/lmg/Desktop/AEAgle/apps/demo-riot/bin/cc1352-launchpad/core/sched.o
LOAD /home/lmg/Desktop/AEAgle/apps/demo-riot/bin/cc1352-launchpad/core/thread.o
LOAD /home/lmg/Desktop/AEAgle/apps/demo-riot/bin/cc1352-launchpad/cortexm_common/cortexm_init.o
LOAD /home/lmg/Desktop/AEAgle/apps/demo-riot/bin/cc1352-launchpad/cortexm_common/mpu.o
LOAD /home/lmg/Desktop/AEAgle/apps/demo-riot/bin/cc1352-launchpad/cortexm_common/panic.o
LOAD /home/lmg/Desktop/AEAgle/apps/demo-riot/bin/cc1352-launchpad/cortexm_common_periph/pm.o
LOAD /home/lmg/Desktop/AEAgle/apps/demo-riot/bin/cc1352-launchpad/cortexm_common/thread_arch.o
LOAD /home/lmg/Desktop/AEAgle/apps/demo-riot/bin/cc1352-launchpad/cortexm_common/vectors_cortexm.o
LOAD /home/lmg/Desktop/AEAgle/apps/demo-riot/bin/cc1352-launchpad/cpu/auxiliary.o
LOAD /home/lmg/Desktop/AEAgle/apps/demo-riot/bin/cc1352-launchpad/cpu/cpu.o
LOAD /home/lmg/Desktop/AEAgle/apps/demo-riot/bin/cc1352-launchpad/cpu/osc.o
LOAD /home/lmg/Desktop/AEAgle/apps/demo-riot/bin/cc1352-launchpad/cpu/setup.o
LOAD /home/lmg/Desktop/AEAgle/apps/demo-riot/bin/cc1352-launchpad/div/div.o
LOAD /home/lmg/Desktop/AEAgle/apps/demo-riot/bin/cc1352-launchpad/libc/string.o
LOAD /home/lmg/Desktop/AEAgle/apps/demo-riot/bin/cc1352-launchpad/malloc_thread_safe/malloc_wrappers.o
LOAD /home/lmg/Desktop/AEAgle/apps/demo-riot/bin/cc1352-launchpad/newlib_syscalls_default/syscalls.o
LOAD /home/lmg/Desktop/AEAgle/apps/demo-riot/bin/cc1352-launchpad/periph_common/gpio.o
LOAD /home/lmg/Desktop/AEAgle/apps/demo-riot/bin/cc1352-launchpad/periph_common/init_buttons.o
LOAD /home/lmg/Desktop/AEAgle/apps/demo-riot/bin/cc1352-launchpad/periph_common/init_leds.o
LOAD /home/lmg/Desktop/AEAgle/apps/demo-riot/bin/cc1352-launchpad/periph_common/init.o
LOAD /home/lmg/Desktop/AEAgle/apps/demo-riot/bin/cc1352-launchpad/periph_common/pm.o
LOAD /home/lmg/Desktop/AEAgle/apps/demo-riot/bin/cc1352-launchpad/stdio/stdio.o
LOAD /home/lmg/Desktop/AEAgle/apps/demo-riot/bin/cc1352-launchpad/stdio_uart/stdio_uart.o
LOAD /usr/lib/gcc/arm-none-eabi/14.2.0/../../../../arm-none-eabi/lib/thumb/v7e-m+fp/hard/libm.a
LOAD /usr/lib/gcc/arm-none-eabi/14.2.0/thumb/v7e-m+fp/hard/libgcc.a
                0x00000000                        _rom_start_addr = 0x0
                0x20000000                        _ram_start_addr = 0x20000000
                0x00058000                        _rom_length = 0x58000
                0x00014000                        _ram_length = 0x14000
LOAD /usr/lib/gcc/arm-none-eabi/14.2.0/../../../../arm-none-eabi/lib/thumb/v7e-m+fp/hard/libc_nano.a
                0x00058000                        _slot_aux_offset = 0x58000
                0x00000000                        _slot_aux_len = 0x0
START GROUP
LOAD /usr/lib/gcc/arm-none-eabi/14.2.0/thumb/v7e-m+fp/hard/libgcc.a
LOAD /usr/lib/gcc/arm-none-eabi/14.2.0/../../../../arm-none-eabi/lib/thumb/v7e-m+fp/hard/libg_nano.a
LOAD /usr/lib/gcc/arm-none-eabi/14.2.0/../../../../arm-none-eabi/lib/thumb/v7e-m+fp/hard/libc_nano.a
END GROUP
START GROUP
LOAD /usr/lib/gcc/arm-none-eabi/14.2.0/thumb/v7e-m+fp/hard/libgcc.a
LOAD /usr/lib/gcc/arm-none-eabi/14.2.0/../../../../arm-none-eabi/lib/thumb/v7e-m+fp/hard/libc_nano.a
END GROUP
                0x00000000                        _rom_offset = DEFINED (_rom_offset)?_rom_offset:0x0
                0x00000000                        _slot_aux_len = DEFINED (_slot_aux_len)?_slot_aux_len:0x0
                0x00058000                        _fw_rom_length = DEFINED (_fw_rom_length)?_fw_rom_length:((_rom_length - _rom_offset) - _slot_aux_len)
                0x00000001                        ASSERT ((_fw_rom_length <= ((_rom_length - _rom_offset) - _slot_aux_len)), Specified firmware size does not fit in ROM)
                0x00000001                        ASSERT ((_fw_rom_length <= _rom_length), Specified firmware size does not fit in ROM)

.ccfg
 *(.ccfg)

.gpram

.heap_gpram     0x11000000        0x0
                0x00000000                        _sheap1 = .
                0x00000000                        _eheap1 = (ORIGIN (gpram) + LENGTH (gpram))
                0x00000000                        _backup_ram_start_addr = DEFINED (_backup_ram_start_addr)?_backup_ram_start_addr:0x0
                0x00000000                        _backup_ram_len = DEFINED (_backup_ram_len)?_backup_ram_len:0x0

.text           0x00000000     0x1bd8
                0x00000000                        . = ALIGN (0x4)
                0x00000000                        _sfixed = .
                0x00000000                        _isr_vectors = DEFINED (_isr_vectors)?_isr_vectors:.
 *(SORT_BY_NAME(.vectors*))
 .vectors.0     0x00000000       0x40 /home/lmg/Desktop/AEAgle/apps/demo-riot/bin/cc1352-launchpad/cortexm_common/vectors_cortexm.o
                0x00000000                cortex_vector_base
 .vectors.1     0x00000040       0x98 /home/lmg/Desktop/AEAgle/apps/demo-riot/bin/cc1352-launchpad/cc26xx_cc13xx/vectors.o
                0x00000040                vector_cpu
 *(.text .text.* .gnu.linkonce.t.*)
 .text.startup.main
                0x000000d8       0x24 /home/lmg/Desktop/AEAgle/apps/demo-riot/bin/cc1352-launchpad/application_demo-riot/home/lmg/Desktop/AEAgle/apps/demo-riot/src/main.o
                0x000000d8                main
 .text.auto_init
                0x000000fc       0x24 /home/lmg/Desktop/AEAgle/apps/demo-riot/bin/cc1352-launchpad/auto_init/auto_init.o
                0x000000fc                auto_init
 .text.board_init
                0x00000120        0x2 /home/lmg/Desktop/AEAgle/apps/demo-riot/bin/cc1352-launchpad/board_common_init/board_common.o
                0x00000120                board_init
 *fill*         0x00000122        0x2 
 .text.gpio_init
                0x00000124       0x58 /home/lmg/Desktop/AEAgle/apps/demo-riot/bin/cc1352-launchpad/cc26xx_cc13xx_periph/gpio.o
                0x00000124                gpio_init
 .text.gpio_clear
                0x0000017c       0x10 /home/lmg/Desktop/AEAgle/apps/demo-riot/bin/cc1352-launchpad/cc26xx_cc13xx_periph/gpio.o
                0x0000017c                gpio_clear
 .text.isr_uart
                0x0000018c       0x48 /home/lmg/Desktop/AEAgle/apps/demo-riot/bin/cc1352-launchpad/cc26xx_cc13xx_periph/uart.o
 .text.uart_write
                0x000001d4       0x20 /home/lmg/Desktop/AEAgle/apps/demo-riot/bin/cc1352-launchpad/cc26xx_cc13xx_periph/uart.o
                0x000001d4                uart_write
 .text.uart_poweron
                0x000001f4       0x18 /home/lmg/Desktop/AEAgle/apps/demo-riot/bin/cc1352-launchpad/cc26xx_cc13xx_periph/uart.o
                0x000001f4                uart_poweron
 .text.uart_init
                0x0000020c       0xa8 /home/lmg/Desktop/AEAgle/apps/demo-riot/bin/cc1352-launchpad/cc26xx_cc13xx_periph/uart.o
                0x0000020c                uart_init
 .text.isr_uart0
                0x000002b4        0x6 /home/lmg/Desktop/AEAgle/apps/demo-riot/bin/cc1352-launchpad/cc26xx_cc13xx_periph/uart.o
                0x000002b4                isr_uart0
 .text.isr_uart1
                0x000002ba        0x6 /home/lmg/Desktop/AEAgle/apps/demo-riot/bin/cc1352-launchpad/cc26xx_cc13xx_periph/uart.o
                0x000002ba                isr_uart1
 .text.prcm_commit
                0x000002c0       0x18 /home/lmg/Desktop/AEAgle/apps/demo-riot/bin/cc1352-launchpad/cc26xx_cc13xx/power_arch.o
 .text.power_is_domain_enabled
                0x000002d8       0x4c /home/lmg/Desktop/AEAgle/apps/demo-riot/bin/cc1352-launchpad/cc26xx_cc13xx/power_arch.o
                0x000002d8                power_is_domain_enabled
 .text.power_enable_domain
                0x00000324       0x58 /home/lmg/Desktop/AEAgle/apps/demo-riot/bin/cc1352-launchpad/cc26xx_cc13xx/power_arch.o
                0x00000324                power_enable_domain
 .text.power_clock_enable_gpio
                0x0000037c       0x1c /home/lmg/Desktop/AEAgle/apps/demo-riot/bin/cc1352-launchpad/cc26xx_cc13xx/power_arch.o
                0x0000037c                power_clock_enable_gpio
 .text.power_clock_enable_uart
                0x00000398       0x34 /home/lmg/Desktop/AEAgle/apps/demo-riot/bin/cc1352-launchpad/cc26xx_cc13xx/power_arch.o
                0x00000398                power_clock_enable_uart
 .text.dummy_handler
                0x000003cc        0x4 /home/lmg/Desktop/AEAgle/apps/demo-riot/bin/cc1352-launchpad/cc26xx_cc13xx/vectors.o
                0x000003cc                isr_ssi1
                0x000003cc                isr_edge
                0x000003cc                isr_timer0_chan1
                0x000003cc                isr_timer2_chan0
                0x000003cc                isr_rfc_cpe1
                0x000003cc                isr_watchdog
                0x000003cc                isr_timer1_chan0
                0x000003cc                isr_pka
                0x000003cc                isr_crypto_res
                0x000003cc                isr_aon_rtc
                0x000003cc                isr_i2s
                0x000003cc                isr_timer0_chan0
                0x000003cc                isr_aux_timer2
                0x000003cc                dummy_handler
                0x000003cc                isr_timer3_chan0
                0x000003cc                isr_adc
                0x000003cc                isr_aux_ce
                0x000003cc                isr_rfc_cpe0
                0x000003cc                isr_timer2_chan1
                0x000003cc                isr_osc
                0x000003cc                isr_comp
                0x000003cc                isr_aon_prog
                0x000003cc                isr_aux0_aon
                0x000003cc                isr_flash
                0x000003cc                isr_i2c
                0x000003cc                isr_batmon
                0x000003cc                isr_dma
                0x000003cc                isr_ssi0
                0x000003cc                isr_timer3_chan1
                0x000003cc                isr_rfc_cmd_ack
                0x000003cc                isr_dyn_prog
                0x000003cc                isr_timer1_chan1
                0x000003cc                isr_aux1_aon
                0x000003cc                isr_trng
                0x000003cc                isr_se0
                0x000003cc                isr_rfc_hw
                0x000003cc                isr_dmaerr
 .text.main_trampoline
                0x000003d0       0x18 /home/lmg/Desktop/AEAgle/apps/demo-riot/bin/cc1352-launchpad/core_lib/init.o
 .text.kernel_init
                0x000003e8       0x34 /home/lmg/Desktop/AEAgle/apps/demo-riot/bin/cc1352-launchpad/core_lib/init.o
                0x000003e8                kernel_init
 .text.early_init
                0x0000041c        0xe /home/lmg/Desktop/AEAgle/apps/demo-riot/bin/cc1352-launchpad/core_lib/init.o
                0x0000041c                early_init
 .text.panic_app
                0x0000042a        0x2 /home/lmg/Desktop/AEAgle/apps/demo-riot/bin/cc1352-launchpad/core_lib/panic.o
                0x0000042a                panic_app
 .text.core_panic
                0x0000042c       0x3c /home/lmg/Desktop/AEAgle/apps/demo-riot/bin/cc1352-launchpad/core_lib/panic.o
                0x0000042c                core_panic
 .text.clist_remove.isra.0
                0x00000468       0x3c /home/lmg/Desktop/AEAgle/apps/demo-riot/bin/cc1352-launchpad/core/sched.o
 .text.sched_run
                0x000004a4       0x70 /home/lmg/Desktop/AEAgle/apps/demo-riot/bin/cc1352-launchpad/core/sched.o
                0x000004a4                sched_run
 .text.sched_set_status
                0x00000514       0x78 /home/lmg/Desktop/AEAgle/apps/demo-riot/bin/cc1352-launchpad/core/sched.o
                0x00000514                sched_set_status
 .text.sched_switch
                0x0000058c       0x3c /home/lmg/Desktop/AEAgle/apps/demo-riot/bin/cc1352-launchpad/core/sched.o
                0x0000058c                sched_switch
 .text.sched_task_exit
                0x000005c8       0x40 /home/lmg/Desktop/AEAgle/apps/demo-riot/bin/cc1352-launchpad/core/sched.o
                0x000005c8                sched_task_exit
 .text.thread_create
                0x00000608       0xc4 /home/lmg/Desktop/AEAgle/apps/demo-riot/bin/cc1352-launchpad/core/thread.o
                0x00000608                thread_create
 .text.cortexm_init
                0x000006cc       0x40 /home/lmg/Desktop/AEAgle/apps/demo-riot/bin/cc1352-launchpad/cortexm_common/cortexm_init.o
                0x000006cc                cortexm_init
 .text.panic_arch
                0x0000070c        0x2 /home/lmg/Desktop/AEAgle/apps/demo-riot/bin/cc1352-launchpad/cortexm_common/panic.o
                0x0000070c                panic_arch
 *fill*         0x0000070e        0x2 
 .text.pm_reboot
                0x00000710       0x24 /home/lmg/Desktop/AEAgle/apps/demo-riot/bin/cc1352-launchpad/cortexm_common_periph/pm.o
                0x00000710                pm_reboot
 .text.thread_stack_init
                0x00000734       0x68 /home/lmg/Desktop/AEAgle/apps/demo-riot/bin/cc1352-launchpad/cortexm_common/thread_arch.o
                0x00000734                thread_stack_init
 .text.cpu_switch_context_exit
                0x0000079c       0x2c /home/lmg/Desktop/AEAgle/apps/demo-riot/bin/cc1352-launchpad/cortexm_common/thread_arch.o
                0x0000079c                cpu_switch_context_exit
 .text.isr_pendsv
                0x000007c8       0x4c /home/lmg/Desktop/AEAgle/apps/demo-riot/bin/cc1352-launchpad/cortexm_common/thread_arch.o
                0x000007c8                isr_pendsv
 .text.isr_svc  0x00000814       0x10 /home/lmg/Desktop/AEAgle/apps/demo-riot/bin/cc1352-launchpad/cortexm_common/thread_arch.o
                0x00000814                isr_svc
 .text.sched_arch_idle
                0x00000824        0xc /home/lmg/Desktop/AEAgle/apps/demo-riot/bin/cc1352-launchpad/cortexm_common/thread_arch.o
                0x00000824                sched_arch_idle
 .text.nmi_handler
                0x00000830       0x10 /home/lmg/Desktop/AEAgle/apps/demo-riot/bin/cc1352-launchpad/cortexm_common/vectors_cortexm.o
                0x00000830                nmi_handler
 .text.hard_fault_default
                0x00000840       0x10 /home/lmg/Desktop/AEAgle/apps/demo-riot/bin/cc1352-launchpad/cortexm_common/vectors_cortexm.o
                0x00000840                hard_fault_default
 .text.mem_manage_default
                0x00000850       0x10 /home/lmg/Desktop/AEAgle/apps/demo-riot/bin/cc1352-launchpad/cortexm_common/vectors_cortexm.o
                0x00000850                mem_manage_default
 .text.bus_fault_default
                0x00000860       0x10 /home/lmg/Desktop/AEAgle/apps/demo-riot/bin/cc1352-launchpad/cortexm_common/vectors_cortexm.o
                0x00000860                bus_fault_default
 .text.usage_fault_default
                0x00000870       0x10 /home/lmg/Desktop/AEAgle/apps/demo-riot/bin/cc1352-launchpad/cortexm_common/vectors_cortexm.o
                0x00000870                usage_fault_default
 .text.debug_mon_default
                0x00000880       0x10 /home/lmg/Desktop/AEAgle/apps/demo-riot/bin/cc1352-launchpad/cortexm_common/vectors_cortexm.o
                0x00000880                debug_mon_default
 .text.dummy_handler_default
                0x00000890       0x10 /home/lmg/Desktop/AEAgle/apps/demo-riot/bin/cc1352-launchpad/cortexm_common/vectors_cortexm.o
                0x00000890                dummy_handler_default
                0x00000890                isr_systick
 .text.pre_startup
                0x000008a0        0x2 /home/lmg/Desktop/AEAgle/apps/demo-riot/bin/cc1352-launchpad/cortexm_common/vectors_cortexm.o
                0x000008a0                pre_startup
 .text.post_startup
                0x000008a2        0x2 /home/lmg/Desktop/AEAgle/apps/demo-riot/bin/cc1352-launchpad/cortexm_common/vectors_cortexm.o
                0x000008a2                post_startup
 .text.reset_handler_default
                0x000008a4       0x68 /home/lmg/Desktop/AEAgle/apps/demo-riot/bin/cc1352-launchpad/cortexm_common/vectors_cortexm.o
                0x000008a4                reset_handler_default
 .text.aux_sysif_opmode_change
                0x0000090c       0x38 /home/lmg/Desktop/AEAgle/apps/demo-riot/bin/cc1352-launchpad/cpu/auxiliary.o
                0x0000090c                aux_sysif_opmode_change
 .text.cpu_init
                0x00000944       0x16 /home/lmg/Desktop/AEAgle/apps/demo-riot/bin/cc1352-launchpad/cpu/cpu.o
                0x00000944                cpu_init
 .text.trim_after_cold_reset
                0x0000095a        0x2 /home/lmg/Desktop/AEAgle/apps/demo-riot/bin/cc1352-launchpad/cpu/setup.o
                0x0000095a                trim_after_cold_reset
 .text.trim_after_cold_reset_wakeup_from_shutdown_wakeup_from_powerdown
                0x0000095c        0x2 /home/lmg/Desktop/AEAgle/apps/demo-riot/bin/cc1352-launchpad/cpu/setup.o
                0x0000095c                trim_after_cold_reset_wakeup_from_shutdown_wakeup_from_powerdown
 *fill*         0x0000095e        0x2 
 .text.trim_after_cold_reset_wakeup_from_shutdown
                0x00000960       0xc4 /home/lmg/Desktop/AEAgle/apps/demo-riot/bin/cc1352-launchpad/cpu/setup.o
                0x00000960                trim_after_cold_reset_wakeup_from_shutdown
 .text.setup_trim_device
                0x00000a24       0x9c /home/lmg/Desktop/AEAgle/apps/demo-riot/bin/cc1352-launchpad/cpu/setup.o
                0x00000a24                setup_trim_device
 .text._init    0x00000ac0        0xc /home/lmg/Desktop/AEAgle/apps/demo-riot/bin/cc1352-launchpad/newlib_syscalls_default/syscalls.o
                0x00000ac0                _init
 .text._fini    0x00000acc        0x2 /home/lmg/Desktop/AEAgle/apps/demo-riot/bin/cc1352-launchpad/newlib_syscalls_default/syscalls.o
                0x00000acc                _fini
 *fill*         0x00000ace        0x2 
 .text._sbrk_r  0x00000ad0       0x60 /home/lmg/Desktop/AEAgle/apps/demo-riot/bin/cc1352-launchpad/newlib_syscalls_default/syscalls.o
                0x00000ad0                _sbrk_r
 .text._read_r  0x00000b30        0x8 /home/lmg/Desktop/AEAgle/apps/demo-riot/bin/cc1352-launchpad/newlib_syscalls_default/syscalls.o
                0x00000b30                _read_r
 .text._write_r
                0x00000b38        0x8 /home/lmg/Desktop/AEAgle/apps/demo-riot/bin/cc1352-launchpad/newlib_syscalls_default/syscalls.o
                0x00000b38                _write_r
 .text._close_r
                0x00000b40        0xa /home/lmg/Desktop/AEAgle/apps/demo-riot/bin/cc1352-launchpad/newlib_syscalls_default/syscalls.o
                0x00000b40                _close_r
 .text._lseek_r
                0x00000b4a        0xa /home/lmg/Desktop/AEAgle/apps/demo-riot/bin/cc1352-launchpad/newlib_syscalls_default/syscalls.o
                0x00000b4a                _lseek_r
 .text._fstat_r
                0x00000b54        0xa /home/lmg/Desktop/AEAgle/apps/demo-riot/bin/cc1352-launchpad/newlib_syscalls_default/syscalls.o
                0x00000b54                _fstat_r
 .text._isatty_r
                0x00000b5e       0x10 /home/lmg/Desktop/AEAgle/apps/demo-riot/bin/cc1352-launchpad/newlib_syscalls_default/syscalls.o
                0x00000b5e                _isatty_r
 *fill*         0x00000b6e        0x2 
 .text.button_init
                0x00000b70       0x1c /home/lmg/Desktop/AEAgle/apps/demo-riot/bin/cc1352-launchpad/periph_common/init_buttons.o
                0x00000b70                button_init
 .text.led_init
                0x00000b8c       0x26 /home/lmg/Desktop/AEAgle/apps/demo-riot/bin/cc1352-launchpad/periph_common/init_leds.o
                0x00000b8c                led_init
 .text.periph_init
                0x00000bb2        0x4 /home/lmg/Desktop/AEAgle/apps/demo-riot/bin/cc1352-launchpad/periph_common/init.o
                0x00000bb2                periph_init
 .text.stdio_read
                0x00000bb6        0x6 /home/lmg/Desktop/AEAgle/apps/demo-riot/bin/cc1352-launchpad/stdio/stdio.o
                0x00000bb6                stdio_read
 .text.stdio_init
                0x00000bbc        0xe /home/lmg/Desktop/AEAgle/apps/demo-riot/bin/cc1352-launchpad/stdio_uart/stdio_uart.o
                0x00000bbc                stdio_init
 .text.stdio_write
                0x00000bca       0x12 /home/lmg/Desktop/AEAgle/apps/demo-riot/bin/cc1352-launchpad/stdio_uart/stdio_uart.o
                0x00000bca                stdio_write
 .text.sbrk_aligned
                0x00000bdc       0x44 /usr/lib/gcc/arm-none-eabi/14.2.0/../../../../arm-none-eabi/lib/thumb/v7e-m+fp/hard/libc_nano.a(libc_a-mallocr.o)
 .text._malloc_r
                0x00000c20      0x100 /usr/lib/gcc/arm-none-eabi/14.2.0/../../../../arm-none-eabi/lib/thumb/v7e-m+fp/hard/libc_nano.a(libc_a-mallocr.o)
                0x00000c20                _malloc_r
 .text.__malloc_lock
                0x00000d20        0xc /usr/lib/gcc/arm-none-eabi/14.2.0/../../../../arm-none-eabi/lib/thumb/v7e-m+fp/hard/libc_nano.a(libc_a-mlock.o)
                0x00000d20                __malloc_lock
 .text.__malloc_unlock
                0x00000d2c        0xc /usr/lib/gcc/arm-none-eabi/14.2.0/../../../../arm-none-eabi/lib/thumb/v7e-m+fp/hard/libc_nano.a(libc_a-mlock.o)
                0x00000d2c                __malloc_unlock
 .text.std      0x00000d38       0x6c /usr/lib/gcc/arm-none-eabi/14.2.0/../../../../arm-none-eabi/lib/thumb/v7e-m+fp/hard/libc_nano.a(libc_a-findfp.o)
 .text.stdio_exit_handler
                0x00000da4       0x18 /usr/lib/gcc/arm-none-eabi/14.2.0/../../../../arm-none-eabi/lib/thumb/v7e-m+fp/hard/libc_nano.a(libc_a-findfp.o)
 .text.cleanup_stdio
                0x00000dbc       0x40 /usr/lib/gcc/arm-none-eabi/14.2.0/../../../../arm-none-eabi/lib/thumb/v7e-m+fp/hard/libc_nano.a(libc_a-findfp.o)
 .text.global_stdio_init.part.0
                0x00000dfc       0x40 /usr/lib/gcc/arm-none-eabi/14.2.0/../../../../arm-none-eabi/lib/thumb/v7e-m+fp/hard/libc_nano.a(libc_a-findfp.o)
 .text.__sfp_lock_acquire
                0x00000e3c        0xc /usr/lib/gcc/arm-none-eabi/14.2.0/../../../../arm-none-eabi/lib/thumb/v7e-m+fp/hard/libc_nano.a(libc_a-findfp.o)
                0x00000e3c                __sfp_lock_acquire
 .text.__sfp_lock_release
                0x00000e48        0xc /usr/lib/gcc/arm-none-eabi/14.2.0/../../../../arm-none-eabi/lib/thumb/v7e-m+fp/hard/libc_nano.a(libc_a-findfp.o)
                0x00000e48                __sfp_lock_release
 .text.__sinit  0x00000e54       0x30 /usr/lib/gcc/arm-none-eabi/14.2.0/../../../../arm-none-eabi/lib/thumb/v7e-m+fp/hard/libc_nano.a(libc_a-findfp.o)
                0x00000e54                __sinit
 .text._fwalk_sglue
                0x00000e84       0x3c /usr/lib/gcc/arm-none-eabi/14.2.0/../../../../arm-none-eabi/lib/thumb/v7e-m+fp/hard/libc_nano.a(libc_a-fwalk.o)
                0x00000e84                _fwalk_sglue
 .text.printf   0x00000ec0       0x24 /usr/lib/gcc/arm-none-eabi/14.2.0/../../../../arm-none-eabi/lib/thumb/v7e-m+fp/hard/libc_nano.a(libc_a-printf.o)
                0x00000ec0                printf
                0x00000ec0                iprintf
 .text._puts_r  0x00000ee4       0xaa /usr/lib/gcc/arm-none-eabi/14.2.0/../../../../arm-none-eabi/lib/thumb/v7e-m+fp/hard/libc_nano.a(libc_a-puts.o)
                0x00000ee4                _puts_r
 *fill*         0x00000f8e        0x2 
 .text.puts     0x00000f90       0x10 /usr/lib/gcc/arm-none-eabi/14.2.0/../../../../arm-none-eabi/lib/thumb/v7e-m+fp/hard/libc_nano.a(libc_a-puts.o)
                0x00000f90                puts
 .text.__sread  0x00000fa0       0x22 /usr/lib/gcc/arm-none-eabi/14.2.0/../../../../arm-none-eabi/lib/thumb/v7e-m+fp/hard/libc_nano.a(libc_a-stdio.o)
                0x00000fa0                __sread
 .text.__swrite
                0x00000fc2       0x38 /usr/lib/gcc/arm-none-eabi/14.2.0/../../../../arm-none-eabi/lib/thumb/v7e-m+fp/hard/libc_nano.a(libc_a-stdio.o)
                0x00000fc2                __swrite
 .text.__sseek  0x00000ffa       0x26 /usr/lib/gcc/arm-none-eabi/14.2.0/../../../../arm-none-eabi/lib/thumb/v7e-m+fp/hard/libc_nano.a(libc_a-stdio.o)
                0x00000ffa                __sseek
 .text.__sclose
                0x00001020        0x8 /usr/lib/gcc/arm-none-eabi/14.2.0/../../../../arm-none-eabi/lib/thumb/v7e-m+fp/hard/libc_nano.a(libc_a-stdio.o)
                0x00001020                __sclose
 .text.__swbuf_r
                0x00001028       0x7c /usr/lib/gcc/arm-none-eabi/14.2.0/../../../../arm-none-eabi/lib/thumb/v7e-m+fp/hard/libc_nano.a(libc_a-wbuf.o)
                0x00001028                __swbuf_r
 .text.__swsetup_r
                0x000010a4       0xa8 /usr/lib/gcc/arm-none-eabi/14.2.0/../../../../arm-none-eabi/lib/thumb/v7e-m+fp/hard/libc_nano.a(libc_a-wsetup.o)
                0x000010a4                __swsetup_r
 .text.memset   0x0000114c       0x10 /usr/lib/gcc/arm-none-eabi/14.2.0/../../../../arm-none-eabi/lib/thumb/v7e-m+fp/hard/libc_nano.a(libc_a-memset.o)
                0x0000114c                memset
 .text.__libc_init_array
                0x0000115c       0x48 /usr/lib/gcc/arm-none-eabi/14.2.0/../../../../arm-none-eabi/lib/thumb/v7e-m+fp/hard/libc_nano.a(libc_a-init.o)
                0x0000115c                __libc_init_array
 .text.__retarget_lock_init_recursive
                0x000011a4        0x2 /usr/lib/gcc/arm-none-eabi/14.2.0/../../../../arm-none-eabi/lib/thumb/v7e-m+fp/hard/libc_nano.a(libc_a-lock.o)
                0x000011a4                __retarget_lock_init_recursive
 .text.__retarget_lock_acquire_recursive
                0x000011a6        0x2 /usr/lib/gcc/arm-none-eabi/14.2.0/../../../../arm-none-eabi/lib/thumb/v7e-m+fp/hard/libc_nano.a(libc_a-lock.o)
                0x000011a6                __retarget_lock_acquire_recursive
 .text.__retarget_lock_release_recursive
                0x000011a8        0x2 /usr/lib/gcc/arm-none-eabi/14.2.0/../../../../arm-none-eabi/lib/thumb/v7e-m+fp/hard/libc_nano.a(libc_a-lock.o)
                0x000011a8                __retarget_lock_release_recursive
 *fill*         0x000011aa        0x2 
 .text._free_r  0x000011ac       0x94 /usr/lib/gcc/arm-none-eabi/14.2.0/../../../../arm-none-eabi/lib/thumb/v7e-m+fp/hard/libc_nano.a(libc_a-freer.o)
                0x000011ac                _free_r
 .text.__sfputc_r
                0x00001240       0x2e /usr/lib/gcc/arm-none-eabi/14.2.0/../../../../arm-none-eabi/lib/thumb/v7e-m+fp/hard/libc_nano.a(libc_a-nano-vfprintf.o)
 .text.__sfputs_r
                0x0000126e       0x24 /usr/lib/gcc/arm-none-eabi/14.2.0/../../../../arm-none-eabi/lib/thumb/v7e-m+fp/hard/libc_nano.a(libc_a-nano-vfprintf.o)
                0x0000126e                __sfputs_r
 *fill*         0x00001292        0x2 
 .text._vfprintf_r
                0x00001294      0x230 /usr/lib/gcc/arm-none-eabi/14.2.0/../../../../arm-none-eabi/lib/thumb/v7e-m+fp/hard/libc_nano.a(libc_a-nano-vfprintf.o)
                0x00001294                _vfiprintf_r
                0x00001294                _vfprintf_r
 .text._printf_common
                0x000014c4       0xda /usr/lib/gcc/arm-none-eabi/14.2.0/../../../../arm-none-eabi/lib/thumb/v7e-m+fp/hard/libc_nano.a(libc_a-nano-vfprintf_i.o)
                0x000014c4                _printf_common
 *fill*         0x0000159e        0x2 
 .text._printf_i
                0x000015a0      0x240 /usr/lib/gcc/arm-none-eabi/14.2.0/../../../../arm-none-eabi/lib/thumb/v7e-m+fp/hard/libc_nano.a(libc_a-nano-vfprintf_i.o)
                0x000015a0                _printf_i
 .text.__sflush_r
                0x000017e0      0x104 /usr/lib/gcc/arm-none-eabi/14.2.0/../../../../arm-none-eabi/lib/thumb/v7e-m+fp/hard/libc_nano.a(libc_a-fflush.o)
                0x000017e0                __sflush_r
 .text._fflush_r
                0x000018e4       0x50 /usr/lib/gcc/arm-none-eabi/14.2.0/../../../../arm-none-eabi/lib/thumb/v7e-m+fp/hard/libc_nano.a(libc_a-fflush.o)
                0x000018e4                _fflush_r
 .text.__swhatbuf_r
                0x00001934       0x48 /usr/lib/gcc/arm-none-eabi/14.2.0/../../../../arm-none-eabi/lib/thumb/v7e-m+fp/hard/libc_nano.a(libc_a-makebuf.o)
                0x00001934                __swhatbuf_r
 .text.__smakebuf_r
                0x0000197c       0x72 /usr/lib/gcc/arm-none-eabi/14.2.0/../../../../arm-none-eabi/lib/thumb/v7e-m+fp/hard/libc_nano.a(libc_a-makebuf.o)
                0x0000197c                __smakebuf_r
 *fill*         0x000019ee        0x2 
 .text          0x000019f0       0xa0 /usr/lib/gcc/arm-none-eabi/14.2.0/../../../../arm-none-eabi/lib/thumb/v7e-m+fp/hard/libc_nano.a(libc_a-memchr.o)
                0x000019f0                memchr
 *(.glue_7t)
 .glue_7t       0x00001a90        0x0 linker stubs
 *(.glue_7)
 .glue_7        0x00001a90        0x0 linker stubs
 *(.rodata .rodata* .gnu.linkonce.r.*)
 .rodata.main.str1.1
                0x00001a90      0x130 /home/lmg/Desktop/AEAgle/apps/demo-riot/bin/cc1352-launchpad/application_demo-riot/home/lmg/Desktop/AEAgle/apps/demo-riot/src/main.o
                                 0x1a (size before relaxing)
 .rodata.uart_config
                0x00001bc0       0x10 /home/lmg/Desktop/AEAgle/apps/demo-riot/bin/cc1352-launchpad/cc26xx_cc13xx_periph/uart.o
 .rodata.main_trampoline.str1.1
                0x00001bd0       0x3a /home/lmg/Desktop/AEAgle/apps/demo-riot/bin/cc1352-launchpad/core_lib/init.o
 .rodata.kernel_init.str1.1
                0x00001bd0        0x5 /home/lmg/Desktop/AEAgle/apps/demo-riot/bin/cc1352-launchpad/core_lib/init.o
 .rodata.core_panic.str1.1
                0x00001bd0       0x2e /home/lmg/Desktop/AEAgle/apps/demo-riot/bin/cc1352-launchpad/core_lib/panic.o
 .rodata.nmi_handler.str1.1
                0x00001bd0        0xc /home/lmg/Desktop/AEAgle/apps/demo-riot/bin/cc1352-launchpad/cortexm_common/vectors_cortexm.o
 .rodata.hard_fault_default.str1.1
                0x00001bd0       0x13 /home/lmg/Desktop/AEAgle/apps/demo-riot/bin/cc1352-launchpad/cortexm_common/vectors_cortexm.o
 .rodata.mem_manage_default.str1.1
                0x00001bd0       0x13 /home/lmg/Desktop/AEAgle/apps/demo-riot/bin/cc1352-launchpad/cortexm_common/vectors_cortexm.o
 .rodata.bus_fault_default.str1.1
                0x00001bd0       0x12 /home/lmg/Desktop/AEAgle/apps/demo-riot/bin/cc1352-launchpad/cortexm_common/vectors_cortexm.o
 .rodata.usage_fault_default.str1.1
                0x00001bd0       0x14 /home/lmg/Desktop/AEAgle/apps/demo-riot/bin/cc1352-launchpad/cortexm_common/vectors_cortexm.o
 .rodata.debug_mon_default.str1.1
                0x00001bd0       0x12 /home/lmg/Desktop/AEAgle/apps/demo-riot/bin/cc1352-launchpad/cortexm_common/vectors_cortexm.o
 .rodata.dummy_handler_default.str1.1
                0x00001bd0        0xe /home/lmg/Desktop/AEAgle/apps/demo-riot/bin/cc1352-launchpad/cortexm_common/vectors_cortexm.o
 .rodata._order_to_opmode
                0x00001bd0        0x4 /home/lmg/Desktop/AEAgle/apps/demo-riot/bin/cc1352-launchpad/cpu/auxiliary.o
 .rodata._opmode_to_order
                0x00001bd4        0x4 /home/lmg/Desktop/AEAgle/apps/demo-riot/bin/cc1352-launchpad/cpu/auxiliary.o
 .rodata._vfprintf_r.str1.1
                0x00001bd8       0x11 /usr/lib/gcc/arm-none-eabi/14.2.0/../../../../arm-none-eabi/lib/thumb/v7e-m+fp/hard/libc_nano.a(libc_a-nano-vfprintf.o)
 .rodata._printf_i.str1.1
                0x00001bd8       0x22 /usr/lib/gcc/arm-none-eabi/14.2.0/../../../../arm-none-eabi/lib/thumb/v7e-m+fp/hard/libc_nano.a(libc_a-nano-vfprintf_i.o)
 *(SORT_BY_NAME(.roxfa.*))
 .roxfa.auto_init_xfa.0_
                0x00001bd8        0x0 /home/lmg/Desktop/AEAgle/apps/demo-riot/bin/cc1352-launchpad/auto_init/auto_init.o
                0x00001bd8                auto_init_xfa
 .roxfa.auto_init_xfa.9_
                0x00001bd8        0x0 /home/lmg/Desktop/AEAgle/apps/demo-riot/bin/cc1352-launchpad/auto_init/auto_init.o
                0x00001bd8                auto_init_xfa_end
 *(.ARM.extab* .gnu.linkonce.armextab.*)
                0x00001c0c                        . = ALIGN (0x4)
 *(.init)
                0x00001c0c                        . = ALIGN (0x4)
                0x00001bd8                        __preinit_array_start = .
 *(.preinit_array)
                0x00001bd8                        __preinit_array_end = .
                0x00001c0c                        . = ALIGN (0x4)
                0x00001bd8                        __init_array_start = .
 *(SORT_BY_NAME(.init_array.*))
 *(.init_array)
                0x00001bd8                        __init_array_end = .
                0x00001c0c                        . = ALIGN (0x4)
 *crtbegin.o(.ctors)
 *(EXCLUDE_FILE(*crtend.o) .ctors)
 *(SORT_BY_NAME(.ctors.*))
 *crtend.o(.ctors)
                0x00001c0c                        . = ALIGN (0x4)
 *(.fini)
                0x00001c0c                        . = ALIGN (0x4)
                0x00001bd8                        __fini_array_start = .
 *(.fini_array)
 *(SORT_BY_NAME(.fini_array.*))
                0x00001bd8                        __fini_array_end = .
 *crtbegin.o(.dtors)
 *(EXCLUDE_FILE(*crtend.o) .dtors)
 *(SORT_BY_NAME(.dtors.*))
 *crtend.o(.dtors)
                0x00001c0c                        . = ALIGN (0x4)
                0x00001bd8                        _efixed = .

.vfp11_veneer   0x00001bd8        0x0
 .vfp11_veneer  0x00001bd8        0x0 linker stubs

.v4_bx          0x00001bd8        0x0
 .v4_bx         0x00001bd8        0x0 linker stubs

.iplt           0x00001bd8        0x0
 .iplt          0x00001bd8        0x0 /home/lmg/Desktop/AEAgle/apps/demo-riot/bin/cc1352-launchpad/application_demo-riot/home/lmg/Desktop/AEAgle/apps/demo-riot/src/main.o

.igot.plt       0x00001bd8        0x0
 .igot.plt      0x00001bd8        0x0 /home/lmg/Desktop/AEAgle/apps/demo-riot/bin/cc1352-launchpad/application_demo-riot/home/lmg/Desktop/AEAgle/apps/demo-riot/src/main.o

.tdata          0x00001bd8        0x0
                0x00001bd8                        __tdata_start = .
 *(.tdata .tdata.* .gnu.linkonce.td.*)
                0x00001bd8                        __tdata_end = .
                0x00001bd8                        __tdata_source = LOADADDR (.tdata)
                0x00000000                        __tdata_size = SIZEOF (.tdata)

.tbss           0x00001bd8        0x0
 *(.tbss .tbss.* .gnu.linkonce.tb.*)
 *(.tcommon)
                0x00001bd8                        __tbss_end = .
                0x00000000                        __tls_size = (__tbss_end - __tdata_start)
                0x00000000                        __tbss_size = (__tls_size - __tdata_size)
                [!provide]                        PROVIDE (__tbss_offset = (ADDR (.tbss) - ADDR (.tdata)))
                [!provide]                        PROVIDE (__tls_align = MAX (ALIGNOF (.tdata), ALIGNOF (.tbss)))
                [!provide]                        PROVIDE (__arm32_tls_tcb_offset = MAX (0x8, __tls_align))
                [!provide]                        PROVIDE (__arm64_tls_tcb_offset = MAX (0x10, __tls_align))
                [!provide]                        PROVIDE (__exidx_start = .)

.ARM.exidx      0x00001bd8        0x8
 *(.ARM.exidx* .gnu.linkonce.armexidx.*)
 .ARM.exidx     0x00001bd8        0x8 /usr/lib/gcc/arm-none-eabi/14.2.0/../../../../arm-none-eabi/lib/thumb/v7e-m+fp/hard/libc_nano.a(libc_a-memchr.o)
                [!provide]                        PROVIDE (__exidx_end = .)

.rel.dyn        0x00001be0        0x0
 .rel.iplt      0x00001be0        0x0 /home/lmg/Desktop/AEAgle/apps/demo-riot/bin/cc1352-launchpad/application_demo-riot/home/lmg/Desktop/AEAgle/apps/demo-riot/src/main.o
                0x00001be0                        . = ALIGN (0x4)

.eh_frame
 *(.eh_frame)
                0x00001be0                        . = ALIGN (0x4)
                0x00001be0                        _etext = .

.stack          0x20000000      0x200
 *(.puf)
                0x20000000                        . = ALIGN (0x8)
                0x20000000                        _sstack = .
 *(.isr_stack)
 .isr_stack     0x20000000      0x200 /home/lmg/Desktop/AEAgle/apps/demo-riot/bin/cc1352-launchpad/cortexm_common/vectors_cortexm.o
                0x20000000                isr_stack
                0x20000200                        . = ALIGN (0x8)
                0x20000200                        _estack = .

.relocate       0x20000200       0x68 load address 0x00001be0
                0x20000200                        . = ALIGN (0x4)
                0x20000200                        _srelocate = .
 *(.ramfunc .ramfunc.*)
 *(.data .data.*)
 .data.heap_top
                0x20000200        0x8 /home/lmg/Desktop/AEAgle/apps/demo-riot/bin/cc1352-launchpad/newlib_syscalls_default/syscalls.o
 .data.__sglue  0x20000208        0xc /usr/lib/gcc/arm-none-eabi/14.2.0/../../../../arm-none-eabi/lib/thumb/v7e-m+fp/hard/libc_nano.a(libc_a-findfp.o)
                0x20000208                __sglue
 .data._impure_ptr
                0x20000214        0x4 /usr/lib/gcc/arm-none-eabi/14.2.0/../../../../arm-none-eabi/lib/thumb/v7e-m+fp/hard/libc_nano.a(libc_a-impure.o)
                0x20000214                _impure_ptr
 .data._impure_data
                0x20000218       0x4c /usr/lib/gcc/arm-none-eabi/14.2.0/../../../../arm-none-eabi/lib/thumb/v7e-m+fp/hard/libc_nano.a(libc_a-impure.o)
                0x20000218                _impure_data
 *(SORT_BY_NAME(.xfa.*))
 *(.openocd .openocd.*)
 .openocd       0x20000264        0x1 /home/lmg/Desktop/AEAgle/apps/demo-riot/bin/cc1352-launchpad/core/sched.o
                0x20000264                max_threads
                0x20000268                        . = ALIGN (0x4)
 *fill*         0x20000265        0x3 
                0x20000268                        _erelocate = .

.bss            0x20000268      0x82c load address 0x00001c48
                0x20000268                        . = ALIGN (0x4)
                0x20000268                        _sbss = .
                0x20000268                        _szero = .
 *(.bss .bss.*)
 .bss.ctx       0x20000268        0x8 /home/lmg/Desktop/AEAgle/apps/demo-riot/bin/cc1352-launchpad/cc26xx_cc13xx_periph/uart.o
 .bss.main_stack
                0x20000270      0x600 /home/lmg/Desktop/AEAgle/apps/demo-riot/bin/cc1352-launchpad/core_lib/init.o
 .bss.crashed   0x20000870        0x4 /home/lmg/Desktop/AEAgle/apps/demo-riot/bin/cc1352-launchpad/core_lib/panic.o
 .bss.runqueue_bitcache
                0x20000874        0x4 /home/lmg/Desktop/AEAgle/apps/demo-riot/bin/cc1352-launchpad/core/sched.o
 .bss.sched_runqueues
                0x20000878       0x40 /home/lmg/Desktop/AEAgle/apps/demo-riot/bin/cc1352-launchpad/core/sched.o
                0x20000878                sched_runqueues
 .bss.sched_context_switch_request
                0x200008b8        0x4 /home/lmg/Desktop/AEAgle/apps/demo-riot/bin/cc1352-launchpad/core/sched.o
                0x200008b8                sched_context_switch_request
 .bss.sched_active_thread
                0x200008bc        0x4 /home/lmg/Desktop/AEAgle/apps/demo-riot/bin/cc1352-launchpad/core/sched.o
                0x200008bc                sched_active_thread
 .bss.sched_num_threads
                0x200008c0        0x4 /home/lmg/Desktop/AEAgle/apps/demo-riot/bin/cc1352-launchpad/core/sched.o
                0x200008c0                sched_num_threads
 .bss.sched_threads
                0x200008c4       0x84 /home/lmg/Desktop/AEAgle/apps/demo-riot/bin/cc1352-launchpad/core/sched.o
                0x200008c4                sched_threads
 .bss.sched_active_pid
                0x20000948        0x2 /home/lmg/Desktop/AEAgle/apps/demo-riot/bin/cc1352-launchpad/core/sched.o
                0x20000948                sched_active_pid
 *fill*         0x2000094a        0x2 
 .bss.__malloc_sbrk_start
                0x2000094c        0x4 /usr/lib/gcc/arm-none-eabi/14.2.0/../../../../arm-none-eabi/lib/thumb/v7e-m+fp/hard/libc_nano.a(libc_a-mallocr.o)
                0x2000094c                __malloc_sbrk_start
 .bss.__malloc_free_list
                0x20000950        0x4 /usr/lib/gcc/arm-none-eabi/14.2.0/../../../../arm-none-eabi/lib/thumb/v7e-m+fp/hard/libc_nano.a(libc_a-mallocr.o)
                0x20000950                __malloc_free_list
 .bss.__sf      0x20000954      0x138 /usr/lib/gcc/arm-none-eabi/14.2.0/../../../../arm-none-eabi/lib/thumb/v7e-m+fp/hard/libc_nano.a(libc_a-findfp.o)
                0x20000954                __sf
 .bss.__stdio_exit_handler
                0x20000a8c        0x4 /usr/lib/gcc/arm-none-eabi/14.2.0/../../../../arm-none-eabi/lib/thumb/v7e-m+fp/hard/libc_nano.a(libc_a-findfp.o)
                0x20000a8c                __stdio_exit_handler
 .bss.__lock___malloc_recursive_mutex
                0x20000a90        0x1 /usr/lib/gcc/arm-none-eabi/14.2.0/../../../../arm-none-eabi/lib/thumb/v7e-m+fp/hard/libc_nano.a(libc_a-lock.o)
                0x20000a90                __lock___malloc_recursive_mutex
 .bss.__lock___sfp_recursive_mutex
                0x20000a91        0x1 /usr/lib/gcc/arm-none-eabi/14.2.0/../../../../arm-none-eabi/lib/thumb/v7e-m+fp/hard/libc_nano.a(libc_a-lock.o)
                0x20000a91                __lock___sfp_recursive_mutex
 *(COMMON)
                0x20000a94                        . = ALIGN (0x4)
 *fill*         0x20000a92        0x2 
                0x20000a94                        _ebss = .
                0x20000a94                        _ezero = .

.noinit         0x20000a94        0x0 load address 0x00001c48
                0x20000a94                        __noinit_start = .
 *(.noinit)
                0x20000a94                        . = ALIGN (0x4)
                0x20000a94                        __noinit_end = .
                0x20000a94                        . = ALIGN (0x4)
                0x20000a94                        _sheap = .
                0x20014000                        _eheap = (ORIGIN (ram) + LENGTH (ram))
                0x20000000                        _sram = ORIGIN (ram)
                0x20014000                        _eram = (ORIGIN (ram) + LENGTH (ram))
                0x00001c48                        _sbackup_data_load = LOADADDR (.backup.data)

.backup.data    0x00000000        0x0 load address 0x00001c48
                0x00000000                        _sbackup_data = .
 *(.backup.data)
                0x00000000                        _ebackup_data = .
                0x00000000                        . = ALIGN (0x4)

.backup.bss     0x00000000        0x0 load address 0x00001c48
                0x00000000                        _sbackup_bss = .
 *(.backup.bss)
                0x00000000                        _ebackup_bss = .
                0x00000000                        . = ALIGN (0x4)

.heap3          0x00000000        0x0 load address 0x00001c48
                0x00000000                        _sheap1 = .
                0x00000000                        _eheap1 = (ORIGIN (bkup_ram) + LENGTH (bkup_ram))

.flash_writable
 *(SORT_BY_NAME(.flash_writable.*))
OUTPUT(/home/lmg/Desktop/AEAgle/apps/demo-riot/bin/cc1352-launchpad/demo-riot.elf elf32-littlearm)
LOAD linker stubs

.debug_info     0x00000000    0x15a80
 .debug_info    0x00000000       0xe6 /home/lmg/Desktop/AEAgle/apps/demo-riot/bin/cc1352-launchpad/application_demo-riot/home/lmg/Desktop/AEAgle/apps/demo-riot/src/main.o
 .debug_info    0x000000e6      0x186 /home/lmg/Desktop/AEAgle/apps/demo-riot/bin/cc1352-launchpad/auto_init/auto_init.o
 .debug_info    0x0000026c      0x360 /home/lmg/Desktop/AEAgle/apps/demo-riot/bin/cc1352-launchpad/board_common_init/board_common.o
 .debug_info    0x000005cc      0x697 /home/lmg/Desktop/AEAgle/apps/demo-riot/bin/cc1352-launchpad/cc26xx_cc13xx_periph/gpio.o
 .debug_info    0x00000c63      0xc2f /home/lmg/Desktop/AEAgle/apps/demo-riot/bin/cc1352-launchpad/cc26xx_cc13xx_periph/uart.o
 .debug_info    0x00001892      0x9e8 /home/lmg/Desktop/AEAgle/apps/demo-riot/bin/cc1352-launchpad/cc26xx_cc13xx/power_arch.o
 .debug_info    0x0000227a      0x3b3 /home/lmg/Desktop/AEAgle/apps/demo-riot/bin/cc1352-launchpad/cc26xx_cc13xx/vectors.o
 .debug_info    0x0000262d      0x3fb /home/lmg/Desktop/AEAgle/apps/demo-riot/bin/cc1352-launchpad/core_lib/init.o
 .debug_info    0x00002a28      0x33e /home/lmg/Desktop/AEAgle/apps/demo-riot/bin/cc1352-launchpad/core_lib/panic.o
 .debug_info    0x00002d66      0xfa3 /home/lmg/Desktop/AEAgle/apps/demo-riot/bin/cc1352-launchpad/core/sched.o
 .debug_info    0x00003d09     0x1427 /home/lmg/Desktop/AEAgle/apps/demo-riot/bin/cc1352-launchpad/core/thread.o
 .debug_info    0x00005130      0x7ee /home/lmg/Desktop/AEAgle/apps/demo-riot/bin/cc1352-launchpad/cortexm_common/cortexm_init.o
 .debug_info    0x0000591e      0x13e /home/lmg/Desktop/AEAgle/apps/demo-riot/bin/cc1352-launchpad/cortexm_common/panic.o
 .debug_info    0x00005a5c      0x33d /home/lmg/Desktop/AEAgle/apps/demo-riot/bin/cc1352-launchpad/cortexm_common_periph/pm.o
 .debug_info    0x00005d99      0xa29 /home/lmg/Desktop/AEAgle/apps/demo-riot/bin/cc1352-launchpad/cortexm_common/thread_arch.o
 .debug_info    0x000067c2      0x869 /home/lmg/Desktop/AEAgle/apps/demo-riot/bin/cc1352-launchpad/cortexm_common/vectors_cortexm.o
 .debug_info    0x0000702b      0x405 /home/lmg/Desktop/AEAgle/apps/demo-riot/bin/cc1352-launchpad/cpu/auxiliary.o
 .debug_info    0x00007430      0x3a5 /home/lmg/Desktop/AEAgle/apps/demo-riot/bin/cc1352-launchpad/cpu/cpu.o
 .debug_info    0x000077d5     0x1e54 /home/lmg/Desktop/AEAgle/apps/demo-riot/bin/cc1352-launchpad/cpu/setup.o
 .debug_info    0x00009629     0x139f /home/lmg/Desktop/AEAgle/apps/demo-riot/bin/cc1352-launchpad/newlib_syscalls_default/syscalls.o
 .debug_info    0x0000a9c8      0x40f /home/lmg/Desktop/AEAgle/apps/demo-riot/bin/cc1352-launchpad/periph_common/init_buttons.o
 .debug_info    0x0000add7      0x443 /home/lmg/Desktop/AEAgle/apps/demo-riot/bin/cc1352-launchpad/periph_common/init_leds.o
 .debug_info    0x0000b21a      0x384 /home/lmg/Desktop/AEAgle/apps/demo-riot/bin/cc1352-launchpad/periph_common/init.o
 .debug_info    0x0000b59e      0x2c3 /home/lmg/Desktop/AEAgle/apps/demo-riot/bin/cc1352-launchpad/stdio/stdio.o
 .debug_info    0x0000b861      0x613 /home/lmg/Desktop/AEAgle/apps/demo-riot/bin/cc1352-launchpad/stdio_uart/stdio_uart.o
 .debug_info    0x0000be74      0x9bc /usr/lib/gcc/arm-none-eabi/14.2.0/../../../../arm-none-eabi/lib/thumb/v7e-m+fp/hard/libc_nano.a(libc_a-mallocr.o)
 .debug_info    0x0000c830      0x76b /usr/lib/gcc/arm-none-eabi/14.2.0/../../../../arm-none-eabi/lib/thumb/v7e-m+fp/hard/libc_nano.a(libc_a-mlock.o)
 .debug_info    0x0000cf9b      0xfb8 /usr/lib/gcc/arm-none-eabi/14.2.0/../../../../arm-none-eabi/lib/thumb/v7e-m+fp/hard/libc_nano.a(libc_a-findfp.o)
 .debug_info    0x0000df53      0x7d2 /usr/lib/gcc/arm-none-eabi/14.2.0/../../../../arm-none-eabi/lib/thumb/v7e-m+fp/hard/libc_nano.a(libc_a-fwalk.o)
 .debug_info    0x0000e725      0x841 /usr/lib/gcc/arm-none-eabi/14.2.0/../../../../arm-none-eabi/lib/thumb/v7e-m+fp/hard/libc_nano.a(libc_a-printf.o)
 .debug_info    0x0000ef66      0x950 /usr/lib/gcc/arm-none-eabi/14.2.0/../../../../arm-none-eabi/lib/thumb/v7e-m+fp/hard/libc_nano.a(libc_a-puts.o)
 .debug_info    0x0000f8b6      0xa90 /usr/lib/gcc/arm-none-eabi/14.2.0/../../../../arm-none-eabi/lib/thumb/v7e-m+fp/hard/libc_nano.a(libc_a-stdio.o)
 .debug_info    0x00010346      0x874 /usr/lib/gcc/arm-none-eabi/14.2.0/../../../../arm-none-eabi/lib/thumb/v7e-m+fp/hard/libc_nano.a(libc_a-wbuf.o)
 .debug_info    0x00010bba      0x7bb /usr/lib/gcc/arm-none-eabi/14.2.0/../../../../arm-none-eabi/lib/thumb/v7e-m+fp/hard/libc_nano.a(libc_a-wsetup.o)
 .debug_info    0x00011375       0xe0 /usr/lib/gcc/arm-none-eabi/14.2.0/../../../../arm-none-eabi/lib/thumb/v7e-m+fp/hard/libc_nano.a(libc_a-memset.o)
 .debug_info    0x00011455      0x715 /usr/lib/gcc/arm-none-eabi/14.2.0/../../../../arm-none-eabi/lib/thumb/v7e-m+fp/hard/libc_nano.a(libc_a-impure.o)
 .debug_info    0x00011b6a      0x10b /usr/lib/gcc/arm-none-eabi/14.2.0/../../../../arm-none-eabi/lib/thumb/v7e-m+fp/hard/libc_nano.a(libc_a-init.o)
 .debug_info    0x00011c75      0x218 /usr/lib/gcc/arm-none-eabi/14.2.0/../../../../arm-none-eabi/lib/thumb/v7e-m+fp/hard/libc_nano.a(libc_a-lock.o)
 .debug_info    0x00011e8d      0x851 /usr/lib/gcc/arm-none-eabi/14.2.0/../../../../arm-none-eabi/lib/thumb/v7e-m+fp/hard/libc_nano.a(libc_a-freer.o)
 .debug_info    0x000126de     0x1094 /usr/lib/gcc/arm-none-eabi/14.2.0/../../../../arm-none-eabi/lib/thumb/v7e-m+fp/hard/libc_nano.a(libc_a-nano-vfprintf.o)
 .debug_info    0x00013772      0xde2 /usr/lib/gcc/arm-none-eabi/14.2.0/../../../../arm-none-eabi/lib/thumb/v7e-m+fp/hard/libc_nano.a(libc_a-nano-vfprintf_i.o)
 .debug_info    0x00014554      0x9f2 /usr/lib/gcc/arm-none-eabi/14.2.0/../../../../arm-none-eabi/lib/thumb/v7e-m+fp/hard/libc_nano.a(libc_a-fflush.o)
 .debug_info    0x00014f46      0xb15 /usr/lib/gcc/arm-none-eabi/14.2.0/../../../../arm-none-eabi/lib/thumb/v7e-m+fp/hard/libc_nano.a(libc_a-makebuf.o)
 .debug_info    0x00015a5b       0x25 /usr/lib/gcc/arm-none-eabi/14.2.0/../../../../arm-none-eabi/lib/thumb/v7e-m+fp/hard/libc_nano.a(libc_a-memchr.o)

.debug_abbrev   0x00000000     0x63ff
 .debug_abbrev  0x00000000       0x77 /home/lmg/Desktop/AEAgle/apps/demo-riot/bin/cc1352-launchpad/application_demo-riot/home/lmg/Desktop/AEAgle/apps/demo-riot/src/main.o
 .debug_abbrev  0x00000077      0x121 /home/lmg/Desktop/AEAgle/apps/demo-riot/bin/cc1352-launchpad/auto_init/auto_init.o
 .debug_abbrev  0x00000198      0x18b /home/lmg/Desktop/AEAgle/apps/demo-riot/bin/cc1352-launchpad/board_common_init/board_common.o
 .debug_abbrev  0x00000323      0x28c /home/lmg/Desktop/AEAgle/apps/demo-riot/bin/cc1352-launchpad/cc26xx_cc13xx_periph/gpio.o
 .debug_abbrev  0x000005af      0x3d4 /home/lmg/Desktop/AEAgle/apps/demo-riot/bin/cc1352-launchpad/cc26xx_cc13xx_periph/uart.o
 .debug_abbrev  0x00000983      0x2b5 /home/lmg/Desktop/AEAgle/apps/demo-riot/bin/cc1352-launchpad/cc26xx_cc13xx/power_arch.o
 .debug_abbrev  0x00000c38      0x1c7 /home/lmg/Desktop/AEAgle/apps/demo-riot/bin/cc1352-launchpad/cc26xx_cc13xx/vectors.o
 .debug_abbrev  0x00000dff      0x28b /home/lmg/Desktop/AEAgle/apps/demo-riot/bin/cc1352-launchpad/core_lib/init.o
 .debug_abbrev  0x0000108a      0x224 /home/lmg/Desktop/AEAgle/apps/demo-riot/bin/cc1352-launchpad/core_lib/panic.o
 .debug_abbrev  0x000012ae      0x4b7 /home/lmg/Desktop/AEAgle/apps/demo-riot/bin/cc1352-launchpad/core/sched.o
 .debug_abbrev  0x00001765      0x508 /home/lmg/Desktop/AEAgle/apps/demo-riot/bin/cc1352-launchpad/core/thread.o
 .debug_abbrev  0x00001c6d      0x2f3 /home/lmg/Desktop/AEAgle/apps/demo-riot/bin/cc1352-launchpad/cortexm_common/cortexm_init.o
 .debug_abbrev  0x00001f60       0xf2 /home/lmg/Desktop/AEAgle/apps/demo-riot/bin/cc1352-launchpad/cortexm_common/panic.o
 .debug_abbrev  0x00002052      0x19d /home/lmg/Desktop/AEAgle/apps/demo-riot/bin/cc1352-launchpad/cortexm_common_periph/pm.o
 .debug_abbrev  0x000021ef      0x470 /home/lmg/Desktop/AEAgle/apps/demo-riot/bin/cc1352-launchpad/cortexm_common/thread_arch.o
 .debug_abbrev  0x0000265f      0x325 /home/lmg/Desktop/AEAgle/apps/demo-riot/bin/cc1352-launchpad/cortexm_common/vectors_cortexm.o
 .debug_abbrev  0x00002984      0x161 /home/lmg/Desktop/AEAgle/apps/demo-riot/bin/cc1352-launchpad/cpu/auxiliary.o
 .debug_abbrev  0x00002ae5      0x1b6 /home/lmg/Desktop/AEAgle/apps/demo-riot/bin/cc1352-launchpad/cpu/cpu.o
 .debug_abbrev  0x00002c9b      0x275 /home/lmg/Desktop/AEAgle/apps/demo-riot/bin/cc1352-launchpad/cpu/setup.o
 .debug_abbrev  0x00002f10      0x4be /home/lmg/Desktop/AEAgle/apps/demo-riot/bin/cc1352-launchpad/newlib_syscalls_default/syscalls.o
 .debug_abbrev  0x000033ce      0x1f0 /home/lmg/Desktop/AEAgle/apps/demo-riot/bin/cc1352-launchpad/periph_common/init_buttons.o
 .debug_abbrev  0x000035be      0x205 /home/lmg/Desktop/AEAgle/apps/demo-riot/bin/cc1352-launchpad/periph_common/init_leds.o
 .debug_abbrev  0x000037c3      0x1b7 /home/lmg/Desktop/AEAgle/apps/demo-riot/bin/cc1352-launchpad/periph_common/init.o
 .debug_abbrev  0x0000397a      0x1ce /home/lmg/Desktop/AEAgle/apps/demo-riot/bin/cc1352-launchpad/stdio/stdio.o
 .debug_abbrev  0x00003b48      0x309 /home/lmg/Desktop/AEAgle/apps/demo-riot/bin/cc1352-launchpad/stdio_uart/stdio_uart.o
 .debug_abbrev  0x00003e51      0x24a /usr/lib/gcc/arm-none-eabi/14.2.0/../../../../arm-none-eabi/lib/thumb/v7e-m+fp/hard/libc_nano.a(libc_a-mallocr.o)
 .debug_abbrev  0x0000409b      0x1bf /usr/lib/gcc/arm-none-eabi/14.2.0/../../../../arm-none-eabi/lib/thumb/v7e-m+fp/hard/libc_nano.a(libc_a-mlock.o)
 .debug_abbrev  0x0000425a      0x424 /usr/lib/gcc/arm-none-eabi/14.2.0/../../../../arm-none-eabi/lib/thumb/v7e-m+fp/hard/libc_nano.a(libc_a-findfp.o)
 .debug_abbrev  0x0000467e      0x19b /usr/lib/gcc/arm-none-eabi/14.2.0/../../../../arm-none-eabi/lib/thumb/v7e-m+fp/hard/libc_nano.a(libc_a-fwalk.o)
 .debug_abbrev  0x00004819      0x21a /usr/lib/gcc/arm-none-eabi/14.2.0/../../../../arm-none-eabi/lib/thumb/v7e-m+fp/hard/libc_nano.a(libc_a-printf.o)
 .debug_abbrev  0x00004a33      0x2a7 /usr/lib/gcc/arm-none-eabi/14.2.0/../../../../arm-none-eabi/lib/thumb/v7e-m+fp/hard/libc_nano.a(libc_a-puts.o)
 .debug_abbrev  0x00004cda      0x221 /usr/lib/gcc/arm-none-eabi/14.2.0/../../../../arm-none-eabi/lib/thumb/v7e-m+fp/hard/libc_nano.a(libc_a-stdio.o)
 .debug_abbrev  0x00004efb      0x22d /usr/lib/gcc/arm-none-eabi/14.2.0/../../../../arm-none-eabi/lib/thumb/v7e-m+fp/hard/libc_nano.a(libc_a-wbuf.o)
 .debug_abbrev  0x00005128      0x1e2 /usr/lib/gcc/arm-none-eabi/14.2.0/../../../../arm-none-eabi/lib/thumb/v7e-m+fp/hard/libc_nano.a(libc_a-wsetup.o)
 .debug_abbrev  0x0000530a       0x9e /usr/lib/gcc/arm-none-eabi/14.2.0/../../../../arm-none-eabi/lib/thumb/v7e-m+fp/hard/libc_nano.a(libc_a-memset.o)
 .debug_abbrev  0x000053a8      0x149 /usr/lib/gcc/arm-none-eabi/14.2.0/../../../../arm-none-eabi/lib/thumb/v7e-m+fp/hard/libc_nano.a(libc_a-impure.o)
 .debug_abbrev  0x000054f1       0xc9 /usr/lib/gcc/arm-none-eabi/14.2.0/../../../../arm-none-eabi/lib/thumb/v7e-m+fp/hard/libc_nano.a(libc_a-init.o)
 .debug_abbrev  0x000055ba      0x115 /usr/lib/gcc/arm-none-eabi/14.2.0/../../../../arm-none-eabi/lib/thumb/v7e-m+fp/hard/libc_nano.a(libc_a-lock.o)
 .debug_abbrev  0x000056cf      0x236 /usr/lib/gcc/arm-none-eabi/14.2.0/../../../../arm-none-eabi/lib/thumb/v7e-m+fp/hard/libc_nano.a(libc_a-freer.o)
 .debug_abbrev  0x00005905      0x316 /usr/lib/gcc/arm-none-eabi/14.2.0/../../../../arm-none-eabi/lib/thumb/v7e-m+fp/hard/libc_nano.a(libc_a-nano-vfprintf.o)
 .debug_abbrev  0x00005c1b      0x28e /usr/lib/gcc/arm-none-eabi/14.2.0/../../../../arm-none-eabi/lib/thumb/v7e-m+fp/hard/libc_nano.a(libc_a-nano-vfprintf_i.o)
 .debug_abbrev  0x00005ea9      0x2b2 /usr/lib/gcc/arm-none-eabi/14.2.0/../../../../arm-none-eabi/lib/thumb/v7e-m+fp/hard/libc_nano.a(libc_a-fflush.o)
 .debug_abbrev  0x0000615b      0x290 /usr/lib/gcc/arm-none-eabi/14.2.0/../../../../arm-none-eabi/lib/thumb/v7e-m+fp/hard/libc_nano.a(libc_a-makebuf.o)
 .debug_abbrev  0x000063eb       0x14 /usr/lib/gcc/arm-none-eabi/14.2.0/../../../../arm-none-eabi/lib/thumb/v7e-m+fp/hard/libc_nano.a(libc_a-memchr.o)

.debug_aranges  0x00000000      0x9d8
 .debug_aranges
                0x00000000       0x20 /home/lmg/Desktop/AEAgle/apps/demo-riot/bin/cc1352-launchpad/application_demo-riot/home/lmg/Desktop/AEAgle/apps/demo-riot/src/main.o
 .debug_aranges
                0x00000020       0x20 /home/lmg/Desktop/AEAgle/apps/demo-riot/bin/cc1352-launchpad/auto_init/auto_init.o
 .debug_aranges
                0x00000040       0x28 /home/lmg/Desktop/AEAgle/apps/demo-riot/bin/cc1352-launchpad/board_common_init/board_common.o
 .debug_aranges
                0x00000068       0x50 /home/lmg/Desktop/AEAgle/apps/demo-riot/bin/cc1352-launchpad/cc26xx_cc13xx_periph/gpio.o
 .debug_aranges
                0x000000b8       0x58 /home/lmg/Desktop/AEAgle/apps/demo-riot/bin/cc1352-launchpad/cc26xx_cc13xx_periph/uart.o
 .debug_aranges
                0x00000110       0x60 /home/lmg/Desktop/AEAgle/apps/demo-riot/bin/cc1352-launchpad/cc26xx_cc13xx/power_arch.o
 .debug_aranges
                0x00000170       0x28 /home/lmg/Desktop/AEAgle/apps/demo-riot/bin/cc1352-launchpad/cc26xx_cc13xx/vectors.o
 .debug_aranges
                0x00000198       0x38 /home/lmg/Desktop/AEAgle/apps/demo-riot/bin/cc1352-launchpad/core_lib/init.o
 .debug_aranges
                0x000001d0       0x38 /home/lmg/Desktop/AEAgle/apps/demo-riot/bin/cc1352-launchpad/core_lib/panic.o
 .debug_aranges
                0x00000208       0x50 /home/lmg/Desktop/AEAgle/apps/demo-riot/bin/cc1352-launchpad/core/sched.o
 .debug_aranges
                0x00000258       0x78 /home/lmg/Desktop/AEAgle/apps/demo-riot/bin/cc1352-launchpad/core/thread.o
 .debug_aranges
                0x000002d0       0x30 /home/lmg/Desktop/AEAgle/apps/demo-riot/bin/cc1352-launchpad/cortexm_common/cortexm_init.o
 .debug_aranges
                0x00000300       0x28 /home/lmg/Desktop/AEAgle/apps/demo-riot/bin/cc1352-launchpad/cortexm_common/panic.o
 .debug_aranges
                0x00000328       0x28 /home/lmg/Desktop/AEAgle/apps/demo-riot/bin/cc1352-launchpad/cortexm_common_periph/pm.o
 .debug_aranges
                0x00000350       0x68 /home/lmg/Desktop/AEAgle/apps/demo-riot/bin/cc1352-launchpad/cortexm_common/thread_arch.o
 .debug_aranges
                0x000003b8       0x70 /home/lmg/Desktop/AEAgle/apps/demo-riot/bin/cc1352-launchpad/cortexm_common/vectors_cortexm.o
 .debug_aranges
                0x00000428       0x28 /home/lmg/Desktop/AEAgle/apps/demo-riot/bin/cc1352-launchpad/cpu/auxiliary.o
 .debug_aranges
                0x00000450       0x28 /home/lmg/Desktop/AEAgle/apps/demo-riot/bin/cc1352-launchpad/cpu/cpu.o
 .debug_aranges
                0x00000478       0x40 /home/lmg/Desktop/AEAgle/apps/demo-riot/bin/cc1352-launchpad/cpu/setup.o
 .debug_aranges
                0x000004b8       0xc0 /home/lmg/Desktop/AEAgle/apps/demo-riot/bin/cc1352-launchpad/newlib_syscalls_default/syscalls.o
 .debug_aranges
                0x00000578       0x28 /home/lmg/Desktop/AEAgle/apps/demo-riot/bin/cc1352-launchpad/periph_common/init_buttons.o
 .debug_aranges
                0x000005a0       0x28 /home/lmg/Desktop/AEAgle/apps/demo-riot/bin/cc1352-launchpad/periph_common/init_leds.o
 .debug_aranges
                0x000005c8       0x28 /home/lmg/Desktop/AEAgle/apps/demo-riot/bin/cc1352-launchpad/periph_common/init.o
 .debug_aranges
                0x000005f0       0x30 /home/lmg/Desktop/AEAgle/apps/demo-riot/bin/cc1352-launchpad/stdio/stdio.o
 .debug_aranges
                0x00000620       0x38 /home/lmg/Desktop/AEAgle/apps/demo-riot/bin/cc1352-launchpad/stdio_uart/stdio_uart.o
 .debug_aranges
                0x00000658       0x28 /usr/lib/gcc/arm-none-eabi/14.2.0/../../../../arm-none-eabi/lib/thumb/v7e-m+fp/hard/libc_nano.a(libc_a-mallocr.o)
 .debug_aranges
                0x00000680       0x28 /usr/lib/gcc/arm-none-eabi/14.2.0/../../../../arm-none-eabi/lib/thumb/v7e-m+fp/hard/libc_nano.a(libc_a-mlock.o)
 .debug_aranges
                0x000006a8       0x78 /usr/lib/gcc/arm-none-eabi/14.2.0/../../../../arm-none-eabi/lib/thumb/v7e-m+fp/hard/libc_nano.a(libc_a-findfp.o)
 .debug_aranges
                0x00000720       0x20 /usr/lib/gcc/arm-none-eabi/14.2.0/../../../../arm-none-eabi/lib/thumb/v7e-m+fp/hard/libc_nano.a(libc_a-fwalk.o)
 .debug_aranges
                0x00000740       0x28 /usr/lib/gcc/arm-none-eabi/14.2.0/../../../../arm-none-eabi/lib/thumb/v7e-m+fp/hard/libc_nano.a(libc_a-printf.o)
 .debug_aranges
                0x00000768       0x28 /usr/lib/gcc/arm-none-eabi/14.2.0/../../../../arm-none-eabi/lib/thumb/v7e-m+fp/hard/libc_nano.a(libc_a-puts.o)
 .debug_aranges
                0x00000790       0x40 /usr/lib/gcc/arm-none-eabi/14.2.0/../../../../arm-none-eabi/lib/thumb/v7e-m+fp/hard/libc_nano.a(libc_a-stdio.o)
 .debug_aranges
                0x000007d0       0x28 /usr/lib/gcc/arm-none-eabi/14.2.0/../../../../arm-none-eabi/lib/thumb/v7e-m+fp/hard/libc_nano.a(libc_a-wbuf.o)
 .debug_aranges
                0x000007f8       0x20 /usr/lib/gcc/arm-none-eabi/14.2.0/../../../../arm-none-eabi/lib/thumb/v7e-m+fp/hard/libc_nano.a(libc_a-wsetup.o)
 .debug_aranges
                0x00000818       0x20 /usr/lib/gcc/arm-none-eabi/14.2.0/../../../../arm-none-eabi/lib/thumb/v7e-m+fp/hard/libc_nano.a(libc_a-memset.o)
 .debug_aranges
                0x00000838       0x18 /usr/lib/gcc/arm-none-eabi/14.2.0/../../../../arm-none-eabi/lib/thumb/v7e-m+fp/hard/libc_nano.a(libc_a-impure.o)
 .debug_aranges
                0x00000850       0x20 /usr/lib/gcc/arm-none-eabi/14.2.0/../../../../arm-none-eabi/lib/thumb/v7e-m+fp/hard/libc_nano.a(libc_a-init.o)
 .debug_aranges
                0x00000870       0x68 /usr/lib/gcc/arm-none-eabi/14.2.0/../../../../arm-none-eabi/lib/thumb/v7e-m+fp/hard/libc_nano.a(libc_a-lock.o)
 .debug_aranges
                0x000008d8       0x20 /usr/lib/gcc/arm-none-eabi/14.2.0/../../../../arm-none-eabi/lib/thumb/v7e-m+fp/hard/libc_nano.a(libc_a-freer.o)
 .debug_aranges
                0x000008f8       0x40 /usr/lib/gcc/arm-none-eabi/14.2.0/../../../../arm-none-eabi/lib/thumb/v7e-m+fp/hard/libc_nano.a(libc_a-nano-vfprintf.o)
 .debug_aranges
                0x00000938       0x28 /usr/lib/gcc/arm-none-eabi/14.2.0/../../../../arm-none-eabi/lib/thumb/v7e-m+fp/hard/libc_nano.a(libc_a-nano-vfprintf_i.o)
 .debug_aranges
                0x00000960       0x30 /usr/lib/gcc/arm-none-eabi/14.2.0/../../../../arm-none-eabi/lib/thumb/v7e-m+fp/hard/libc_nano.a(libc_a-fflush.o)
 .debug_aranges
                0x00000990       0x28 /usr/lib/gcc/arm-none-eabi/14.2.0/../../../../arm-none-eabi/lib/thumb/v7e-m+fp/hard/libc_nano.a(libc_a-makebuf.o)
 .debug_aranges
                0x000009b8       0x20 /usr/lib/gcc/arm-none-eabi/14.2.0/../../../../arm-none-eabi/lib/thumb/v7e-m+fp/hard/libc_nano.a(libc_a-memchr.o)

.debug_rnglists
                0x00000000      0x98d
 .debug_rnglists
                0x00000000       0x13 /home/lmg/Desktop/AEAgle/apps/demo-riot/bin/cc1352-launchpad/application_demo-riot/home/lmg/Desktop/AEAgle/apps/demo-riot/src/main.o
 .debug_rnglists
                0x00000013       0x22 /home/lmg/Desktop/AEAgle/apps/demo-riot/bin/cc1352-launchpad/auto_init/auto_init.o
 .debug_rnglists
                0x00000035       0x19 /home/lmg/Desktop/AEAgle/apps/demo-riot/bin/cc1352-launchpad/board_common_init/board_common.o
 .debug_rnglists
                0x0000004e       0x37 /home/lmg/Desktop/AEAgle/apps/demo-riot/bin/cc1352-launchpad/cc26xx_cc13xx_periph/gpio.o
 .debug_rnglists
                0x00000085       0x4a /home/lmg/Desktop/AEAgle/apps/demo-riot/bin/cc1352-launchpad/cc26xx_cc13xx_periph/uart.o
 .debug_rnglists
                0x000000cf       0x43 /home/lmg/Desktop/AEAgle/apps/demo-riot/bin/cc1352-launchpad/cc26xx_cc13xx/power_arch.o
 .debug_rnglists
                0x00000112       0x19 /home/lmg/Desktop/AEAgle/apps/demo-riot/bin/cc1352-launchpad/cc26xx_cc13xx/vectors.o
 .debug_rnglists
                0x0000012b       0x49 /home/lmg/Desktop/AEAgle/apps/demo-riot/bin/cc1352-launchpad/core_lib/init.o
 .debug_rnglists
                0x00000174       0x25 /home/lmg/Desktop/AEAgle/apps/demo-riot/bin/cc1352-launchpad/core_lib/panic.o
 .debug_rnglists
                0x00000199       0xc5 /home/lmg/Desktop/AEAgle/apps/demo-riot/bin/cc1352-launchpad/core/sched.o
 .debug_rnglists
                0x0000025e       0xe9 /home/lmg/Desktop/AEAgle/apps/demo-riot/bin/cc1352-launchpad/core/thread.o
 .debug_rnglists
                0x00000347       0x5e /home/lmg/Desktop/AEAgle/apps/demo-riot/bin/cc1352-launchpad/cortexm_common/cortexm_init.o
 .debug_rnglists
                0x000003a5       0x19 /home/lmg/Desktop/AEAgle/apps/demo-riot/bin/cc1352-launchpad/cortexm_common/panic.o
 .debug_rnglists
                0x000003be       0x19 /home/lmg/Desktop/AEAgle/apps/demo-riot/bin/cc1352-launchpad/cortexm_common_periph/pm.o
 .debug_rnglists
                0x000003d7       0x64 /home/lmg/Desktop/AEAgle/apps/demo-riot/bin/cc1352-launchpad/cortexm_common/thread_arch.o
 .debug_rnglists
                0x0000043b       0x5b /home/lmg/Desktop/AEAgle/apps/demo-riot/bin/cc1352-launchpad/cortexm_common/vectors_cortexm.o
 .debug_rnglists
                0x00000496       0x25 /home/lmg/Desktop/AEAgle/apps/demo-riot/bin/cc1352-launchpad/cpu/auxiliary.o
 .debug_rnglists
                0x000004bb       0x19 /home/lmg/Desktop/AEAgle/apps/demo-riot/bin/cc1352-launchpad/cpu/cpu.o
 .debug_rnglists
                0x000004d4       0x39 /home/lmg/Desktop/AEAgle/apps/demo-riot/bin/cc1352-launchpad/cpu/setup.o
 .debug_rnglists
                0x0000050d       0xbe /home/lmg/Desktop/AEAgle/apps/demo-riot/bin/cc1352-launchpad/newlib_syscalls_default/syscalls.o
 .debug_rnglists
                0x000005cb       0x19 /home/lmg/Desktop/AEAgle/apps/demo-riot/bin/cc1352-launchpad/periph_common/init_buttons.o
 .debug_rnglists
                0x000005e4       0x19 /home/lmg/Desktop/AEAgle/apps/demo-riot/bin/cc1352-launchpad/periph_common/init_leds.o
 .debug_rnglists
                0x000005fd       0x19 /home/lmg/Desktop/AEAgle/apps/demo-riot/bin/cc1352-launchpad/periph_common/init.o
 .debug_rnglists
                0x00000616       0x1f /home/lmg/Desktop/AEAgle/apps/demo-riot/bin/cc1352-launchpad/stdio/stdio.o
 .debug_rnglists
                0x00000635       0x34 /home/lmg/Desktop/AEAgle/apps/demo-riot/bin/cc1352-launchpad/stdio_uart/stdio_uart.o
 .debug_rnglists
                0x00000669       0x2c /usr/lib/gcc/arm-none-eabi/14.2.0/../../../../arm-none-eabi/lib/thumb/v7e-m+fp/hard/libc_nano.a(libc_a-mallocr.o)
 .debug_rnglists
                0x00000695       0x19 /usr/lib/gcc/arm-none-eabi/14.2.0/../../../../arm-none-eabi/lib/thumb/v7e-m+fp/hard/libc_nano.a(libc_a-mlock.o)
 .debug_rnglists
                0x000006ae       0x7d /usr/lib/gcc/arm-none-eabi/14.2.0/../../../../arm-none-eabi/lib/thumb/v7e-m+fp/hard/libc_nano.a(libc_a-findfp.o)
 .debug_rnglists
                0x0000072b       0x13 /usr/lib/gcc/arm-none-eabi/14.2.0/../../../../arm-none-eabi/lib/thumb/v7e-m+fp/hard/libc_nano.a(libc_a-fwalk.o)
 .debug_rnglists
                0x0000073e       0x19 /usr/lib/gcc/arm-none-eabi/14.2.0/../../../../arm-none-eabi/lib/thumb/v7e-m+fp/hard/libc_nano.a(libc_a-printf.o)
 .debug_rnglists
                0x00000757       0x44 /usr/lib/gcc/arm-none-eabi/14.2.0/../../../../arm-none-eabi/lib/thumb/v7e-m+fp/hard/libc_nano.a(libc_a-puts.o)
 .debug_rnglists
                0x0000079b       0x2b /usr/lib/gcc/arm-none-eabi/14.2.0/../../../../arm-none-eabi/lib/thumb/v7e-m+fp/hard/libc_nano.a(libc_a-stdio.o)
 .debug_rnglists
                0x000007c6       0x25 /usr/lib/gcc/arm-none-eabi/14.2.0/../../../../arm-none-eabi/lib/thumb/v7e-m+fp/hard/libc_nano.a(libc_a-wbuf.o)
 .debug_rnglists
                0x000007eb       0x26 /usr/lib/gcc/arm-none-eabi/14.2.0/../../../../arm-none-eabi/lib/thumb/v7e-m+fp/hard/libc_nano.a(libc_a-wsetup.o)
 .debug_rnglists
                0x00000811       0x13 /usr/lib/gcc/arm-none-eabi/14.2.0/../../../../arm-none-eabi/lib/thumb/v7e-m+fp/hard/libc_nano.a(libc_a-memset.o)
 .debug_rnglists
                0x00000824       0x13 /usr/lib/gcc/arm-none-eabi/14.2.0/../../../../arm-none-eabi/lib/thumb/v7e-m+fp/hard/libc_nano.a(libc_a-init.o)
 .debug_rnglists
                0x00000837       0x49 /usr/lib/gcc/arm-none-eabi/14.2.0/../../../../arm-none-eabi/lib/thumb/v7e-m+fp/hard/libc_nano.a(libc_a-lock.o)
 .debug_rnglists
                0x00000880       0x14 /usr/lib/gcc/arm-none-eabi/14.2.0/../../../../arm-none-eabi/lib/thumb/v7e-m+fp/hard/libc_nano.a(libc_a-freer.o)
 .debug_rnglists
                0x00000894       0x38 /usr/lib/gcc/arm-none-eabi/14.2.0/../../../../arm-none-eabi/lib/thumb/v7e-m+fp/hard/libc_nano.a(libc_a-nano-vfprintf.o)
 .debug_rnglists
                0x000008cc       0x61 /usr/lib/gcc/arm-none-eabi/14.2.0/../../../../arm-none-eabi/lib/thumb/v7e-m+fp/hard/libc_nano.a(libc_a-nano-vfprintf_i.o)
 .debug_rnglists
                0x0000092d       0x3b /usr/lib/gcc/arm-none-eabi/14.2.0/../../../../arm-none-eabi/lib/thumb/v7e-m+fp/hard/libc_nano.a(libc_a-fflush.o)
 .debug_rnglists
                0x00000968       0x25 /usr/lib/gcc/arm-none-eabi/14.2.0/../../../../arm-none-eabi/lib/thumb/v7e-m+fp/hard/libc_nano.a(libc_a-makebuf.o)

.debug_macro    0x00000000    0x2c449
 .debug_macro   0x00000000      0x141 /home/lmg/Desktop/AEAgle/apps/demo-riot/bin/cc1352-launchpad/application_demo-riot/home/lmg/Desktop/AEAgle/apps/demo-riot/src/main.o
 .debug_macro   0x00000141      0xb1a /home/lmg/Desktop/AEAgle/apps/demo-riot/bin/cc1352-launchpad/application_demo-riot/home/lmg/Desktop/AEAgle/apps/demo-riot/src/main.o
 .debug_macro   0x00000c5b      0x178 /home/lmg/Desktop/AEAgle/apps/demo-riot/bin/cc1352-launchpad/application_demo-riot/home/lmg/Desktop/AEAgle/apps/demo-riot/src/main.o
 .debug_macro   0x00000dd3       0x22 /home/lmg/Desktop/AEAgle/apps/demo-riot/bin/cc1352-launchpad/application_demo-riot/home/lmg/Desktop/AEAgle/apps/demo-riot/src/main.o
 .debug_macro   0x00000df5       0x5b /home/lmg/Desktop/AEAgle/apps/demo-riot/bin/cc1352-launchpad/application_demo-riot/home/lmg/Desktop/AEAgle/apps/demo-riot/src/main.o
 .debug_macro   0x00000e50       0x2a /home/lmg/Desktop/AEAgle/apps/demo-riot/bin/cc1352-launchpad/application_demo-riot/home/lmg/Desktop/AEAgle/apps/demo-riot/src/main.o
 .debug_macro   0x00000e7a       0x5c /home/lmg/Desktop/AEAgle/apps/demo-riot/bin/cc1352-launchpad/application_demo-riot/home/lmg/Desktop/AEAgle/apps/demo-riot/src/main.o
 .debug_macro   0x00000ed6       0x43 /home/lmg/Desktop/AEAgle/apps/demo-riot/bin/cc1352-launchpad/application_demo-riot/home/lmg/Desktop/AEAgle/apps/demo-riot/src/main.o
 .debug_macro   0x00000f19       0x34 /home/lmg/Desktop/AEAgle/apps/demo-riot/bin/cc1352-launchpad/application_demo-riot/home/lmg/Desktop/AEAgle/apps/demo-riot/src/main.o
 .debug_macro   0x00000f4d       0x16 /home/lmg/Desktop/AEAgle/apps/demo-riot/bin/cc1352-launchpad/application_demo-riot/home/lmg/Desktop/AEAgle/apps/demo-riot/src/main.o
 .debug_macro   0x00000f63       0x57 /home/lmg/Desktop/AEAgle/apps/demo-riot/bin/cc1352-launchpad/application_demo-riot/home/lmg/Desktop/AEAgle/apps/demo-riot/src/main.o
 .debug_macro   0x00000fba       0x9e /home/lmg/Desktop/AEAgle/apps/demo-riot/bin/cc1352-launchpad/application_demo-riot/home/lmg/Desktop/AEAgle/apps/demo-riot/src/main.o
 .debug_macro   0x00001058      0x364 /home/lmg/Desktop/AEAgle/apps/demo-riot/bin/cc1352-launchpad/application_demo-riot/home/lmg/Desktop/AEAgle/apps/demo-riot/src/main.o
 .debug_macro   0x000013bc      0x112 /home/lmg/Desktop/AEAgle/apps/demo-riot/bin/cc1352-launchpad/application_demo-riot/home/lmg/Desktop/AEAgle/apps/demo-riot/src/main.o
 .debug_macro   0x000014ce       0x10 /home/lmg/Desktop/AEAgle/apps/demo-riot/bin/cc1352-launchpad/application_demo-riot/home/lmg/Desktop/AEAgle/apps/demo-riot/src/main.o
 .debug_macro   0x000014de       0x16 /home/lmg/Desktop/AEAgle/apps/demo-riot/bin/cc1352-launchpad/application_demo-riot/home/lmg/Desktop/AEAgle/apps/demo-riot/src/main.o
 .debug_macro   0x000014f4       0x4a /home/lmg/Desktop/AEAgle/apps/demo-riot/bin/cc1352-launchpad/application_demo-riot/home/lmg/Desktop/AEAgle/apps/demo-riot/src/main.o
 .debug_macro   0x0000153e       0x34 /home/lmg/Desktop/AEAgle/apps/demo-riot/bin/cc1352-launchpad/application_demo-riot/home/lmg/Desktop/AEAgle/apps/demo-riot/src/main.o
 .debug_macro   0x00001572       0x10 /home/lmg/Desktop/AEAgle/apps/demo-riot/bin/cc1352-launchpad/application_demo-riot/home/lmg/Desktop/AEAgle/apps/demo-riot/src/main.o
 .debug_macro   0x00001582       0x58 /home/lmg/Desktop/AEAgle/apps/demo-riot/bin/cc1352-launchpad/application_demo-riot/home/lmg/Desktop/AEAgle/apps/demo-riot/src/main.o
 .debug_macro   0x000015da       0x8e /home/lmg/Desktop/AEAgle/apps/demo-riot/bin/cc1352-launchpad/application_demo-riot/home/lmg/Desktop/AEAgle/apps/demo-riot/src/main.o
 .debug_macro   0x00001668      0x103 /home/lmg/Desktop/AEAgle/apps/demo-riot/bin/cc1352-launchpad/application_demo-riot/home/lmg/Desktop/AEAgle/apps/demo-riot/src/main.o
 .debug_macro   0x0000176b       0x6a /home/lmg/Desktop/AEAgle/apps/demo-riot/bin/cc1352-launchpad/application_demo-riot/home/lmg/Desktop/AEAgle/apps/demo-riot/src/main.o
 .debug_macro   0x000017d5      0x1df /home/lmg/Desktop/AEAgle/apps/demo-riot/bin/cc1352-launchpad/application_demo-riot/home/lmg/Desktop/AEAgle/apps/demo-riot/src/main.o
 .debug_macro   0x000019b4       0x24 /home/lmg/Desktop/AEAgle/apps/demo-riot/bin/cc1352-launchpad/application_demo-riot/home/lmg/Desktop/AEAgle/apps/demo-riot/src/main.o
 .debug_macro   0x000019d8      0x185 /home/lmg/Desktop/AEAgle/apps/demo-riot/bin/cc1352-launchpad/application_demo-riot/home/lmg/Desktop/AEAgle/apps/demo-riot/src/main.o
 .debug_macro   0x00001b5d       0x16 /home/lmg/Desktop/AEAgle/apps/demo-riot/bin/cc1352-launchpad/application_demo-riot/home/lmg/Desktop/AEAgle/apps/demo-riot/src/main.o
 .debug_macro   0x00001b73       0x16 /home/lmg/Desktop/AEAgle/apps/demo-riot/bin/cc1352-launchpad/application_demo-riot/home/lmg/Desktop/AEAgle/apps/demo-riot/src/main.o
 .debug_macro   0x00001b89      0x115 /home/lmg/Desktop/AEAgle/apps/demo-riot/bin/cc1352-launchpad/application_demo-riot/home/lmg/Desktop/AEAgle/apps/demo-riot/src/main.o
 .debug_macro   0x00001c9e      0x31f /home/lmg/Desktop/AEAgle/apps/demo-riot/bin/cc1352-launchpad/auto_init/auto_init.o
 .debug_macro   0x00001fbd      0xb1a /home/lmg/Desktop/AEAgle/apps/demo-riot/bin/cc1352-launchpad/auto_init/auto_init.o
 .debug_macro   0x00002ad7       0x56 /home/lmg/Desktop/AEAgle/apps/demo-riot/bin/cc1352-launchpad/auto_init/auto_init.o
 .debug_macro   0x00002b2d       0x51 /home/lmg/Desktop/AEAgle/apps/demo-riot/bin/cc1352-launchpad/auto_init/auto_init.o
 .debug_macro   0x00002b7e       0x61 /home/lmg/Desktop/AEAgle/apps/demo-riot/bin/cc1352-launchpad/auto_init/auto_init.o
 .debug_macro   0x00002bdf       0x10 /home/lmg/Desktop/AEAgle/apps/demo-riot/bin/cc1352-launchpad/auto_init/auto_init.o
 .debug_macro   0x00002bef       0x3c /home/lmg/Desktop/AEAgle/apps/demo-riot/bin/cc1352-launchpad/auto_init/auto_init.o
 .debug_macro   0x00002c2b      0x460 /home/lmg/Desktop/AEAgle/apps/demo-riot/bin/cc1352-launchpad/auto_init/auto_init.o
 .debug_macro   0x0000308b       0x28 /home/lmg/Desktop/AEAgle/apps/demo-riot/bin/cc1352-launchpad/auto_init/auto_init.o
 .debug_macro   0x000030b3       0x51 /home/lmg/Desktop/AEAgle/apps/demo-riot/bin/cc1352-launchpad/auto_init/auto_init.o
 .debug_macro   0x00003104       0x16 /home/lmg/Desktop/AEAgle/apps/demo-riot/bin/cc1352-launchpad/auto_init/auto_init.o
 .debug_macro   0x0000311a       0x22 /home/lmg/Desktop/AEAgle/apps/demo-riot/bin/cc1352-launchpad/auto_init/auto_init.o
 .debug_macro   0x0000313c       0x37 /home/lmg/Desktop/AEAgle/apps/demo-riot/bin/cc1352-launchpad/auto_init/auto_init.o
 .debug_macro   0x00003173       0x44 /home/lmg/Desktop/AEAgle/apps/demo-riot/bin/cc1352-launchpad/auto_init/auto_init.o
 .debug_macro   0x000031b7       0x10 /home/lmg/Desktop/AEAgle/apps/demo-riot/bin/cc1352-launchpad/auto_init/auto_init.o
 .debug_macro   0x000031c7    0x11111 /home/lmg/Desktop/AEAgle/apps/demo-riot/bin/cc1352-launchpad/auto_init/auto_init.o
 .debug_macro   0x000142d8       0x16 /home/lmg/Desktop/AEAgle/apps/demo-riot/bin/cc1352-launchpad/auto_init/auto_init.o
 .debug_macro   0x000142ee      0x1a5 /home/lmg/Desktop/AEAgle/apps/demo-riot/bin/cc1352-launchpad/auto_init/auto_init.o
 .debug_macro   0x00014493       0x12 /home/lmg/Desktop/AEAgle/apps/demo-riot/bin/cc1352-launchpad/auto_init/auto_init.o
 .debug_macro   0x000144a5       0x16 /home/lmg/Desktop/AEAgle/apps/demo-riot/bin/cc1352-launchpad/auto_init/auto_init.o
 .debug_macro   0x000144bb       0x43 /home/lmg/Desktop/AEAgle/apps/demo-riot/bin/cc1352-launchpad/auto_init/auto_init.o
 .debug_macro   0x000144fe       0x27 /home/lmg/Desktop/AEAgle/apps/demo-riot/bin/cc1352-launchpad/auto_init/auto_init.o
 .debug_macro   0x00014525       0x1c /home/lmg/Desktop/AEAgle/apps/demo-riot/bin/cc1352-launchpad/auto_init/auto_init.o
 .debug_macro   0x00014541       0x22 /home/lmg/Desktop/AEAgle/apps/demo-riot/bin/cc1352-launchpad/auto_init/auto_init.o
 .debug_macro   0x00014563       0xfb /home/lmg/Desktop/AEAgle/apps/demo-riot/bin/cc1352-launchpad/auto_init/auto_init.o
 .debug_macro   0x0001465e     0x1011 /home/lmg/Desktop/AEAgle/apps/demo-riot/bin/cc1352-launchpad/auto_init/auto_init.o
 .debug_macro   0x0001566f      0x11f /home/lmg/Desktop/AEAgle/apps/demo-riot/bin/cc1352-launchpad/auto_init/auto_init.o
 .debug_macro   0x0001578e       0x51 /home/lmg/Desktop/AEAgle/apps/demo-riot/bin/cc1352-launchpad/auto_init/auto_init.o
 .debug_macro   0x000157df       0x40 /home/lmg/Desktop/AEAgle/apps/demo-riot/bin/cc1352-launchpad/auto_init/auto_init.o
 .debug_macro   0x0001581f      0x202 /home/lmg/Desktop/AEAgle/apps/demo-riot/bin/cc1352-launchpad/auto_init/auto_init.o
 .debug_macro   0x00015a21       0x10 /home/lmg/Desktop/AEAgle/apps/demo-riot/bin/cc1352-launchpad/auto_init/auto_init.o
 .debug_macro   0x00015a31      0x2f4 /home/lmg/Desktop/AEAgle/apps/demo-riot/bin/cc1352-launchpad/auto_init/auto_init.o
 .debug_macro   0x00015d25       0x5e /home/lmg/Desktop/AEAgle/apps/demo-riot/bin/cc1352-launchpad/auto_init/auto_init.o
 .debug_macro   0x00015d83       0x6c /home/lmg/Desktop/AEAgle/apps/demo-riot/bin/cc1352-launchpad/auto_init/auto_init.o
 .debug_macro   0x00015def      0x1d1 /home/lmg/Desktop/AEAgle/apps/demo-riot/bin/cc1352-launchpad/auto_init/auto_init.o
 .debug_macro   0x00015fc0       0x86 /home/lmg/Desktop/AEAgle/apps/demo-riot/bin/cc1352-launchpad/auto_init/auto_init.o
 .debug_macro   0x00016046      0x17a /home/lmg/Desktop/AEAgle/apps/demo-riot/bin/cc1352-launchpad/auto_init/auto_init.o
 .debug_macro   0x000161c0       0xc8 /home/lmg/Desktop/AEAgle/apps/demo-riot/bin/cc1352-launchpad/auto_init/auto_init.o
 .debug_macro   0x00016288       0x10 /home/lmg/Desktop/AEAgle/apps/demo-riot/bin/cc1352-launchpad/auto_init/auto_init.o
 .debug_macro   0x00016298      0x128 /home/lmg/Desktop/AEAgle/apps/demo-riot/bin/cc1352-launchpad/auto_init/auto_init.o
 .debug_macro   0x000163c0       0xef /home/lmg/Desktop/AEAgle/apps/demo-riot/bin/cc1352-launchpad/auto_init/auto_init.o
 .debug_macro   0x000164af       0x35 /home/lmg/Desktop/AEAgle/apps/demo-riot/bin/cc1352-launchpad/auto_init/auto_init.o
 .debug_macro   0x000164e4      0x20d /home/lmg/Desktop/AEAgle/apps/demo-riot/bin/cc1352-launchpad/auto_init/auto_init.o
 .debug_macro   0x000166f1       0x82 /home/lmg/Desktop/AEAgle/apps/demo-riot/bin/cc1352-launchpad/auto_init/auto_init.o
 .debug_macro   0x00016773       0x3b /home/lmg/Desktop/AEAgle/apps/demo-riot/bin/cc1352-launchpad/auto_init/auto_init.o
 .debug_macro   0x000167ae       0x2e /home/lmg/Desktop/AEAgle/apps/demo-riot/bin/cc1352-launchpad/auto_init/auto_init.o
 .debug_macro   0x000167dc       0x2a /home/lmg/Desktop/AEAgle/apps/demo-riot/bin/cc1352-launchpad/auto_init/auto_init.o
 .debug_macro   0x00016806      0x2de /home/lmg/Desktop/AEAgle/apps/demo-riot/bin/cc1352-launchpad/board_common_init/board_common.o
 .debug_macro   0x00016ae4      0xb1a /home/lmg/Desktop/AEAgle/apps/demo-riot/bin/cc1352-launchpad/board_common_init/board_common.o
 .debug_macro   0x000175fe      0x190 /home/lmg/Desktop/AEAgle/apps/demo-riot/bin/cc1352-launchpad/board_common_init/board_common.o
 .debug_macro   0x0001778e       0x7c /home/lmg/Desktop/AEAgle/apps/demo-riot/bin/cc1352-launchpad/board_common_init/board_common.o
 .debug_macro   0x0001780a       0x17 /home/lmg/Desktop/AEAgle/apps/demo-riot/bin/cc1352-launchpad/board_common_init/board_common.o
 .debug_macro   0x00017821       0xee /home/lmg/Desktop/AEAgle/apps/demo-riot/bin/cc1352-launchpad/board_common_init/board_common.o
 .debug_macro   0x0001790f       0x3a /home/lmg/Desktop/AEAgle/apps/demo-riot/bin/cc1352-launchpad/board_common_init/board_common.o
 .debug_macro   0x00017949       0x16 /home/lmg/Desktop/AEAgle/apps/demo-riot/bin/cc1352-launchpad/board_common_init/board_common.o
 .debug_macro   0x0001795f       0x63 /home/lmg/Desktop/AEAgle/apps/demo-riot/bin/cc1352-launchpad/board_common_init/board_common.o
 .debug_macro   0x000179c2       0x28 /home/lmg/Desktop/AEAgle/apps/demo-riot/bin/cc1352-launchpad/board_common_init/board_common.o
 .debug_macro   0x000179ea       0x5e /home/lmg/Desktop/AEAgle/apps/demo-riot/bin/cc1352-launchpad/board_common_init/board_common.o
 .debug_macro   0x00017a48      0x34e /home/lmg/Desktop/AEAgle/apps/demo-riot/bin/cc1352-launchpad/cc26xx_cc13xx_periph/gpio.o
 .debug_macro   0x00017d96      0xb1a /home/lmg/Desktop/AEAgle/apps/demo-riot/bin/cc1352-launchpad/cc26xx_cc13xx_periph/gpio.o
 .debug_macro   0x000188b0       0x10 /home/lmg/Desktop/AEAgle/apps/demo-riot/bin/cc1352-launchpad/cc26xx_cc13xx_periph/gpio.o
 .debug_macro   0x000188c0      0x20f /home/lmg/Desktop/AEAgle/apps/demo-riot/bin/cc1352-launchpad/cc26xx_cc13xx_periph/gpio.o
 .debug_macro   0x00018acf      0x23c /home/lmg/Desktop/AEAgle/apps/demo-riot/bin/cc1352-launchpad/cc26xx_cc13xx_periph/gpio.o
 .debug_macro   0x00018d0b       0x16 /home/lmg/Desktop/AEAgle/apps/demo-riot/bin/cc1352-launchpad/cc26xx_cc13xx_periph/gpio.o
 .debug_macro   0x00018d21      0x34c /home/lmg/Desktop/AEAgle/apps/demo-riot/bin/cc1352-launchpad/cc26xx_cc13xx_periph/uart.o
 .debug_macro   0x0001906d      0xb1a /home/lmg/Desktop/AEAgle/apps/demo-riot/bin/cc1352-launchpad/cc26xx_cc13xx_periph/uart.o
 .debug_macro   0x00019b87      0x340 /home/lmg/Desktop/AEAgle/apps/demo-riot/bin/cc1352-launchpad/cc26xx_cc13xx/power_arch.o
 .debug_macro   0x00019ec7      0xb1a /home/lmg/Desktop/AEAgle/apps/demo-riot/bin/cc1352-launchpad/cc26xx_cc13xx/power_arch.o
 .debug_macro   0x0001a9e1      0x2e7 /home/lmg/Desktop/AEAgle/apps/demo-riot/bin/cc1352-launchpad/cc26xx_cc13xx/vectors.o
 .debug_macro   0x0001acc8      0xb1a /home/lmg/Desktop/AEAgle/apps/demo-riot/bin/cc1352-launchpad/cc26xx_cc13xx/vectors.o
 .debug_macro   0x0001b7e2       0x16 /home/lmg/Desktop/AEAgle/apps/demo-riot/bin/cc1352-launchpad/cc26xx_cc13xx/vectors.o
 .debug_macro   0x0001b7f8      0x417 /home/lmg/Desktop/AEAgle/apps/demo-riot/bin/cc1352-launchpad/core_lib/init.o
 .debug_macro   0x0001bc0f      0xb1a /home/lmg/Desktop/AEAgle/apps/demo-riot/bin/cc1352-launchpad/core_lib/init.o
 .debug_macro   0x0001c729       0x28 /home/lmg/Desktop/AEAgle/apps/demo-riot/bin/cc1352-launchpad/core_lib/init.o
 .debug_macro   0x0001c751       0x16 /home/lmg/Desktop/AEAgle/apps/demo-riot/bin/cc1352-launchpad/core_lib/init.o
 .debug_macro   0x0001c767       0xaa /home/lmg/Desktop/AEAgle/apps/demo-riot/bin/cc1352-launchpad/core_lib/init.o
 .debug_macro   0x0001c811      0x4fe /home/lmg/Desktop/AEAgle/apps/demo-riot/bin/cc1352-launchpad/core_lib/init.o
 .debug_macro   0x0001cd0f       0x11 /home/lmg/Desktop/AEAgle/apps/demo-riot/bin/cc1352-launchpad/core_lib/init.o
 .debug_macro   0x0001cd20      0x317 /home/lmg/Desktop/AEAgle/apps/demo-riot/bin/cc1352-launchpad/core_lib/panic.o
 .debug_macro   0x0001d037      0xb1a /home/lmg/Desktop/AEAgle/apps/demo-riot/bin/cc1352-launchpad/core_lib/panic.o
 .debug_macro   0x0001db51      0x31e /home/lmg/Desktop/AEAgle/apps/demo-riot/bin/cc1352-launchpad/core/sched.o
 .debug_macro   0x0001de6f      0xb1a /home/lmg/Desktop/AEAgle/apps/demo-riot/bin/cc1352-launchpad/core/sched.o
 .debug_macro   0x0001e989      0x339 /home/lmg/Desktop/AEAgle/apps/demo-riot/bin/cc1352-launchpad/core/thread.o
 .debug_macro   0x0001ecc2      0xb1a /home/lmg/Desktop/AEAgle/apps/demo-riot/bin/cc1352-launchpad/core/thread.o
 .debug_macro   0x0001f7dc       0x22 /home/lmg/Desktop/AEAgle/apps/demo-riot/bin/cc1352-launchpad/core/thread.o
 .debug_macro   0x0001f7fe      0x26c /home/lmg/Desktop/AEAgle/apps/demo-riot/bin/cc1352-launchpad/cortexm_common/cortexm_init.o
 .debug_macro   0x0001fa6a      0xb1a /home/lmg/Desktop/AEAgle/apps/demo-riot/bin/cc1352-launchpad/cortexm_common/cortexm_init.o
 .debug_macro   0x00020584      0x2fc /home/lmg/Desktop/AEAgle/apps/demo-riot/bin/cc1352-launchpad/cortexm_common/panic.o
 .debug_macro   0x00020880      0xb1a /home/lmg/Desktop/AEAgle/apps/demo-riot/bin/cc1352-launchpad/cortexm_common/panic.o
 .debug_macro   0x0002139a      0x277 /home/lmg/Desktop/AEAgle/apps/demo-riot/bin/cc1352-launchpad/cortexm_common_periph/pm.o
 .debug_macro   0x00021611      0xb1a /home/lmg/Desktop/AEAgle/apps/demo-riot/bin/cc1352-launchpad/cortexm_common_periph/pm.o
 .debug_macro   0x0002212b      0x31e /home/lmg/Desktop/AEAgle/apps/demo-riot/bin/cc1352-launchpad/cortexm_common/thread_arch.o
 .debug_macro   0x00022449      0xb1a /home/lmg/Desktop/AEAgle/apps/demo-riot/bin/cc1352-launchpad/cortexm_common/thread_arch.o
 .debug_macro   0x00022f63      0x393 /home/lmg/Desktop/AEAgle/apps/demo-riot/bin/cc1352-launchpad/cortexm_common/vectors_cortexm.o
 .debug_macro   0x000232f6      0xb1a /home/lmg/Desktop/AEAgle/apps/demo-riot/bin/cc1352-launchpad/cortexm_common/vectors_cortexm.o
 .debug_macro   0x00023e10      0x27e /home/lmg/Desktop/AEAgle/apps/demo-riot/bin/cc1352-launchpad/cpu/auxiliary.o
 .debug_macro   0x0002408e      0xb1a /home/lmg/Desktop/AEAgle/apps/demo-riot/bin/cc1352-launchpad/cpu/auxiliary.o
 .debug_macro   0x00024ba8      0x38d /home/lmg/Desktop/AEAgle/apps/demo-riot/bin/cc1352-launchpad/cpu/cpu.o
 .debug_macro   0x00024f35      0xb1a /home/lmg/Desktop/AEAgle/apps/demo-riot/bin/cc1352-launchpad/cpu/cpu.o
 .debug_macro   0x00025a4f       0x10 /home/lmg/Desktop/AEAgle/apps/demo-riot/bin/cc1352-launchpad/cpu/cpu.o
 .debug_macro   0x00025a5f       0x10 /home/lmg/Desktop/AEAgle/apps/demo-riot/bin/cc1352-launchpad/cpu/cpu.o
 .debug_macro   0x00025a6f       0xac /home/lmg/Desktop/AEAgle/apps/demo-riot/bin/cc1352-launchpad/cpu/cpu.o
 .debug_macro   0x00025b1b      0x26c /home/lmg/Desktop/AEAgle/apps/demo-riot/bin/cc1352-launchpad/cpu/setup.o
 .debug_macro   0x00025d87      0xb1a /home/lmg/Desktop/AEAgle/apps/demo-riot/bin/cc1352-launchpad/cpu/setup.o
 .debug_macro   0x000268a1      0x47f /home/lmg/Desktop/AEAgle/apps/demo-riot/bin/cc1352-launchpad/newlib_syscalls_default/syscalls.o
 .debug_macro   0x00026d20      0xb1a /home/lmg/Desktop/AEAgle/apps/demo-riot/bin/cc1352-launchpad/newlib_syscalls_default/syscalls.o
 .debug_macro   0x0002783a       0x10 /home/lmg/Desktop/AEAgle/apps/demo-riot/bin/cc1352-launchpad/newlib_syscalls_default/syscalls.o
 .debug_macro   0x0002784a       0x3c /home/lmg/Desktop/AEAgle/apps/demo-riot/bin/cc1352-launchpad/newlib_syscalls_default/syscalls.o
 .debug_macro   0x00027886       0x16 /home/lmg/Desktop/AEAgle/apps/demo-riot/bin/cc1352-launchpad/newlib_syscalls_default/syscalls.o
 .debug_macro   0x0002789c       0x16 /home/lmg/Desktop/AEAgle/apps/demo-riot/bin/cc1352-launchpad/newlib_syscalls_default/syscalls.o
 .debug_macro   0x000278b2       0x10 /home/lmg/Desktop/AEAgle/apps/demo-riot/bin/cc1352-launchpad/newlib_syscalls_default/syscalls.o
 .debug_macro   0x000278c2       0x10 /home/lmg/Desktop/AEAgle/apps/demo-riot/bin/cc1352-launchpad/newlib_syscalls_default/syscalls.o
 .debug_macro   0x000278d2       0x2e /home/lmg/Desktop/AEAgle/apps/demo-riot/bin/cc1352-launchpad/newlib_syscalls_default/syscalls.o
 .debug_macro   0x00027900      0x102 /home/lmg/Desktop/AEAgle/apps/demo-riot/bin/cc1352-launchpad/newlib_syscalls_default/syscalls.o
 .debug_macro   0x00027a02       0x2e /home/lmg/Desktop/AEAgle/apps/demo-riot/bin/cc1352-launchpad/newlib_syscalls_default/syscalls.o
 .debug_macro   0x00027a30      0x2de /home/lmg/Desktop/AEAgle/apps/demo-riot/bin/cc1352-launchpad/periph_common/init_buttons.o
 .debug_macro   0x00027d0e      0xb1a /home/lmg/Desktop/AEAgle/apps/demo-riot/bin/cc1352-launchpad/periph_common/init_buttons.o
 .debug_macro   0x00028828      0x2ed /home/lmg/Desktop/AEAgle/apps/demo-riot/bin/cc1352-launchpad/periph_common/init_leds.o
 .debug_macro   0x00028b15      0xb1a /home/lmg/Desktop/AEAgle/apps/demo-riot/bin/cc1352-launchpad/periph_common/init_leds.o
 .debug_macro   0x0002962f       0x97 /home/lmg/Desktop/AEAgle/apps/demo-riot/bin/cc1352-launchpad/periph_common/init_leds.o
 .debug_macro   0x000296c6      0x282 /home/lmg/Desktop/AEAgle/apps/demo-riot/bin/cc1352-launchpad/periph_common/init.o
 .debug_macro   0x00029948      0xb1a /home/lmg/Desktop/AEAgle/apps/demo-riot/bin/cc1352-launchpad/periph_common/init.o
 .debug_macro   0x0002a462      0x3a3 /home/lmg/Desktop/AEAgle/apps/demo-riot/bin/cc1352-launchpad/stdio/stdio.o
 .debug_macro   0x0002a805      0xb1a /home/lmg/Desktop/AEAgle/apps/demo-riot/bin/cc1352-launchpad/stdio/stdio.o
 .debug_macro   0x0002b31f       0xb8 /home/lmg/Desktop/AEAgle/apps/demo-riot/bin/cc1352-launchpad/stdio/stdio.o
 .debug_macro   0x0002b3d7      0x448 /home/lmg/Desktop/AEAgle/apps/demo-riot/bin/cc1352-launchpad/stdio_uart/stdio_uart.o
 .debug_macro   0x0002b81f      0xb1a /home/lmg/Desktop/AEAgle/apps/demo-riot/bin/cc1352-launchpad/stdio_uart/stdio_uart.o
 .debug_macro   0x0002c339       0x10 /home/lmg/Desktop/AEAgle/apps/demo-riot/bin/cc1352-launchpad/stdio_uart/stdio_uart.o
 .debug_macro   0x0002c349      0x100 /home/lmg/Desktop/AEAgle/apps/demo-riot/bin/cc1352-launchpad/stdio_uart/stdio_uart.o

.debug_line     0x00000000    0x12b94
 .debug_line    0x00000000      0x319 /home/lmg/Desktop/AEAgle/apps/demo-riot/bin/cc1352-launchpad/application_demo-riot/home/lmg/Desktop/AEAgle/apps/demo-riot/src/main.o
 .debug_line    0x00000319      0x909 /home/lmg/Desktop/AEAgle/apps/demo-riot/bin/cc1352-launchpad/auto_init/auto_init.o
 .debug_line    0x00000c22      0x8b8 /home/lmg/Desktop/AEAgle/apps/demo-riot/bin/cc1352-launchpad/board_common_init/board_common.o
 .debug_line    0x000014da      0xa41 /home/lmg/Desktop/AEAgle/apps/demo-riot/bin/cc1352-launchpad/cc26xx_cc13xx_periph/gpio.o
 .debug_line    0x00001f1b      0xb54 /home/lmg/Desktop/AEAgle/apps/demo-riot/bin/cc1352-launchpad/cc26xx_cc13xx_periph/uart.o
 .debug_line    0x00002a6f      0xb31 /home/lmg/Desktop/AEAgle/apps/demo-riot/bin/cc1352-launchpad/cc26xx_cc13xx/power_arch.o
 .debug_line    0x000035a0      0x8c7 /home/lmg/Desktop/AEAgle/apps/demo-riot/bin/cc1352-launchpad/cc26xx_cc13xx/vectors.o
 .debug_line    0x00003e67      0xa4f /home/lmg/Desktop/AEAgle/apps/demo-riot/bin/cc1352-launchpad/core_lib/init.o
 .debug_line    0x000048b6      0x906 /home/lmg/Desktop/AEAgle/apps/demo-riot/bin/cc1352-launchpad/core_lib/panic.o
 .debug_line    0x000051bc      0xe2b /home/lmg/Desktop/AEAgle/apps/demo-riot/bin/cc1352-launchpad/core/sched.o
 .debug_line    0x00005fe7     0x1084 /home/lmg/Desktop/AEAgle/apps/demo-riot/bin/cc1352-launchpad/core/thread.o
 .debug_line    0x0000706b      0x903 /home/lmg/Desktop/AEAgle/apps/demo-riot/bin/cc1352-launchpad/cortexm_common/cortexm_init.o
 .debug_line    0x0000796e      0x7f1 /home/lmg/Desktop/AEAgle/apps/demo-riot/bin/cc1352-launchpad/cortexm_common/panic.o
 .debug_line    0x0000815f      0x854 /home/lmg/Desktop/AEAgle/apps/demo-riot/bin/cc1352-launchpad/cortexm_common_periph/pm.o
 .debug_line    0x000089b3      0xb3e /home/lmg/Desktop/AEAgle/apps/demo-riot/bin/cc1352-launchpad/cortexm_common/thread_arch.o
 .debug_line    0x000094f1      0xab7 /home/lmg/Desktop/AEAgle/apps/demo-riot/bin/cc1352-launchpad/cortexm_common/vectors_cortexm.o
 .debug_line    0x00009fa8      0x804 /home/lmg/Desktop/AEAgle/apps/demo-riot/bin/cc1352-launchpad/cpu/auxiliary.o
 .debug_line    0x0000a7ac      0x983 /home/lmg/Desktop/AEAgle/apps/demo-riot/bin/cc1352-launchpad/cpu/cpu.o
 .debug_line    0x0000b12f      0x938 /home/lmg/Desktop/AEAgle/apps/demo-riot/bin/cc1352-launchpad/cpu/setup.o
 .debug_line    0x0000ba67      0xdc9 /home/lmg/Desktop/AEAgle/apps/demo-riot/bin/cc1352-launchpad/newlib_syscalls_default/syscalls.o
 .debug_line    0x0000c830      0x8d2 /home/lmg/Desktop/AEAgle/apps/demo-riot/bin/cc1352-launchpad/periph_common/init_buttons.o
 .debug_line    0x0000d102      0x93f /home/lmg/Desktop/AEAgle/apps/demo-riot/bin/cc1352-launchpad/periph_common/init_leds.o
 .debug_line    0x0000da41      0x81d /home/lmg/Desktop/AEAgle/apps/demo-riot/bin/cc1352-launchpad/periph_common/init.o
 .debug_line    0x0000e25e      0x918 /home/lmg/Desktop/AEAgle/apps/demo-riot/bin/cc1352-launchpad/stdio/stdio.o
 .debug_line    0x0000eb76      0xa73 /home/lmg/Desktop/AEAgle/apps/demo-riot/bin/cc1352-launchpad/stdio_uart/stdio_uart.o
 .debug_line    0x0000f5e9      0x47a /usr/lib/gcc/arm-none-eabi/14.2.0/../../../../arm-none-eabi/lib/thumb/v7e-m+fp/hard/libc_nano.a(libc_a-mallocr.o)